Archive member included to satisfy reference by file (symbol)

/Users/solderneer/Documents/Projects/EE2028-labs/Lib_CMSISv1p30_LPC17xx/Debug/libCMSISv1p30_LPC17xx.a(system_LPC17xx.o)
                              ./src/main.o (SystemCoreClock)
/Users/solderneer/Documents/Projects/EE2028-labs/Lib_EaBaseBoard/Debug/libLib_EaBaseBoard.a(acc.o)
                              ./src/main.o (acc_init)
/Users/solderneer/Documents/Projects/EE2028-labs/Lib_EaBaseBoard/Debug/libLib_EaBaseBoard.a(led7seg.o)
                              ./src/main.o (led7seg_init)
/Users/solderneer/Documents/Projects/EE2028-labs/Lib_EaBaseBoard/Debug/libLib_EaBaseBoard.a(light.o)
                              ./src/main.o (light_init)
/Users/solderneer/Documents/Projects/EE2028-labs/Lib_EaBaseBoard/Debug/libLib_EaBaseBoard.a(oled.o)
                              ./src/main.o (oled_init)
/Users/solderneer/Documents/Projects/EE2028-labs/Lib_EaBaseBoard/Debug/libLib_EaBaseBoard.a(pca9532.o)
                              ./src/main.o (pca9532_init)
/Users/solderneer/Documents/Projects/EE2028-labs/Lib_EaBaseBoard/Debug/libLib_EaBaseBoard.a(temp.o)
                              ./src/main.o (temp_init)
/Users/solderneer/Documents/Projects/EE2028-labs/Lib_EaBaseBoard/Debug/libLib_EaBaseBoard.a(font5x7.o)
                              /Users/solderneer/Documents/Projects/EE2028-labs/Lib_EaBaseBoard/Debug/libLib_EaBaseBoard.a(oled.o) (font5x7)
/Users/solderneer/Documents/Projects/EE2028-labs/Lib_MCU/Debug/libLib_MCU.a(lpc17xx_gpio.o)
                              ./src/main.o (GPIO_SetDir)
/Users/solderneer/Documents/Projects/EE2028-labs/Lib_MCU/Debug/libLib_MCU.a(lpc17xx_i2c.o)
                              ./src/main.o (I2C_Init)
/Users/solderneer/Documents/Projects/EE2028-labs/Lib_MCU/Debug/libLib_MCU.a(lpc17xx_pinsel.o)
                              ./src/main.o (PINSEL_ConfigPin)
/Users/solderneer/Documents/Projects/EE2028-labs/Lib_MCU/Debug/libLib_MCU.a(lpc17xx_ssp.o)
                              ./src/main.o (SSP_Init)
/Users/solderneer/Documents/Projects/EE2028-labs/Lib_MCU/Debug/libLib_MCU.a(lpc17xx_timer.o)
                              ./src/main.o (TIM_GetIntStatus)
/Users/solderneer/Documents/Projects/EE2028-labs/Lib_MCU/Debug/libLib_MCU.a(lpc17xx_uart.o)
                              ./src/uart.o (UART_TxCmd)
/Users/solderneer/Documents/Projects/EE2028-labs/Lib_MCU/Debug/libLib_MCU.a(lpc17xx_clkpwr.o)
                              /Users/solderneer/Documents/Projects/EE2028-labs/Lib_MCU/Debug/libLib_MCU.a(lpc17xx_i2c.o) (CLKPWR_SetPCLKDiv)
/Applications/lpcxpresso_8.2.2_650/lpcxpresso/tools/bin/../lib/gcc/arm-none-eabi/5.4.1/armv7-m/libgcc.a(_aeabi_uldivmod.o)
                              /Users/solderneer/Documents/Projects/EE2028-labs/Lib_CMSISv1p30_LPC17xx/Debug/libCMSISv1p30_LPC17xx.a(system_LPC17xx.o) (__aeabi_uldivmod)
/Applications/lpcxpresso_8.2.2_650/lpcxpresso/tools/bin/../lib/gcc/arm-none-eabi/5.4.1/armv7-m/libgcc.a(_udivmoddi4.o)
                              /Applications/lpcxpresso_8.2.2_650/lpcxpresso/tools/bin/../lib/gcc/arm-none-eabi/5.4.1/armv7-m/libgcc.a(_aeabi_uldivmod.o) (__udivmoddi4)
/Applications/lpcxpresso_8.2.2_650/lpcxpresso/tools/bin/../lib/gcc/arm-none-eabi/5.4.1/armv7-m/libgcc.a(_dvmd_tls.o)
                              /Applications/lpcxpresso_8.2.2_650/lpcxpresso/tools/bin/../lib/gcc/arm-none-eabi/5.4.1/armv7-m/libgcc.a(_aeabi_uldivmod.o) (__aeabi_ldiv0)
/Applications/lpcxpresso_8.2.2_650/lpcxpresso/tools/bin/../lib/gcc/arm-none-eabi/5.4.1/../../../../arm-none-eabi/lib/armv7-m/libc.a(lib_a-memset.o)
                              /Users/solderneer/Documents/Projects/EE2028-labs/Lib_EaBaseBoard/Debug/libLib_EaBaseBoard.a(oled.o) (memset)
/Applications/lpcxpresso_8.2.2_650/lpcxpresso/tools/bin/../lib/gcc/arm-none-eabi/5.4.1/../../../../arm-none-eabi/lib/armv7-m/libc.a(lib_a-sprintf.o)
                              ./src/main.o (sprintf)
/Applications/lpcxpresso_8.2.2_650/lpcxpresso/tools/bin/../lib/gcc/arm-none-eabi/5.4.1/../../../../arm-none-eabi/lib/armv7-m/libc.a(lib_a-strlen-stub.o)
                              ./src/uart.o (strlen)
/Applications/lpcxpresso_8.2.2_650/lpcxpresso/tools/bin/../lib/gcc/arm-none-eabi/5.4.1/../../../../arm-none-eabi/lib/armv7-m/libc.a(lib_a-svfprintf.o)
                              /Applications/lpcxpresso_8.2.2_650/lpcxpresso/tools/bin/../lib/gcc/arm-none-eabi/5.4.1/../../../../arm-none-eabi/lib/armv7-m/libc.a(lib_a-sprintf.o) (_svfprintf_r)
/Applications/lpcxpresso_8.2.2_650/lpcxpresso/tools/bin/../lib/gcc/arm-none-eabi/5.4.1/../../../../arm-none-eabi/lib/armv7-m/libc.a(lib_a-dtoa.o)
                              /Applications/lpcxpresso_8.2.2_650/lpcxpresso/tools/bin/../lib/gcc/arm-none-eabi/5.4.1/../../../../arm-none-eabi/lib/armv7-m/libc.a(lib_a-svfprintf.o) (_dtoa_r)
/Applications/lpcxpresso_8.2.2_650/lpcxpresso/tools/bin/../lib/gcc/arm-none-eabi/5.4.1/../../../../arm-none-eabi/lib/armv7-m/libc.a(lib_a-impure.o)
[...]
Memory Configuration

Name             Origin             Length             Attributes
MFlash512        0x0000000000000000 0x0000000000080000 xr
RamLoc32         0x0000000010000000 0x0000000000008000 xrw
RamAHB32         0x000000002007c000 0x0000000000008000 xrw
*default*        0x0000000000000000 0xffffffffffffffff

Linker script and memory map

LOAD ./src/cr_startup_lpc17.o
LOAD ./src/main.o
LOAD ./src/uart.o
LOAD /Users/solderneer/Documents/Projects/EE2028-labs/Lib_CMSISv1p30_LPC17xx/Debug/libCMSISv1p30_LPC17xx.a
LOAD /Users/solderneer/Documents/Projects/EE2028-labs/Lib_EaBaseBoard/Debug/libLib_EaBaseBoard.a
LOAD /Users/solderneer/Documents/Projects/EE2028-labs/Lib_MCU/Debug/libLib_MCU.a
START GROUP
LOAD /Applications/lpcxpresso_8.2.2_650/lpcxpresso/tools/bin/../lib/gcc/arm-none-eabi/5.4.1/armv7-m/libgcc.a
LOAD /Applications/lpcxpresso_8.2.2_650/lpcxpresso/tools/bin/../lib/gcc/arm-none-eabi/5.4.1/../../../../arm-none-eabi/lib/armv7-m/libc.a
LOAD /Applications/lpcxpresso_8.2.2_650/lpcxpresso/tools/bin/../lib/gcc/arm-none-eabi/5.4.1/../../../../arm-none-eabi/lib/armv7-m/libm.a
LOAD /Applications/lpcxpresso_8.2.2_650/lpcxpresso/tools/bin/../lib/gcc/arm-none-eabi/5.4.1/../../../../arm-none-eabi/lib/armv7-m/libcr_newlib_semihost.a
END GROUP
                0x0000000000000000                __base_MFlash512 = 0x0
                0x0000000000000000                __base_Flash = 0x0
                0x0000000000080000                __top_MFlash512 = 0x80000
                0x0000000000080000                __top_Flash = 0x80000
                0x0000000010000000                __base_RamLoc32 = 0x10000000
                0x0000000010000000                __base_RAM = 0x10000000
                0x0000000010008000                __top_RamLoc32 = 0x10008000
                0x0000000010008000                __top_RAM = 0x10008000
                0x000000002007c000                __base_RamAHB32 = 0x2007c000
                0x000000002007c000                __base_RAM2 = 0x2007c000
                0x0000000020084000                __top_RamAHB32 = 0x20084000
                0x0000000020084000                __top_RAM2 = 0x20084000

.text           0x0000000000000000     0x9a8c
 FILL mask 0xff
                0x0000000000000000                __vectors_start__ = ABSOLUTE (.)
 *(.isr_vector)
 .isr_vector    0x0000000000000000       0xcc ./src/cr_startup_lpc17.o
                0x0000000000000000                g_pfnVectors
                0x00000000000000cc                . = ALIGN (0x4)
                0x00000000000000cc                __section_table_start = .
                0x00000000000000cc                __data_section_table = .
                0x00000000000000cc        0x4 LONG 0x9a94 LOADADDR (.data)
                0x00000000000000d0        0x4 LONG 0x10000000 ADDR (.data)
                0x00000000000000d4        0x4 LONG 0x8d4 SIZEOF (.data)
                0x00000000000000d8        0x4 LONG 0x9a94 LOADADDR (.data_RAM2)
                0x00000000000000dc        0x4 LONG 0x2007c000 ADDR (.data_RAM2)
                0x00000000000000e0        0x4 LONG 0x0 SIZEOF (.data_RAM2)
                0x00000000000000e4                __data_section_table_end = .
                0x00000000000000e4                __bss_section_table = .
                0x00000000000000e4        0x4 LONG 0x100008d4 ADDR (.bss)
                0x00000000000000e8        0x4 LONG 0x4e0 SIZEOF (.bss)
                0x00000000000000ec        0x4 LONG 0x2007c000 ADDR (.bss_RAM2)
                0x00000000000000f0        0x4 LONG 0x0 SIZEOF (.bss_RAM2)
                0x00000000000000f4                __bss_section_table_end = .
                0x00000000000000f4                __section_table_end = .
 *(.after_vectors*)
 *(.text*)
 .text.ResetISR
                0x00000000000000f4       0x58 ./src/cr_startup_lpc17.o
                0x00000000000000f4                ResetISR
 .text.NMI_Handler
                0x000000000000014c        0x8 ./src/cr_startup_lpc17.o
                0x000000000000014c                NMI_Handler
 .text.HardFault_Handler
                0x0000000000000154        0x8 ./src/cr_startup_lpc17.o
                0x0000000000000154                HardFault_Handler
 .text.MemManage_Handler
                0x000000000000015c        0x8 ./src/cr_startup_lpc17.o
                0x000000000000015c                MemManage_Handler
 .text.BusFault_Handler
                0x0000000000000164        0x8 ./src/cr_startup_lpc17.o
                0x0000000000000164                BusFault_Handler
 .text.UsageFault_Handler
                0x000000000000016c        0x8 ./src/cr_startup_lpc17.o
                0x000000000000016c                UsageFault_Handler
 .text.SVCall_Handler
                0x0000000000000174        0x8 ./src/cr_startup_lpc17.o
                0x0000000000000174                SVCall_Handler
 .text.DebugMon_Handler
                0x000000000000017c        0x8 ./src/cr_startup_lpc17.o
                0x000000000000017c                DebugMon_Handler
 .text.PendSV_Handler
                0x0000000000000184        0x8 ./src/cr_startup_lpc17.o
                0x0000000000000184                PendSV_Handler
 .text.IntDefaultHandler
                0x000000000000018c        0x8 ./src/cr_startup_lpc17.o
                0x000000000000018c                ENET_IRQHandler
                0x000000000000018c                RIT_IRQHandler
                0x000000000000018c                I2C0_IRQHandler
                0x000000000000018c                USBActivity_IRQHandler
                0x000000000000018c                PWM1_IRQHandler
                0x000000000000018c                I2C1_IRQHandler
                0x000000000000018c                EINT2_IRQHandler
                0x000000000000018c                UART1_IRQHandler
                0x000000000000018c                CANActivity_IRQHandler
                0x000000000000018c                TIMER3_IRQHandler
                0x000000000000018c                UART0_IRQHandler
                0x000000000000018c                IntDefaultHandler
                0x000000000000018c                PLL0_IRQHandler
                0x000000000000018c                CAN_IRQHandler
                0x000000000000018c                PLL1_IRQHandler
                0x000000000000018c                SSP0_IRQHandler
                0x000000000000018c                I2S_IRQHandler
                0x000000000000018c                I2C2_IRQHandler
                0x000000000000018c                RTC_IRQHandler
                0x000000000000018c                SPI_IRQHandler
                0x000000000000018c                EINT1_IRQHandler
                0x000000000000018c                TIMER1_IRQHandler
                0x000000000000018c                UART2_IRQHandler
                0x000000000000018c                ADC_IRQHandler
                0x000000000000018c                SSP1_IRQHandler
                0x000000000000018c                USB_IRQHandler
                0x000000000000018c                BOD_IRQHandler
                0x000000000000018c                WDT_IRQHandler
                0x000000000000018c                QEI_IRQHandler
                0x000000000000018c                EINT0_IRQHandler
                0x000000000000018c                DMA_IRQHandler
                0x000000000000018c                MCPWM_IRQHandler
                0x000000000000018c                TIMER2_IRQHandler
 .text.NVIC_EnableIRQ
                0x0000000000000194       0x30 ./src/main.o
 .text.NVIC_SetPriority
                0x00000000000001c4       0x54 ./src/main.o
 .text.SysTick_Config
                0x0000000000000218       0x44 ./src/main.o
 .text.main     0x000000000000025c      0x8e0 ./src/main.o
                0x000000000000025c                main
 .text.get_ticks
                0x0000000000000b3c       0x14 ./src/main.o
                0x0000000000000b3c                get_ticks
 .text.systick_delay
                0x0000000000000b50       0x2c ./src/main.o
 .text.init_i2c
                0x0000000000000b7c       0x48 ./src/main.o
 .text.init_ssp
                0x0000000000000bc4       0x78 ./src/main.o
 .text.init_gpio
                0x0000000000000c3c       0x70 ./src/main.o
 .text.init_timer0
                0x0000000000000cac       0x50 ./src/main.o
 .text.bar_light
                0x0000000000000cfc       0x64 ./src/main.o
 .text.toggle_blueled
                0x0000000000000d60       0x34 ./src/main.o
 .text.toggle_redled
                0x0000000000000d94       0x3c ./src/main.o
 .text.SquareRootRounded
                0x0000000000000dd0       0x78 ./src/main.o
                0x0000000000000dd0                SquareRootRounded
 .text.SysTick_Handler
                0x0000000000000e48       0x1c ./src/main.o
                0x0000000000000e48                SysTick_Handler
 .text.EINT3_IRQHandler
                0x0000000000000e64       0x30 ./src/main.o
                0x0000000000000e64                EINT3_IRQHandler
 .text.TIMER0_IRQHandler
                0x0000000000000e94       0x7c ./src/main.o
                0x0000000000000e94                TIMER0_IRQHandler
 .text.check_failed
                0x0000000000000f10        0xc ./src/main.o
                0x0000000000000f10                check_failed
 .text.NVIC_EnableIRQ
                0x0000000000000f1c       0x30 ./src/uart.o
 .text.NVIC_SetPriority
                0x0000000000000f4c       0x54 ./src/uart.o
 .text.UART3_IRQHandler
                0x0000000000000fa0        0xc ./src/uart.o
                0x0000000000000fa0                UART3_IRQHandler
 .text.UART_IntTransmit
                0x0000000000000fac       0x9c ./src/uart.o
                0x0000000000000fac                UART_IntTransmit
 .text.send_uart
                0x0000000000001048       0x88 ./src/uart.o
                0x0000000000001048                send_uart
 .text.send_uartstring
                0x00000000000010d0       0x28 ./src/uart.o
                0x00000000000010d0                send_uartstring
 .text.init_uart
                0x00000000000010f8       0xac ./src/uart.o
                0x00000000000010f8                init_uart
 .text.SystemInit
                0x00000000000011a4      0x140 /Users/solderneer/Documents/Projects/EE2028-labs/Lib_CMSISv1p30_LPC17xx/Debug/libCMSISv1p30_LPC17xx.a(system_LPC17xx.o)
                0x00000000000011a4                SystemInit
 .text.I2CRead  0x00000000000012e4       0x50 /Users/solderneer/Documents/Projects/EE2028-labs/Lib_EaBaseBoard/Debug/libLib_EaBaseBoard.a(acc.o)
 .text.I2CWrite
                0x0000000000001334       0x50 /Users/solderneer/Documents/Projects/EE2028-labs/Lib_EaBaseBoard/Debug/libLib_EaBaseBoard.a(acc.o)
 .text.getStatus
                0x0000000000001384       0x2c /Users/solderneer/Documents/Projects/EE2028-labs/Lib_EaBaseBoard/Debug/libLib_EaBaseBoard.a(acc.o)
 .text.setModeControl
                0x00000000000013b0       0x28 /Users/solderneer/Documents/Projects/EE2028-labs/Lib_EaBaseBoard/Debug/libLib_EaBaseBoard.a(acc.o)
 .text.acc_init
                0x00000000000013d8       0x10 /Users/solderneer/Documents/Projects/EE2028-labs/Lib_EaBaseBoard/Debug/libLib_EaBaseBoard.a(acc.o)
                0x00000000000013d8                acc_init
 .text.acc_read
                0x00000000000013e8       0x9c /Users/solderneer/Documents/Projects/EE2028-labs/Lib_EaBaseBoard/Debug/libLib_EaBaseBoard.a(acc.o)
                0x00000000000013e8                acc_read
 .text.led7seg_init
                0x0000000000001484       0x1c /Users/solderneer/Documents/Projects/EE2028-labs/Lib_EaBaseBoard/Debug/libLib_EaBaseBoard.a(led7seg.o)
                0x0000000000001484                led7seg_init
 .text.led7seg_setChar
                0x00000000000014a0       0x74 /Users/solderneer/Documents/Projects/EE2028-labs/Lib_EaBaseBoard/Debug/libLib_EaBaseBoard.a(led7seg.o)
                0x00000000000014a0                led7seg_setChar
 .text.I2CRead  0x0000000000001514       0x50 /Users/solderneer/Documents/Projects/EE2028-labs/Lib_EaBaseBoard/Debug/libLib_EaBaseBoard.a(light.o)
 .text.I2CWrite
                0x0000000000001564       0x50 /Users/solderneer/Documents/Projects/EE2028-labs/Lib_EaBaseBoard/Debug/libLib_EaBaseBoard.a(light.o)
 .text.light_init
                0x00000000000015b4        0xc /Users/solderneer/Documents/Projects/EE2028-labs/Lib_EaBaseBoard/Debug/libLib_EaBaseBoard.a(light.o)
                0x00000000000015b4                light_init
 .text.light_enable
                0x00000000000015c0       0x3c /Users/solderneer/Documents/Projects/EE2028-labs/Lib_EaBaseBoard/Debug/libLib_EaBaseBoard.a(light.o)
                0x00000000000015c0                light_enable
 .text.light_read
                0x00000000000015fc       0x74 /Users/solderneer/Documents/Projects/EE2028-labs/Lib_EaBaseBoard/Debug/libLib_EaBaseBoard.a(light.o)
                0x00000000000015fc                light_read
 .text.writeCommand
                0x0000000000001670       0x48 /Users/solderneer/Documents/Projects/EE2028-labs/Lib_EaBaseBoard/Debug/libLib_EaBaseBoard.a(oled.o)
 .text.writeData
                0x00000000000016b8       0x48 /Users/solderneer/Documents/Projects/EE2028-labs/Lib_EaBaseBoard/Debug/libLib_EaBaseBoard.a(oled.o)
 .text.writeDataLen
                0x0000000000001700       0x78 /Users/solderneer/Documents/Projects/EE2028-labs/Lib_EaBaseBoard/Debug/libLib_EaBaseBoard.a(oled.o)
 .text.runInitSequence
                0x0000000000001778       0xd4 /Users/solderneer/Documents/Projects/EE2028-labs/Lib_EaBaseBoard/Debug/libLib_EaBaseBoard.a(oled.o)
 .text.oled_init
                0x000000000000184c       0x74 /Users/solderneer/Documents/Projects/EE2028-labs/Lib_EaBaseBoard/Debug/libLib_EaBaseBoard.a(oled.o)
                0x000000000000184c                oled_init
 .text.oled_putPixel
                0x00000000000018c0      0x150 /Users/solderneer/Documents/Projects/EE2028-labs/Lib_EaBaseBoard/Debug/libLib_EaBaseBoard.a(oled.o)
                0x00000000000018c0                oled_putPixel
 .text.oled_clearScreen
                0x0000000000001a10       0x64 /Users/solderneer/Documents/Projects/EE2028-labs/Lib_EaBaseBoard/Debug/libLib_EaBaseBoard.a(oled.o)
                0x0000000000001a10                oled_clearScreen
 .text.oled_putChar
                0x0000000000001a74       0xd8 /Users/solderneer/Documents/Projects/EE2028-labs/Lib_EaBaseBoard/Debug/libLib_EaBaseBoard.a(oled.o)
                0x0000000000001a74                oled_putChar
 .text.oled_putString
                0x0000000000001b4c       0x54 /Users/solderneer/Documents/Projects/EE2028-labs/Lib_EaBaseBoard/Debug/libLib_EaBaseBoard.a(oled.o)
                0x0000000000001b4c                oled_putString
 .text.I2CWrite
                0x0000000000001ba0       0x50 /Users/solderneer/Documents/Projects/EE2028-labs/Lib_EaBaseBoard/Debug/libLib_EaBaseBoard.a(pca9532.o)
 .text.setLsStates
                0x0000000000001bf0       0xcc /Users/solderneer/Documents/Projects/EE2028-labs/Lib_EaBaseBoard/Debug/libLib_EaBaseBoard.a(pca9532.o)
 .text.setLeds  0x0000000000001cbc       0x70 /Users/solderneer/Documents/Projects/EE2028-labs/Lib_EaBaseBoard/Debug/libLib_EaBaseBoard.a(pca9532.o)
 .text.pca9532_init
                0x0000000000001d2c        0xc /Users/solderneer/Documents/Projects/EE2028-labs/Lib_EaBaseBoard/Debug/libLib_EaBaseBoard.a(pca9532.o)
                0x0000000000001d2c                pca9532_init
 .text.pca9532_setLeds
                0x0000000000001d38       0x80 /Users/solderneer/Documents/Projects/EE2028-labs/Lib_EaBaseBoard/Debug/libLib_EaBaseBoard.a(pca9532.o)
                0x0000000000001d38                pca9532_setLeds
 .text.temp_init
                0x0000000000001db8       0x24 /Users/solderneer/Documents/Projects/EE2028-labs/Lib_EaBaseBoard/Debug/libLib_EaBaseBoard.a(temp.o)
                0x0000000000001db8                temp_init
 .text.temp_read
                0x0000000000001ddc       0xf0 /Users/solderneer/Documents/Projects/EE2028-labs/Lib_EaBaseBoard/Debug/libLib_EaBaseBoard.a(temp.o)
                0x0000000000001ddc                temp_read
 .text.GPIO_GetPointer
                0x0000000000001ecc       0x70 /Users/solderneer/Documents/Projects/EE2028-labs/Lib_MCU/Debug/libLib_MCU.a(lpc17xx_gpio.o)
 .text.GPIO_SetDir
                0x0000000000001f3c       0x4c /Users/solderneer/Documents/Projects/EE2028-labs/Lib_MCU/Debug/libLib_MCU.a(lpc17xx_gpio.o)
                0x0000000000001f3c                GPIO_SetDir
 .text.GPIO_SetValue
                0x0000000000001f88       0x2c /Users/solderneer/Documents/Projects/EE2028-labs/Lib_MCU/Debug/libLib_MCU.a(lpc17xx_gpio.o)
                0x0000000000001f88                GPIO_SetValue
 .text.GPIO_ClearValue
                0x0000000000001fb4       0x2c /Users/solderneer/Documents/Projects/EE2028-labs/Lib_MCU/Debug/libLib_MCU.a(lpc17xx_gpio.o)
                0x0000000000001fb4                GPIO_ClearValue
 .text.GPIO_ReadValue
                0x0000000000001fe0       0x2c /Users/solderneer/Documents/Projects/EE2028-labs/Lib_MCU/Debug/libLib_MCU.a(lpc17xx_gpio.o)
                0x0000000000001fe0                GPIO_ReadValue
 .text.NVIC_EnableIRQ
                0x000000000000200c       0x30 /Users/solderneer/Documents/Projects/EE2028-labs/Lib_MCU/Debug/libLib_MCU.a(lpc17xx_i2c.o)
 .text.NVIC_DisableIRQ
                0x000000000000203c       0x34 /Users/solderneer/Documents/Projects/EE2028-labs/Lib_MCU/Debug/libLib_MCU.a(lpc17xx_i2c.o)
 .text.I2C_getNum
                0x0000000000002070       0x48 /Users/solderneer/Documents/Projects/EE2028-labs/Lib_MCU/Debug/libLib_MCU.a(lpc17xx_i2c.o)
 .text.I2C_Start
                0x00000000000020b8       0x3c /Users/solderneer/Documents/Projects/EE2028-labs/Lib_MCU/Debug/libLib_MCU.a(lpc17xx_i2c.o)
 .text.I2C_Stop
                0x00000000000020f4       0x30 /Users/solderneer/Documents/Projects/EE2028-labs/Lib_MCU/Debug/libLib_MCU.a(lpc17xx_i2c.o)
 .text.I2C_SendByte
                0x0000000000002124       0x4c /Users/solderneer/Documents/Projects/EE2028-labs/Lib_MCU/Debug/libLib_MCU.a(lpc17xx_i2c.o)
 .text.I2C_GetByte
                0x0000000000002170       0x54 /Users/solderneer/Documents/Projects/EE2028-labs/Lib_MCU/Debug/libLib_MCU.a(lpc17xx_i2c.o)
 .text.I2C_IntCmd
                0x00000000000021c4       0x88 /Users/solderneer/Documents/Projects/EE2028-labs/Lib_MCU/Debug/libLib_MCU.a(lpc17xx_i2c.o)
                0x00000000000021c4                I2C_IntCmd
 .text.I2C_MasterHandler
                0x000000000000224c      0x3a0 /Users/solderneer/Documents/Projects/EE2028-labs/Lib_MCU/Debug/libLib_MCU.a(lpc17xx_i2c.o)
                0x000000000000224c                I2C_MasterHandler
 .text.I2C_SetClock
                0x00000000000025ec       0xa4 /Users/solderneer/Documents/Projects/EE2028-labs/Lib_MCU/Debug/libLib_MCU.a(lpc17xx_i2c.o)
                0x00000000000025ec                I2C_SetClock
 .text.I2C_Init
                0x0000000000002690       0xa4 /Users/solderneer/Documents/Projects/EE2028-labs/Lib_MCU/Debug/libLib_MCU.a(lpc17xx_i2c.o)
                0x0000000000002690                I2C_Init
 .text.I2C_Cmd  0x0000000000002734       0x70 /Users/solderneer/Documents/Projects/EE2028-labs/Lib_MCU/Debug/libLib_MCU.a(lpc17xx_i2c.o)
                0x0000000000002734                I2C_Cmd
 .text.I2C_MasterTransferData
                0x00000000000027a4      0x2f8 /Users/solderneer/Documents/Projects/EE2028-labs/Lib_MCU/Debug/libLib_MCU.a(lpc17xx_i2c.o)
                0x00000000000027a4                I2C_MasterTransferData
 .text.PINSEL_SetPinFunc
                0x0000000000002a9c       0x84 /Users/solderneer/Documents/Projects/EE2028-labs/Lib_MCU/Debug/libLib_MCU.a(lpc17xx_pinsel.o)
                0x0000000000002a9c                PINSEL_SetPinFunc
 .text.PINSEL_SetResistorMode
                0x0000000000002b20       0x84 /Users/solderneer/Documents/Projects/EE2028-labs/Lib_MCU/Debug/libLib_MCU.a(lpc17xx_pinsel.o)
                0x0000000000002b20                PINSEL_SetResistorMode
 .text.PINSEL_SetOpenDrainMode
                0x0000000000002ba4       0x6c /Users/solderneer/Documents/Projects/EE2028-labs/Lib_MCU/Debug/libLib_MCU.a(lpc17xx_pinsel.o)
                0x0000000000002ba4                PINSEL_SetOpenDrainMode
 .text.PINSEL_ConfigPin
                0x0000000000002c10       0x48 /Users/solderneer/Documents/Projects/EE2028-labs/Lib_MCU/Debug/libLib_MCU.a(lpc17xx_pinsel.o)
                0x0000000000002c10                PINSEL_ConfigPin
 .text.SSP_getNum
                0x0000000000002c58       0x38 /Users/solderneer/Documents/Projects/EE2028-labs/Lib_MCU/Debug/libLib_MCU.a(lpc17xx_ssp.o)
 .text.SSP_IntHandler
                0x0000000000002c90      0x2cc /Users/solderneer/Documents/Projects/EE2028-labs/Lib_MCU/Debug/libLib_MCU.a(lpc17xx_ssp.o)
                0x0000000000002c90                SSP_IntHandler
 .text.SSP_SetClock
                0x0000000000002f5c       0xc4 /Users/solderneer/Documents/Projects/EE2028-labs/Lib_MCU/Debug/libLib_MCU.a(lpc17xx_ssp.o)
                0x0000000000002f5c                SSP_SetClock
 .text.SSP_Init
                0x0000000000003020       0xd8 /Users/solderneer/Documents/Projects/EE2028-labs/Lib_MCU/Debug/libLib_MCU.a(lpc17xx_ssp.o)
                0x0000000000003020                SSP_Init
 .text.SSP_ConfigStructInit
                0x00000000000030f8       0x3c /Users/solderneer/Documents/Projects/EE2028-labs/Lib_MCU/Debug/libLib_MCU.a(lpc17xx_ssp.o)
                0x00000000000030f8                SSP_ConfigStructInit
 .text.SSP_Cmd  0x0000000000003134       0x70 /Users/solderneer/Documents/Projects/EE2028-labs/Lib_MCU/Debug/libLib_MCU.a(lpc17xx_ssp.o)
                0x0000000000003134                SSP_Cmd
 .text.SSP_SendData
                0x00000000000031a4       0x40 /Users/solderneer/Documents/Projects/EE2028-labs/Lib_MCU/Debug/libLib_MCU.a(lpc17xx_ssp.o)
                0x00000000000031a4                SSP_SendData
 .text.SSP_ReceiveData
                0x00000000000031e4       0x3c /Users/solderneer/Documents/Projects/EE2028-labs/Lib_MCU/Debug/libLib_MCU.a(lpc17xx_ssp.o)
                0x00000000000031e4                SSP_ReceiveData
 .text.SSP_ReadWrite
                0x0000000000003220      0x3c0 /Users/solderneer/Documents/Projects/EE2028-labs/Lib_MCU/Debug/libLib_MCU.a(lpc17xx_ssp.o)
                0x0000000000003220                SSP_ReadWrite
 .text.TIM_GetPClock
                0x00000000000035e0       0x58 /Users/solderneer/Documents/Projects/EE2028-labs/Lib_MCU/Debug/libLib_MCU.a(lpc17xx_timer.o)
                0x00000000000035e0                TIM_GetPClock
 .text.TIM_ConverUSecToVal
                0x0000000000003638       0x58 /Users/solderneer/Documents/Projects/EE2028-labs/Lib_MCU/Debug/libLib_MCU.a(lpc17xx_timer.o)
                0x0000000000003638                TIM_ConverUSecToVal
 .text.TIM_ConverPtrToTimeNum
                0x0000000000003690       0x5c /Users/solderneer/Documents/Projects/EE2028-labs/Lib_MCU/Debug/libLib_MCU.a(lpc17xx_timer.o)
                0x0000000000003690                TIM_ConverPtrToTimeNum
 .text.TIM_GetIntStatus
                0x00000000000036ec       0x98 /Users/solderneer/Documents/Projects/EE2028-labs/Lib_MCU/Debug/libLib_MCU.a(lpc17xx_timer.o)
                0x00000000000036ec                TIM_GetIntStatus
 .text.TIM_ClearIntPending
                0x0000000000003784       0x8c /Users/solderneer/Documents/Projects/EE2028-labs/Lib_MCU/Debug/libLib_MCU.a(lpc17xx_timer.o)
                0x0000000000003784                TIM_ClearIntPending
 .text.TIM_Init
                0x0000000000003810      0x170 /Users/solderneer/Documents/Projects/EE2028-labs/Lib_MCU/Debug/libLib_MCU.a(lpc17xx_timer.o)
                0x0000000000003810                TIM_Init
 .text.TIM_Cmd  0x0000000000003980       0x70 /Users/solderneer/Documents/Projects/EE2028-labs/Lib_MCU/Debug/libLib_MCU.a(lpc17xx_timer.o)
                0x0000000000003980                TIM_Cmd
 .text.TIM_ConfigMatch
                0x00000000000039f0      0x15c /Users/solderneer/Documents/Projects/EE2028-labs/Lib_MCU/Debug/libLib_MCU.a(lpc17xx_timer.o)
                0x00000000000039f0                TIM_ConfigMatch
 .text.getUartNum
                0x0000000000003b4c       0x44 /Users/solderneer/Documents/Projects/EE2028-labs/Lib_MCU/Debug/libLib_MCU.a(lpc17xx_uart.o)
                0x0000000000003b4c                getUartNum
 .text.uart_set_divisors
                0x0000000000003b90      0x218 /Users/solderneer/Documents/Projects/EE2028-labs/Lib_MCU/Debug/libLib_MCU.a(lpc17xx_uart.o)
                0x0000000000003b90                uart_set_divisors
 .text.UART_GenIntHandler
                0x0000000000003da8      0x168 /Users/solderneer/Documents/Projects/EE2028-labs/Lib_MCU/Debug/libLib_MCU.a(lpc17xx_uart.o)
                0x0000000000003da8                UART_GenIntHandler
 .text.UART_Init
                0x0000000000003f10      0x2ec /Users/solderneer/Documents/Projects/EE2028-labs/Lib_MCU/Debug/libLib_MCU.a(lpc17xx_uart.o)
                0x0000000000003f10                UART_Init
 .text.UART_ConfigStructInit
                0x00000000000041fc       0x2c /Users/solderneer/Documents/Projects/EE2028-labs/Lib_MCU/Debug/libLib_MCU.a(lpc17xx_uart.o)
                0x00000000000041fc                UART_ConfigStructInit
 .text.UART_SendData
                0x0000000000004228       0x68 /Users/solderneer/Documents/Projects/EE2028-labs/Lib_MCU/Debug/libLib_MCU.a(lpc17xx_uart.o)
                0x0000000000004228                UART_SendData
 .text.UART_IntConfig
                0x0000000000004290      0x184 /Users/solderneer/Documents/Projects/EE2028-labs/Lib_MCU/Debug/libLib_MCU.a(lpc17xx_uart.o)
                0x0000000000004290                UART_IntConfig
 .text.UART_CheckBusy
                0x0000000000004414       0x28 /Users/solderneer/Documents/Projects/EE2028-labs/Lib_MCU/Debug/libLib_MCU.a(lpc17xx_uart.o)
                0x0000000000004414                UART_CheckBusy
 .text.UART_FIFOConfig
                0x000000000000443c      0x158 /Users/solderneer/Documents/Projects/EE2028-labs/Lib_MCU/Debug/libLib_MCU.a(lpc17xx_uart.o)
                0x000000000000443c                UART_FIFOConfig
 .text.UART_FIFOConfigStructInit
                0x0000000000004594       0x2c /Users/solderneer/Documents/Projects/EE2028-labs/Lib_MCU/Debug/libLib_MCU.a(lpc17xx_uart.o)
                0x0000000000004594                UART_FIFOConfigStructInit
 .text.UART_TxCmd
                0x00000000000045c0       0xc8 /Users/solderneer/Documents/Projects/EE2028-labs/Lib_MCU/Debug/libLib_MCU.a(lpc17xx_uart.o)
                0x00000000000045c0                UART_TxCmd
 .text.UART_Send
                0x0000000000004688       0xec /Users/solderneer/Documents/Projects/EE2028-labs/Lib_MCU/Debug/libLib_MCU.a(lpc17xx_uart.o)
                0x0000000000004688                UART_Send
 .text.UART_SetupCbs
                0x0000000000004774       0x90 /Users/solderneer/Documents/Projects/EE2028-labs/Lib_MCU/Debug/libLib_MCU.a(lpc17xx_uart.o)
                0x0000000000004774                UART_SetupCbs
 .text.UART3_StdIntHandler
                0x0000000000004804       0x14 /Users/solderneer/Documents/Projects/EE2028-labs/Lib_MCU/Debug/libLib_MCU.a(lpc17xx_uart.o)
                0x0000000000004804                UART3_StdIntHandler
 .text.CLKPWR_SetPCLKDiv
                0x0000000000004818       0x8c /Users/solderneer/Documents/Projects/EE2028-labs/Lib_MCU/Debug/libLib_MCU.a(lpc17xx_clkpwr.o)
                0x0000000000004818                CLKPWR_SetPCLKDiv
 .text.CLKPWR_GetPCLKSEL
                0x00000000000048a4       0x48 /Users/solderneer/Documents/Projects/EE2028-labs/Lib_MCU/Debug/libLib_MCU.a(lpc17xx_clkpwr.o)
                0x00000000000048a4                CLKPWR_GetPCLKSEL
 .text.CLKPWR_GetPCLK
                0x00000000000048ec       0x64 /Users/solderneer/Documents/Projects/EE2028-labs/Lib_MCU/Debug/libLib_MCU.a(lpc17xx_clkpwr.o)
                0x00000000000048ec                CLKPWR_GetPCLK
 .text.CLKPWR_ConfigPPWR
                0x0000000000004950       0x58 /Users/solderneer/Documents/Projects/EE2028-labs/Lib_MCU/Debug/libLib_MCU.a(lpc17xx_clkpwr.o)
                0x0000000000004950                CLKPWR_ConfigPPWR
 .text          0x00000000000049a8       0x30 /Applications/lpcxpresso_8.2.2_650/lpcxpresso/tools/bin/../lib/gcc/arm-none-eabi/5.4.1/armv7-m/libgcc.a(_aeabi_uldivmod.o)
                0x00000000000049a8                __aeabi_uldivmod
 .text          0x00000000000049d8      0x2ec /Applications/lpcxpresso_8.2.2_650/lpcxpresso/tools/bin/../lib/gcc/arm-none-eabi/5.4.1/armv7-m/libgcc.a(_udivmoddi4.o)
                0x00000000000049d8                __udivmoddi4
 .text          0x0000000000004cc4        0x4 /Applications/lpcxpresso_8.2.2_650/lpcxpresso/tools/bin/../lib/gcc/arm-none-eabi/5.4.1/armv7-m/libgcc.a(_dvmd_tls.o)
                0x0000000000004cc4                __aeabi_ldiv0
                0x0000000000004cc4                __aeabi_idiv0
 .text.memset   0x0000000000004cc8       0x9c /Applications/lpcxpresso_8.2.2_650/lpcxpresso/tools/bin/../lib/gcc/arm-none-eabi/5.4.1/../../../../arm-none-eabi/lib/armv7-m/libc.a(lib_a-memset.o)
                0x0000000000004cc8                memset
 .text.sprintf  0x0000000000004d64       0x4c /Applications/lpcxpresso_8.2.2_650/lpcxpresso/tools/bin/../lib/gcc/arm-none-eabi/5.4.1/../../../../arm-none-eabi/lib/armv7-m/libc.a(lib_a-sprintf.o)
                0x0000000000004d64                sprintf
 .text.strlen   0x0000000000004db0       0x5c /Applications/lpcxpresso_8.2.2_650/lpcxpresso/tools/bin/../lib/gcc/arm-none-eabi/5.4.1/../../../../arm-none-eabi/lib/armv7-m/libc.a(lib_a-strlen-stub.o)
                0x0000000000004db0                strlen
 .text._svfprintf_r
                0x0000000000004e0c     0x175c /Applications/lpcxpresso_8.2.2_650/lpcxpresso/tools/bin/../lib/gcc/arm-none-eabi/5.4.1/../../../../arm-none-eabi/lib/armv7-m/libc.a(lib_a-svfprintf.o)
                0x0000000000004e0c                _svfprintf_r
 .text.quorem   0x0000000000006568      0x12c /Applications/lpcxpresso_8.2.2_650/lpcxpresso/tools/bin/../lib/gcc/arm-none-eabi/5.4.1/../../../../arm-none-eabi/lib/armv7-m/libc.a(lib_a-dtoa.o)
 *fill*         0x0000000000006694        0x4 ff
 .text._dtoa_r  0x0000000000006698      0xe4c /Applications/lpcxpresso_8.2.2_650/lpcxpresso/tools/bin/../lib/gcc/arm-none-eabi/5.4.1/../../../../arm-none-eabi/lib/armv7-m/libc.a(lib_a-dtoa.o)
                0x0000000000006698                _dtoa_r
 .text._localeconv_r
                0x00000000000074e4        0x8 /Applications/lpcxpresso_8.2.2_650/lpcxpresso/tools/bin/../lib/gcc/arm-none-eabi/5.4.1/../../../../arm-none-eabi/lib/armv7-m/libc.a(lib_a-locale.o)
                0x00000000000074e4                _localeconv_r
 .text._malloc_r
                0x00000000000074ec      0x558 /Applications/lpcxpresso_8.2.2_650/lpcxpresso/tools/bin/../lib/gcc/arm-none-eabi/5.4.1/../../../../arm-none-eabi/lib/armv7-m/libc.a(lib_a-mallocr.o)
                0x00000000000074ec                _malloc_r
 .text.memchr   0x0000000000007a44       0x8c /Applications/lpcxpresso_8.2.2_650/lpcxpresso/tools/bin/../lib/gcc/arm-none-eabi/5.4.1/../../../../arm-none-eabi/lib/armv7-m/libc.a(lib_a-memchr-stub.o)
                0x0000000000007a44                memchr
 .text          0x0000000000007ad0       0xec /Applications/lpcxpresso_8.2.2_650/lpcxpresso/tools/bin/../lib/gcc/arm-none-eabi/5.4.1/../../../../arm-none-eabi/lib/armv7-m/libc.a(lib_a-memcpy.o)
                0x0000000000007ad0                memcpy
 .text.__malloc_lock
                0x0000000000007bbc        0x4 /Applications/lpcxpresso_8.2.2_650/lpcxpresso/tools/bin/../lib/gcc/arm-none-eabi/5.4.1/../../../../arm-none-eabi/lib/armv7-m/libc.a(lib_a-mlock.o)
                0x0000000000007bbc                __malloc_lock
 .text.__malloc_unlock
                0x0000000000007bc0        0x4 /Applications/lpcxpresso_8.2.2_650/lpcxpresso/tools/bin/../lib/gcc/arm-none-eabi/5.4.1/../../../../arm-none-eabi/lib/armv7-m/libc.a(lib_a-mlock.o)
                0x0000000000007bc0                __malloc_unlock
 .text._Balloc  0x0000000000007bc4       0x50 /Applications/lpcxpresso_8.2.2_650/lpcxpresso/tools/bin/../lib/gcc/arm-none-eabi/5.4.1/../../../../arm-none-eabi/lib/armv7-m/libc.a(lib_a-mprec.o)
                0x0000000000007bc4                _Balloc
 .text._Bfree   0x0000000000007c14       0x14 /Applications/lpcxpresso_8.2.2_650/lpcxpresso/tools/bin/../lib/gcc/arm-none-eabi/5.4.1/../../../../arm-none-eabi/lib/armv7-m/libc.a(lib_a-mprec.o)
                0x0000000000007c14                _Bfree
 .text.__multadd
                0x0000000000007c28       0x80 /Applications/lpcxpresso_8.2.2_650/lpcxpresso/tools/bin/../lib/gcc/arm-none-eabi/5.4.1/../../../../arm-none-eabi/lib/armv7-m/libc.a(lib_a-mprec.o)
                0x0000000000007c28                __multadd
 .text.__hi0bits
                0x0000000000007ca8       0x40 /Applications/lpcxpresso_8.2.2_650/lpcxpresso/tools/bin/../lib/gcc/arm-none-eabi/5.4.1/../../../../arm-none-eabi/lib/armv7-m/libc.a(lib_a-mprec.o)
                0x0000000000007ca8                __hi0bits
 .text.__lo0bits
                0x0000000000007ce8       0x5c /Applications/lpcxpresso_8.2.2_650/lpcxpresso/tools/bin/../lib/gcc/arm-none-eabi/5.4.1/../../../../arm-none-eabi/lib/armv7-m/libc.a(lib_a-mprec.o)
                0x0000000000007ce8                __lo0bits
 .text.__i2b    0x0000000000007d44       0x14 /Applications/lpcxpresso_8.2.2_650/lpcxpresso/tools/bin/../lib/gcc/arm-none-eabi/5.4.1/../../../../arm-none-eabi/lib/armv7-m/libc.a(lib_a-mprec.o)
                0x0000000000007d44                __i2b
 .text.__multiply
                0x0000000000007d58      0x13c /Applications/lpcxpresso_8.2.2_650/lpcxpresso/tools/bin/../lib/gcc/arm-none-eabi/5.4.1/../../../../arm-none-eabi/lib/armv7-m/libc.a(lib_a-mprec.o)
                0x0000000000007d58                __multiply
 .text.__pow5mult
                0x0000000000007e94       0xa0 /Applications/lpcxpresso_8.2.2_650/lpcxpresso/tools/bin/../lib/gcc/arm-none-eabi/5.4.1/../../../../arm-none-eabi/lib/armv7-m/libc.a(lib_a-mprec.o)
                0x0000000000007e94                __pow5mult
 .text.__lshift
                0x0000000000007f34       0xac /Applications/lpcxpresso_8.2.2_650/lpcxpresso/tools/bin/../lib/gcc/arm-none-eabi/5.4.1/../../../../arm-none-eabi/lib/armv7-m/libc.a(lib_a-mprec.o)
                0x0000000000007f34                __lshift
 .text.__mcmp   0x0000000000007fe0       0x40 /Applications/lpcxpresso_8.2.2_650/lpcxpresso/tools/bin/../lib/gcc/arm-none-eabi/5.4.1/../../../../arm-none-eabi/lib/armv7-m/libc.a(lib_a-mprec.o)
                0x0000000000007fe0                __mcmp
 .text.__mdiff  0x0000000000008020      0x128 /Applications/lpcxpresso_8.2.2_650/lpcxpresso/tools/bin/../lib/gcc/arm-none-eabi/5.4.1/../../../../arm-none-eabi/lib/armv7-m/libc.a(lib_a-mprec.o)
                0x0000000000008020                __mdiff
 .text.__d2b    0x0000000000008148       0xa8 /Applications/lpcxpresso_8.2.2_650/lpcxpresso/tools/bin/../lib/gcc/arm-none-eabi/5.4.1/../../../../arm-none-eabi/lib/armv7-m/libc.a(lib_a-mprec.o)
                0x0000000000008148                __d2b
 .text._sbrk_r  0x00000000000081f0       0x24 /Applications/lpcxpresso_8.2.2_650/lpcxpresso/tools/bin/../lib/gcc/arm-none-eabi/5.4.1/../../../../arm-none-eabi/lib/armv7-m/libc.a(lib_a-sbrkr.o)
                0x00000000000081f0                _sbrk_r
 .text.__ssprint_r
                0x0000000000008214      0x100 /Applications/lpcxpresso_8.2.2_650/lpcxpresso/tools/bin/../lib/gcc/arm-none-eabi/5.4.1/../../../../arm-none-eabi/lib/armv7-m/libc.a(lib_a-svfiprintf.o)
                0x0000000000008214                __ssprint_r
 .text._calloc_r
                0x0000000000008314       0x60 /Applications/lpcxpresso_8.2.2_650/lpcxpresso/tools/bin/../lib/gcc/arm-none-eabi/5.4.1/../../../../arm-none-eabi/lib/armv7-m/libc.a(lib_a-callocr.o)
                0x0000000000008314                _calloc_r
 .text._malloc_trim_r
                0x0000000000008374       0x9c /Applications/lpcxpresso_8.2.2_650/lpcxpresso/tools/bin/../lib/gcc/arm-none-eabi/5.4.1/../../../../arm-none-eabi/lib/armv7-m/libc.a(lib_a-freer.o)
                0x0000000000008374                _malloc_trim_r
 .text._free_r  0x0000000000008410      0x1d0 /Applications/lpcxpresso_8.2.2_650/lpcxpresso/tools/bin/../lib/gcc/arm-none-eabi/5.4.1/../../../../arm-none-eabi/lib/armv7-m/libc.a(lib_a-freer.o)
                0x0000000000008410                _free_r
 .text.memmove  0x00000000000085e0       0xc8 /Applications/lpcxpresso_8.2.2_650/lpcxpresso/tools/bin/../lib/gcc/arm-none-eabi/5.4.1/../../../../arm-none-eabi/lib/armv7-m/libc.a(lib_a-memmove.o)
                0x00000000000085e0                memmove
 .text._realloc_r
                0x00000000000086a8      0x3d4 /Applications/lpcxpresso_8.2.2_650/lpcxpresso/tools/bin/../lib/gcc/arm-none-eabi/5.4.1/../../../../arm-none-eabi/lib/armv7-m/libc.a(lib_a-reallocr.o)
                0x00000000000086a8                _realloc_r
 .text._sbrk    0x0000000000008a7c       0x3c /Applications/lpcxpresso_8.2.2_650/lpcxpresso/tools/bin/../lib/gcc/arm-none-eabi/5.4.1/../../../../arm-none-eabi/lib/armv7-m/libcr_newlib_semihost.a(_cr_sbrk.o)
                0x0000000000008a7c                _sbrk
 .text.__check_heap_overflow
                0x0000000000008ab8       0x18 /Applications/lpcxpresso_8.2.2_650/lpcxpresso/tools/bin/../lib/gcc/arm-none-eabi/5.4.1/../../../../arm-none-eabi/lib/armv7-m/libcr_newlib_semihost.a(_cr_check_heap.o)
                0x0000000000008ab8                __check_heap_overflow
 .text          0x0000000000008ad0      0x370 /Applications/lpcxpresso_8.2.2_650/lpcxpresso/tools/bin/../lib/gcc/arm-none-eabi/5.4.1/armv7-m/libgcc.a(_arm_addsubdf3.o)
                0x0000000000008ad0                __aeabi_drsub
                0x0000000000008ad8                __subdf3
                0x0000000000008ad8                __aeabi_dsub
                0x0000000000008adc                __aeabi_dadd
                0x0000000000008adc                __adddf3
                0x0000000000008d54                __aeabi_ui2d
                0x0000000000008d54                __floatunsidf
                0x0000000000008d74                __floatsidf
                0x0000000000008d74                __aeabi_i2d
                0x0000000000008d98                __extendsfdf2
                0x0000000000008d98                __aeabi_f2d
                0x0000000000008dd4                __aeabi_ul2d
                0x0000000000008dd4                __floatundidf
                0x0000000000008de4                __aeabi_l2d
                0x0000000000008de4                __floatdidf
 .text          0x0000000000008e40      0x424 /Applications/lpcxpresso_8.2.2_650/lpcxpresso/tools/bin/../lib/gcc/arm-none-eabi/5.4.1/armv7-m/libgcc.a(_arm_muldivdf3.o)
                0x0000000000008e40                __aeabi_dmul
                0x0000000000008e40                __muldf3
                0x0000000000009094                __aeabi_ddiv
                0x0000000000009094                __divdf3
 .text          0x0000000000009264      0x110 /Applications/lpcxpresso_8.2.2_650/lpcxpresso/tools/bin/../lib/gcc/arm-none-eabi/5.4.1/armv7-m/libgcc.a(_arm_cmpdf2.o)
                0x0000000000009264                __gedf2
                0x0000000000009264                __gtdf2
                0x000000000000926c                __ledf2
                0x000000000000926c                __ltdf2
                0x0000000000009274                __cmpdf2
                0x0000000000009274                __eqdf2
                0x0000000000009274                __nedf2
                0x00000000000092f0                __aeabi_cdrcmple
                0x0000000000009300                __aeabi_cdcmple
                0x0000000000009300                __aeabi_cdcmpeq
                0x0000000000009310                __aeabi_dcmpeq
                0x0000000000009324                __aeabi_dcmplt
                0x0000000000009338                __aeabi_dcmple
                0x000000000000934c                __aeabi_dcmpge
                0x0000000000009360                __aeabi_dcmpgt
 .text          0x0000000000009374       0x2c /Applications/lpcxpresso_8.2.2_650/lpcxpresso/tools/bin/../lib/gcc/arm-none-eabi/5.4.1/armv7-m/libgcc.a(_arm_unorddf2.o)
                0x0000000000009374                __aeabi_dcmpun
                0x0000000000009374                __unorddf2
 .text          0x00000000000093a0       0x50 /Applications/lpcxpresso_8.2.2_650/lpcxpresso/tools/bin/../lib/gcc/arm-none-eabi/5.4.1/armv7-m/libgcc.a(_arm_fixdfsi.o)
                0x00000000000093a0                __fixdfsi
                0x00000000000093a0                __aeabi_d2iz
 .text.__errno  0x00000000000093f0        0xc /Applications/lpcxpresso_8.2.2_650/lpcxpresso/tools/bin/../lib/gcc/arm-none-eabi/5.4.1/../../../../arm-none-eabi/lib/armv7-m/libc.a(lib_a-errno.o)
                0x00000000000093f0                __errno
 *(.rodata .rodata.* .constdata .constdata.*)
 .rodata        0x00000000000093fc      0x1a6 ./src/main.o
 *fill*         0x00000000000095a2        0x2 ff
 .rodata        0x00000000000095a4        0x8 /Users/solderneer/Documents/Projects/EE2028-labs/Lib_EaBaseBoard/Debug/libLib_EaBaseBoard.a(oled.o)
 .rodata        0x00000000000095ac      0x300 /Users/solderneer/Documents/Projects/EE2028-labs/Lib_EaBaseBoard/Debug/libLib_EaBaseBoard.a(font5x7.o)
                0x00000000000095ac                font5x7
 .rodata        0x00000000000098ac       0x15 /Users/solderneer/Documents/Projects/EE2028-labs/Lib_MCU/Debug/libLib_MCU.a(lpc17xx_i2c.o)
 *fill*         0x00000000000098c1        0x3 ff
 .rodata        0x00000000000098c4       0x15 /Users/solderneer/Documents/Projects/EE2028-labs/Lib_MCU/Debug/libLib_MCU.a(lpc17xx_ssp.o)
 *fill*         0x00000000000098d9        0x3 ff
 .rodata        0x00000000000098dc       0x17 /Users/solderneer/Documents/Projects/EE2028-labs/Lib_MCU/Debug/libLib_MCU.a(lpc17xx_timer.o)
 *fill*         0x00000000000098f3        0x1 ff
 .rodata        0x00000000000098f4       0x16 /Users/solderneer/Documents/Projects/EE2028-labs/Lib_MCU/Debug/libLib_MCU.a(lpc17xx_uart.o)
 *fill*         0x000000000000990a        0x2 ff
 .rodata.blanks.7055
                0x000000000000990c       0x10 /Applications/lpcxpresso_8.2.2_650/lpcxpresso/tools/bin/../lib/gcc/arm-none-eabi/5.4.1/../../../../arm-none-eabi/lib/armv7-m/libc.a(lib_a-svfprintf.o)
 .rodata.str1.4
                0x000000000000991c       0x42 /Applications/lpcxpresso_8.2.2_650/lpcxpresso/tools/bin/../lib/gcc/arm-none-eabi/5.4.1/../../../../arm-none-eabi/lib/armv7-m/libc.a(lib_a-svfprintf.o)
 *fill*         0x000000000000995e        0x2 ff
 .rodata.zeroes.7056
                0x0000000000009960       0x10 /Applications/lpcxpresso_8.2.2_650/lpcxpresso/tools/bin/../lib/gcc/arm-none-eabi/5.4.1/../../../../arm-none-eabi/lib/armv7-m/libc.a(lib_a-svfprintf.o)
 .rodata.str1.4
                0x0000000000009970       0x10 /Applications/lpcxpresso_8.2.2_650/lpcxpresso/tools/bin/../lib/gcc/arm-none-eabi/5.4.1/../../../../arm-none-eabi/lib/armv7-m/libc.a(lib_a-dtoa.o)
                                         0x12 (size before relaxing)
 .rodata.str1.4
                0x0000000000009980        0x2 /Applications/lpcxpresso_8.2.2_650/lpcxpresso/tools/bin/../lib/gcc/arm-none-eabi/5.4.1/../../../../arm-none-eabi/lib/armv7-m/libc.a(lib_a-impure.o)
 *fill*         0x0000000000009982        0x2 ff
 .rodata.str1.4
                0x0000000000009984        0xc /Applications/lpcxpresso_8.2.2_650/lpcxpresso/tools/bin/../lib/gcc/arm-none-eabi/5.4.1/../../../../arm-none-eabi/lib/armv7-m/libc.a(lib_a-locale.o)
                                         0x12 (size before relaxing)
 .rodata.__mprec_tens
                0x0000000000009990       0xc8 /Applications/lpcxpresso_8.2.2_650/lpcxpresso/tools/bin/../lib/gcc/arm-none-eabi/5.4.1/../../../../arm-none-eabi/lib/armv7-m/libc.a(lib_a-mprec.o)
                0x0000000000009990                __mprec_tens
 .rodata.__mprec_bigtens
                0x0000000000009a58       0x28 /Applications/lpcxpresso_8.2.2_650/lpcxpresso/tools/bin/../lib/gcc/arm-none-eabi/5.4.1/../../../../arm-none-eabi/lib/armv7-m/libc.a(lib_a-mprec.o)
                0x0000000000009a58                __mprec_bigtens
 .rodata.p05.5396
                0x0000000000009a80        0xc /Applications/lpcxpresso_8.2.2_650/lpcxpresso/tools/bin/../lib/gcc/arm-none-eabi/5.4.1/../../../../arm-none-eabi/lib/armv7-m/libc.a(lib_a-mprec.o)
                0x0000000000009a8c                . = ALIGN (0x4)

.glue_7         0x0000000000009a8c        0x0
 .glue_7        0x0000000000009a8c        0x0 linker stubs

.glue_7t        0x0000000000009a8c        0x0
 .glue_7t       0x0000000000009a8c        0x0 linker stubs

.vfp11_veneer   0x0000000000009a8c        0x0
 .vfp11_veneer  0x0000000000009a8c        0x0 linker stubs

.v4_bx          0x0000000000009a8c        0x0
 .v4_bx         0x0000000000009a8c        0x0 linker stubs

.iplt           0x0000000000009a8c        0x0
 .iplt          0x0000000000009a8c        0x0 ./src/cr_startup_lpc17.o

.ARM.extab
 *(.ARM.extab* .gnu.linkonce.armextab.*)
                0x0000000000009a8c                __exidx_start = .

.ARM.exidx      0x0000000000009a8c        0x8
 *(.ARM.exidx* .gnu.linkonce.armexidx.*)
 .ARM.exidx     0x0000000000009a8c        0x8 /Applications/lpcxpresso_8.2.2_650/lpcxpresso/tools/bin/../lib/gcc/arm-none-eabi/5.4.1/armv7-m/libgcc.a(_udivmoddi4.o)
                0x0000000000009a94                __exidx_end = .
                0x0000000000009a94                _etext = .

.rel.dyn        0x0000000000009a94        0x0
 .rel.iplt      0x0000000000009a94        0x0 ./src/cr_startup_lpc17.o

.data_RAM2      0x000000002007c000        0x0 load address 0x0000000000009a94
 FILL mask 0xff
                [!provide]                        PROVIDE (__start_data_RAM2, .)
 *(.ramfunc.$RAM2)
 *(.ramfunc.$RamAHB32)
 *(.data.$RAM2*)
 *(.data.$RamAHB32*)
                0x000000002007c000                . = ALIGN (0x4)
                [!provide]                        PROVIDE (__end_data_RAM2, .)

.uninit_RESERVED
                0x0000000010000000        0x0
 *(.bss.$RESERVED*)
                0x0000000010000000                . = ALIGN (0x4)
                0x0000000010000000                _end_uninit_RESERVED = .

.data           0x0000000010000000      0x8d4 load address 0x0000000000009a94
 FILL mask 0xff
                0x0000000010000000                _data = .
 *(vtable)
 *(.ramfunc*)
 *(.data*)
 .data          0x0000000010000000        0x4 /Users/solderneer/Documents/Projects/EE2028-labs/Lib_CMSISv1p30_LPC17xx/Debug/libCMSISv1p30_LPC17xx.a(system_LPC17xx.o)
                0x0000000010000000                SystemCoreClock
 .data          0x0000000010000004       0x50 /Users/solderneer/Documents/Projects/EE2028-labs/Lib_EaBaseBoard/Debug/libLib_EaBaseBoard.a(led7seg.o)
 .data          0x0000000010000054        0x8 /Users/solderneer/Documents/Projects/EE2028-labs/Lib_EaBaseBoard/Debug/libLib_EaBaseBoard.a(light.o)
 *fill*         0x000000001000005c        0x4 ff
 .data.impure_data
                0x0000000010000060      0x428 /Applications/lpcxpresso_8.2.2_650/lpcxpresso/tools/bin/../lib/gcc/arm-none-eabi/5.4.1/../../../../arm-none-eabi/lib/armv7-m/libc.a(lib_a-impure.o)
 .data._impure_ptr
                0x0000000010000488        0x4 /Applications/lpcxpresso_8.2.2_650/lpcxpresso/tools/bin/../lib/gcc/arm-none-eabi/5.4.1/../../../../arm-none-eabi/lib/armv7-m/libc.a(lib_a-impure.o)
                0x0000000010000488                _impure_ptr
 .data.lconv    0x000000001000048c       0x38 /Applications/lpcxpresso_8.2.2_650/lpcxpresso/tools/bin/../lib/gcc/arm-none-eabi/5.4.1/../../../../arm-none-eabi/lib/armv7-m/libc.a(lib_a-locale.o)
 .data.__malloc_av_
                0x00000000100004c4      0x408 /Applications/lpcxpresso_8.2.2_650/lpcxpresso/tools/bin/../lib/gcc/arm-none-eabi/5.4.1/../../../../arm-none-eabi/lib/armv7-m/libc.a(lib_a-mallocr.o)
                0x00000000100004c4                __malloc_av_
 .data.__malloc_trim_threshold
                0x00000000100008cc        0x4 /Applications/lpcxpresso_8.2.2_650/lpcxpresso/tools/bin/../lib/gcc/arm-none-eabi/5.4.1/../../../../arm-none-eabi/lib/armv7-m/libc.a(lib_a-mallocr.o)
                0x00000000100008cc                __malloc_trim_threshold
 .data.__malloc_sbrk_base
                0x00000000100008d0        0x4 /Applications/lpcxpresso_8.2.2_650/lpcxpresso/tools/bin/../lib/gcc/arm-none-eabi/5.4.1/../../../../arm-none-eabi/lib/armv7-m/libc.a(lib_a-mallocr.o)
                0x00000000100008d0                __malloc_sbrk_base
                0x00000000100008d4                . = ALIGN (0x4)
                0x00000000100008d4                _edata = .

.igot.plt       0x00000000100008d4        0x0 load address 0x000000000000a368
 .igot.plt      0x00000000100008d4        0x0 ./src/cr_startup_lpc17.o

.bss_RAM2       0x000000002007c000        0x0
                [!provide]                        PROVIDE (__start_bss_RAM2, .)
 *(.bss.$RAM2*)
 *(.bss.$RamAHB32*)
                0x000000002007c000                . = ALIGN ((. != 0x0)?0x4:0x1)
                [!provide]                        PROVIDE (__end_bss_RAM2, .)

.bss            0x00000000100008d4      0x4e0
                0x00000000100008d4                _bss = .
 *(.bss*)
 .bss           0x00000000100008d4        0x2 ./src/main.o
                0x00000000100008d4                divisor
                0x00000000100008d5                ledMode
 *fill*         0x00000000100008d6        0x2 
 .bss           0x00000000100008d8      0x300 /Users/solderneer/Documents/Projects/EE2028-labs/Lib_EaBaseBoard/Debug/libLib_EaBaseBoard.a(oled.o)
 .bss           0x0000000010000bd8        0x6 /Users/solderneer/Documents/Projects/EE2028-labs/Lib_EaBaseBoard/Debug/libLib_EaBaseBoard.a(pca9532.o)
 *fill*         0x0000000010000bde        0x2 
 .bss           0x0000000010000be0        0x4 /Users/solderneer/Documents/Projects/EE2028-labs/Lib_EaBaseBoard/Debug/libLib_EaBaseBoard.a(temp.o)
 .bss           0x0000000010000be4       0x24 /Users/solderneer/Documents/Projects/EE2028-labs/Lib_MCU/Debug/libLib_MCU.a(lpc17xx_i2c.o)
 .bss           0x0000000010000c08       0x18 /Users/solderneer/Documents/Projects/EE2028-labs/Lib_MCU/Debug/libLib_MCU.a(lpc17xx_ssp.o)
 .bss           0x0000000010000c20       0x44 /Users/solderneer/Documents/Projects/EE2028-labs/Lib_MCU/Debug/libLib_MCU.a(lpc17xx_uart.o)
                0x0000000010000c20                uartCbsDat
                0x0000000010000c60                pfnModemCbs
 .bss.__malloc_max_total_mem
                0x0000000010000c64        0x4 /Applications/lpcxpresso_8.2.2_650/lpcxpresso/tools/bin/../lib/gcc/arm-none-eabi/5.4.1/../../../../arm-none-eabi/lib/armv7-m/libc.a(lib_a-mallocr.o)
                0x0000000010000c64                __malloc_max_total_mem
 .bss.__malloc_max_sbrked_mem
                0x0000000010000c68        0x4 /Applications/lpcxpresso_8.2.2_650/lpcxpresso/tools/bin/../lib/gcc/arm-none-eabi/5.4.1/../../../../arm-none-eabi/lib/armv7-m/libc.a(lib_a-mallocr.o)
                0x0000000010000c68                __malloc_max_sbrked_mem
 .bss.__malloc_top_pad
                0x0000000010000c6c        0x4 /Applications/lpcxpresso_8.2.2_650/lpcxpresso/tools/bin/../lib/gcc/arm-none-eabi/5.4.1/../../../../arm-none-eabi/lib/armv7-m/libc.a(lib_a-mallocr.o)
                0x0000000010000c6c                __malloc_top_pad
 .bss.__malloc_current_mallinfo
                0x0000000010000c70       0x28 /Applications/lpcxpresso_8.2.2_650/lpcxpresso/tools/bin/../lib/gcc/arm-none-eabi/5.4.1/../../../../arm-none-eabi/lib/armv7-m/libc.a(lib_a-mallocr.o)
                0x0000000010000c70                __malloc_current_mallinfo
 .bss.__end_of_heap
                0x0000000010000c98        0x4 /Applications/lpcxpresso_8.2.2_650/lpcxpresso/tools/bin/../lib/gcc/arm-none-eabi/5.4.1/../../../../arm-none-eabi/lib/armv7-m/libcr_newlib_semihost.a(_cr_sbrk.o)
                0x0000000010000c98                __end_of_heap
 *(COMMON)
 COMMON         0x0000000010000c9c        0x5 ./src/main.o
                0x0000000010000c9c                msTicks
                0x0000000010000ca0                sw3Flag
 *fill*         0x0000000010000ca1        0x3 
 COMMON         0x0000000010000ca4      0x109 ./src/uart.o
                0x0000000010000ca4                buffer
                0x0000000010000dac                TxInterrupt
 *fill*         0x0000000010000dad        0x3 
 COMMON         0x0000000010000db0        0x4 /Applications/lpcxpresso_8.2.2_650/lpcxpresso/tools/bin/../lib/gcc/arm-none-eabi/5.4.1/../../../../arm-none-eabi/lib/armv7-m/libc.a(lib_a-reent.o)
                0x0000000010000db0                errno
                0x0000000010000db4                . = ALIGN (0x4)
                0x0000000010000db4                _ebss = .
                [!provide]                        PROVIDE (end, .)

.noinit_RAM2    0x000000002007c000        0x0
 *(.noinit.$RAM2*)
 *(.noinit.$RamAHB32*)
                0x000000002007c000                . = ALIGN (0x4)

.noinit         0x0000000010000db4        0x0
                0x0000000010000db4                _noinit = .
 *(.noinit*)
                0x0000000010000db4                . = ALIGN (0x4)
                0x0000000010000db4                _end_noinit = .
                0x0000000010000db4                PROVIDE (_pvHeapStart, DEFINED (__user_heap_base)?__user_heap_base:.)
                0x0000000010008000                PROVIDE (_vStackTop, DEFINED (__user_stack_top)?__user_stack_top:(__top_RamLoc32 - 0x0))
                [!provide]                        PROVIDE (__valid_user_code_checksum, (0x0 - ((((((_vStackTop + (ResetISR + 0x1)) + (NMI_Handler + 0x1)) + (HardFault_Handler + 0x1)) + (DEFINED (MemManage_Handler)?MemManage_Handler:0x0 + 0x1)) + (DEFINED (BusFault_Handler)?BusFault_Handler:0x0 + 0x1)) + (DEFINED (UsageFault_Handler)?UsageFault_Handler:0x0 + 0x1))))
OUTPUT(demo.axf elf32-littlearm)

.debug_info     0x0000000000000000     0x84c0
 .debug_info    0x0000000000000000      0x1b6 ./src/cr_startup_lpc17.o
 .debug_info    0x00000000000001b6     0x1117 ./src/main.o
 .debug_info    0x00000000000012cd      0x9f4 ./src/uart.o
 .debug_info    0x0000000000001cc1      0x2e3 /Users/solderneer/Documents/Projects/EE2028-labs/Lib_CMSISv1p30_LPC17xx/Debug/libCMSISv1p30_LPC17xx.a(system_LPC17xx.o)
 .debug_info    0x0000000000001fa4      0x4ea /Users/solderneer/Documents/Projects/EE2028-labs/Lib_EaBaseBoard/Debug/libLib_EaBaseBoard.a(acc.o)
 .debug_info    0x000000000000248e      0x24e /Users/solderneer/Documents/Projects/EE2028-labs/Lib_EaBaseBoard/Debug/libLib_EaBaseBoard.a(led7seg.o)
 .debug_info    0x00000000000026dc      0x6fb /Users/solderneer/Documents/Projects/EE2028-labs/Lib_EaBaseBoard/Debug/libLib_EaBaseBoard.a(light.o)
 .debug_info    0x0000000000002dd7      0x915 /Users/solderneer/Documents/Projects/EE2028-labs/Lib_EaBaseBoard/Debug/libLib_EaBaseBoard.a(oled.o)
 .debug_info    0x00000000000036ec      0x5d6 /Users/solderneer/Documents/Projects/EE2028-labs/Lib_EaBaseBoard/Debug/libLib_EaBaseBoard.a(pca9532.o)
 .debug_info    0x0000000000003cc2      0x13e /Users/solderneer/Documents/Projects/EE2028-labs/Lib_EaBaseBoard/Debug/libLib_EaBaseBoard.a(temp.o)
 .debug_info    0x0000000000003e00       0x61 /Users/solderneer/Documents/Projects/EE2028-labs/Lib_EaBaseBoard/Debug/libLib_EaBaseBoard.a(font5x7.o)
 .debug_info    0x0000000000003e61      0xac9 /Users/solderneer/Documents/Projects/EE2028-labs/Lib_MCU/Debug/libLib_MCU.a(lpc17xx_gpio.o)
 .debug_info    0x000000000000492a      0xc08 /Users/solderneer/Documents/Projects/EE2028-labs/Lib_MCU/Debug/libLib_MCU.a(lpc17xx_i2c.o)
 .debug_info    0x0000000000005532      0x44e /Users/solderneer/Documents/Projects/EE2028-labs/Lib_MCU/Debug/libLib_MCU.a(lpc17xx_pinsel.o)
 .debug_info    0x0000000000005980      0x7e1 /Users/solderneer/Documents/Projects/EE2028-labs/Lib_MCU/Debug/libLib_MCU.a(lpc17xx_ssp.o)
 .debug_info    0x0000000000006161      0x86f /Users/solderneer/Documents/Projects/EE2028-labs/Lib_MCU/Debug/libLib_MCU.a(lpc17xx_timer.o)
 .debug_info    0x00000000000069d0     0x13bd /Users/solderneer/Documents/Projects/EE2028-labs/Lib_MCU/Debug/libLib_MCU.a(lpc17xx_uart.o)
 .debug_info    0x0000000000007d8d      0x5a5 /Users/solderneer/Documents/Projects/EE2028-labs/Lib_MCU/Debug/libLib_MCU.a(lpc17xx_clkpwr.o)
 .debug_info    0x0000000000008332      0x124 /Applications/lpcxpresso_8.2.2_650/lpcxpresso/tools/bin/../lib/gcc/arm-none-eabi/5.4.1/../../../../arm-none-eabi/lib/armv7-m/libcr_newlib_semihost.a(_cr_sbrk.o)
 .debug_info    0x0000000000008456       0x6a /Applications/lpcxpresso_8.2.2_650/lpcxpresso/tools/bin/../lib/gcc/arm-none-eabi/5.4.1/../../../../arm-none-eabi/lib/armv7-m/libcr_newlib_semihost.a(_cr_check_heap.o)

.debug_abbrev   0x0000000000000000     0x1f32
 .debug_abbrev  0x0000000000000000       0xb9 ./src/cr_startup_lpc17.o
 .debug_abbrev  0x00000000000000b9      0x32d ./src/main.o
 .debug_abbrev  0x00000000000003e6      0x223 ./src/uart.o
 .debug_abbrev  0x0000000000000609       0xe6 /Users/solderneer/Documents/Projects/EE2028-labs/Lib_CMSISv1p30_LPC17xx/Debug/libCMSISv1p30_LPC17xx.a(system_LPC17xx.o)
 .debug_abbrev  0x00000000000006ef      0x16b /Users/solderneer/Documents/Projects/EE2028-labs/Lib_EaBaseBoard/Debug/libLib_EaBaseBoard.a(acc.o)
 .debug_abbrev  0x000000000000085a      0x15c /Users/solderneer/Documents/Projects/EE2028-labs/Lib_EaBaseBoard/Debug/libLib_EaBaseBoard.a(led7seg.o)
 .debug_abbrev  0x00000000000009b6      0x1d2 /Users/solderneer/Documents/Projects/EE2028-labs/Lib_EaBaseBoard/Debug/libLib_EaBaseBoard.a(light.o)
 .debug_abbrev  0x0000000000000b88      0x201 /Users/solderneer/Documents/Projects/EE2028-labs/Lib_EaBaseBoard/Debug/libLib_EaBaseBoard.a(oled.o)
 .debug_abbrev  0x0000000000000d89      0x1d7 /Users/solderneer/Documents/Projects/EE2028-labs/Lib_EaBaseBoard/Debug/libLib_EaBaseBoard.a(pca9532.o)
 .debug_abbrev  0x0000000000000f60       0xc7 /Users/solderneer/Documents/Projects/EE2028-labs/Lib_EaBaseBoard/Debug/libLib_EaBaseBoard.a(temp.o)
 .debug_abbrev  0x0000000000001027       0x48 /Users/solderneer/Documents/Projects/EE2028-labs/Lib_EaBaseBoard/Debug/libLib_EaBaseBoard.a(font5x7.o)
 .debug_abbrev  0x000000000000106f      0x193 /Users/solderneer/Documents/Projects/EE2028-labs/Lib_MCU/Debug/libLib_MCU.a(lpc17xx_gpio.o)
 .debug_abbrev  0x0000000000001202      0x28b /Users/solderneer/Documents/Projects/EE2028-labs/Lib_MCU/Debug/libLib_MCU.a(lpc17xx_i2c.o)
 .debug_abbrev  0x000000000000148d      0x12b /Users/solderneer/Documents/Projects/EE2028-labs/Lib_MCU/Debug/libLib_MCU.a(lpc17xx_pinsel.o)
 .debug_abbrev  0x00000000000015b8      0x1fd /Users/solderneer/Documents/Projects/EE2028-labs/Lib_MCU/Debug/libLib_MCU.a(lpc17xx_ssp.o)
 .debug_abbrev  0x00000000000017b5      0x1e2 /Users/solderneer/Documents/Projects/EE2028-labs/Lib_MCU/Debug/libLib_MCU.a(lpc17xx_timer.o)
 .debug_abbrev  0x0000000000001997      0x2ac /Users/solderneer/Documents/Projects/EE2028-labs/Lib_MCU/Debug/libLib_MCU.a(lpc17xx_uart.o)
 .debug_abbrev  0x0000000000001c43      0x1be /Users/solderneer/Documents/Projects/EE2028-labs/Lib_MCU/Debug/libLib_MCU.a(lpc17xx_clkpwr.o)
 .debug_abbrev  0x0000000000001e01       0xcf /Applications/lpcxpresso_8.2.2_650/lpcxpresso/tools/bin/../lib/gcc/arm-none-eabi/5.4.1/../../../../arm-none-eabi/lib/armv7-m/libcr_newlib_semihost.a(_cr_sbrk.o)
 .debug_abbrev  0x0000000000001ed0       0x62 /Applications/lpcxpresso_8.2.2_650/lpcxpresso/tools/bin/../lib/gcc/arm-none-eabi/5.4.1/../../../../arm-none-eabi/lib/armv7-m/libcr_newlib_semihost.a(_cr_check_heap.o)

.debug_aranges  0x0000000000000000      0x908
 .debug_aranges
                0x0000000000000000       0x70 ./src/cr_startup_lpc17.o
 .debug_aranges
                0x0000000000000070       0xa8 ./src/main.o
 .debug_aranges
                0x0000000000000118       0x50 ./src/uart.o
 .debug_aranges
                0x0000000000000168       0x28 /Users/solderneer/Documents/Projects/EE2028-labs/Lib_CMSISv1p30_LPC17xx/Debug/libCMSISv1p30_LPC17xx.a(system_LPC17xx.o)
 .debug_aranges
                0x0000000000000190       0x60 /Users/solderneer/Documents/Projects/EE2028-labs/Lib_EaBaseBoard/Debug/libLib_EaBaseBoard.a(acc.o)
 .debug_aranges
                0x00000000000001f0       0x28 /Users/solderneer/Documents/Projects/EE2028-labs/Lib_EaBaseBoard/Debug/libLib_EaBaseBoard.a(led7seg.o)
 .debug_aranges
                0x0000000000000218       0x98 /Users/solderneer/Documents/Projects/EE2028-labs/Lib_EaBaseBoard/Debug/libLib_EaBaseBoard.a(light.o)
 .debug_aranges
                0x00000000000002b0       0x90 /Users/solderneer/Documents/Projects/EE2028-labs/Lib_EaBaseBoard/Debug/libLib_EaBaseBoard.a(oled.o)
 .debug_aranges
                0x0000000000000340       0x80 /Users/solderneer/Documents/Projects/EE2028-labs/Lib_EaBaseBoard/Debug/libLib_EaBaseBoard.a(pca9532.o)
 .debug_aranges
                0x00000000000003c0       0x28 /Users/solderneer/Documents/Projects/EE2028-labs/Lib_EaBaseBoard/Debug/libLib_EaBaseBoard.a(temp.o)
 .debug_aranges
                0x00000000000003e8       0x18 /Users/solderneer/Documents/Projects/EE2028-labs/Lib_EaBaseBoard/Debug/libLib_EaBaseBoard.a(font5x7.o)
 .debug_aranges
                0x0000000000000400       0xc8 /Users/solderneer/Documents/Projects/EE2028-labs/Lib_MCU/Debug/libLib_MCU.a(lpc17xx_gpio.o)
 .debug_aranges
                0x00000000000004c8       0xd0 /Users/solderneer/Documents/Projects/EE2028-labs/Lib_MCU/Debug/libLib_MCU.a(lpc17xx_i2c.o)
 .debug_aranges
                0x0000000000000598       0x48 /Users/solderneer/Documents/Projects/EE2028-labs/Lib_MCU/Debug/libLib_MCU.a(lpc17xx_pinsel.o)
 .debug_aranges
                0x00000000000005e0       0xb8 /Users/solderneer/Documents/Projects/EE2028-labs/Lib_MCU/Debug/libLib_MCU.a(lpc17xx_ssp.o)
 .debug_aranges
                0x0000000000000698       0xa0 /Users/solderneer/Documents/Projects/EE2028-labs/Lib_MCU/Debug/libLib_MCU.a(lpc17xx_timer.o)
 .debug_aranges
                0x0000000000000738      0x130 /Users/solderneer/Documents/Projects/EE2028-labs/Lib_MCU/Debug/libLib_MCU.a(lpc17xx_uart.o)
 .debug_aranges
                0x0000000000000868       0x60 /Users/solderneer/Documents/Projects/EE2028-labs/Lib_MCU/Debug/libLib_MCU.a(lpc17xx_clkpwr.o)
 .debug_aranges
                0x00000000000008c8       0x20 /Applications/lpcxpresso_8.2.2_650/lpcxpresso/tools/bin/../lib/gcc/arm-none-eabi/5.4.1/../../../../arm-none-eabi/lib/armv7-m/libcr_newlib_semihost.a(_cr_sbrk.o)
 .debug_aranges
                0x00000000000008e8       0x20 /Applications/lpcxpresso_8.2.2_650/lpcxpresso/tools/bin/../lib/gcc/arm-none-eabi/5.4.1/../../../../arm-none-eabi/lib/armv7-m/libcr_newlib_semihost.a(_cr_check_heap.o)

.debug_ranges   0x0000000000000000      0x7f0
 .debug_ranges  0x0000000000000000       0x60 ./src/cr_startup_lpc17.o
 .debug_ranges  0x0000000000000060       0xc8 ./src/main.o
 .debug_ranges  0x0000000000000128       0x40 ./src/uart.o
 .debug_ranges  0x0000000000000168       0x18 /Users/solderneer/Documents/Projects/EE2028-labs/Lib_CMSISv1p30_LPC17xx/Debug/libCMSISv1p30_LPC17xx.a(system_LPC17xx.o)
 .debug_ranges  0x0000000000000180       0x50 /Users/solderneer/Documents/Projects/EE2028-labs/Lib_EaBaseBoard/Debug/libLib_EaBaseBoard.a(acc.o)
 .debug_ranges  0x00000000000001d0       0x18 /Users/solderneer/Documents/Projects/EE2028-labs/Lib_EaBaseBoard/Debug/libLib_EaBaseBoard.a(led7seg.o)
 .debug_ranges  0x00000000000001e8       0x88 /Users/solderneer/Documents/Projects/EE2028-labs/Lib_EaBaseBoard/Debug/libLib_EaBaseBoard.a(light.o)
 .debug_ranges  0x0000000000000270       0x80 /Users/solderneer/Documents/Projects/EE2028-labs/Lib_EaBaseBoard/Debug/libLib_EaBaseBoard.a(oled.o)
 .debug_ranges  0x00000000000002f0       0x70 /Users/solderneer/Documents/Projects/EE2028-labs/Lib_EaBaseBoard/Debug/libLib_EaBaseBoard.a(pca9532.o)
 .debug_ranges  0x0000000000000360       0x18 /Users/solderneer/Documents/Projects/EE2028-labs/Lib_EaBaseBoard/Debug/libLib_EaBaseBoard.a(temp.o)
 .debug_ranges  0x0000000000000378       0xb8 /Users/solderneer/Documents/Projects/EE2028-labs/Lib_MCU/Debug/libLib_MCU.a(lpc17xx_gpio.o)
 .debug_ranges  0x0000000000000430       0xc0 /Users/solderneer/Documents/Projects/EE2028-labs/Lib_MCU/Debug/libLib_MCU.a(lpc17xx_i2c.o)
 .debug_ranges  0x00000000000004f0       0x38 /Users/solderneer/Documents/Projects/EE2028-labs/Lib_MCU/Debug/libLib_MCU.a(lpc17xx_pinsel.o)
 .debug_ranges  0x0000000000000528       0xa8 /Users/solderneer/Documents/Projects/EE2028-labs/Lib_MCU/Debug/libLib_MCU.a(lpc17xx_ssp.o)
 .debug_ranges  0x00000000000005d0       0x90 /Users/solderneer/Documents/Projects/EE2028-labs/Lib_MCU/Debug/libLib_MCU.a(lpc17xx_timer.o)
 .debug_ranges  0x0000000000000660      0x120 /Users/solderneer/Documents/Projects/EE2028-labs/Lib_MCU/Debug/libLib_MCU.a(lpc17xx_uart.o)
 .debug_ranges  0x0000000000000780       0x50 /Users/solderneer/Documents/Projects/EE2028-labs/Lib_MCU/Debug/libLib_MCU.a(lpc17xx_clkpwr.o)
 .debug_ranges  0x00000000000007d0       0x10 /Applications/lpcxpresso_8.2.2_650/lpcxpresso/tools/bin/../lib/gcc/arm-none-eabi/5.4.1/../../../../arm-none-eabi/lib/armv7-m/libcr_newlib_semihost.a(_cr_sbrk.o)
 .debug_ranges  0x00000000000007e0       0x10 /Applications/lpcxpresso_8.2.2_650/lpcxpresso/tools/bin/../lib/gcc/arm-none-eabi/5.4.1/../../../../arm-none-eabi/lib/armv7-m/libcr_newlib_semihost.a(_cr_check_heap.o)

.debug_macro    0x0000000000000000     0x5f46
 .debug_macro   0x0000000000000000       0x79 ./src/cr_startup_lpc17.o
 .debug_macro   0x0000000000000079      0x886 ./src/cr_startup_lpc17.o
 .debug_macro   0x00000000000008ff       0x22 ./src/cr_startup_lpc17.o
 .debug_macro   0x0000000000000921       0x87 ./src/cr_startup_lpc17.o
 .debug_macro   0x00000000000009a8       0x44 ./src/cr_startup_lpc17.o
 .debug_macro   0x00000000000009ec       0xfd ./src/cr_startup_lpc17.o
 .debug_macro   0x0000000000000ae9       0x5e ./src/cr_startup_lpc17.o
 .debug_macro   0x0000000000000b47      0x1df ./src/cr_startup_lpc17.o
 .debug_macro   0x0000000000000d26      0x15c ./src/main.o
 .debug_macro   0x0000000000000e82       0x1c ./src/main.o
 .debug_macro   0x0000000000000e9e       0x22 ./src/main.o
 .debug_macro   0x0000000000000ec0      0x7b7 ./src/main.o
 .debug_macro   0x0000000000001677      0x2c7 ./src/main.o
 .debug_macro   0x000000000000193e       0x63 ./src/main.o
 .debug_macro   0x00000000000019a1      0x143 ./src/main.o
 .debug_macro   0x0000000000001ae4       0x46 ./src/main.o
 .debug_macro   0x0000000000001b2a      0x192 ./src/main.o
 .debug_macro   0x0000000000001cbc      0x2af ./src/main.o
 .debug_macro   0x0000000000001f6b       0xe9 ./src/main.o
 .debug_macro   0x0000000000002054      0x32a ./src/main.o
 .debug_macro   0x000000000000237e       0x16 ./src/main.o
 .debug_macro   0x0000000000002394       0xcb ./src/main.o
 .debug_macro   0x000000000000245f       0xee ./src/uart.o
 .debug_macro   0x000000000000254d       0x5d ./src/uart.o
 .debug_macro   0x00000000000025aa       0xc5 ./src/uart.o
 .debug_macro   0x000000000000266f      0x7d5 ./src/uart.o
 .debug_macro   0x0000000000002e44      0x324 ./src/uart.o
 .debug_macro   0x0000000000003168      0x149 ./src/uart.o
 .debug_macro   0x00000000000032b1      0x113 /Users/solderneer/Documents/Projects/EE2028-labs/Lib_CMSISv1p30_LPC17xx/Debug/libCMSISv1p30_LPC17xx.a(system_LPC17xx.o)
 .debug_macro   0x00000000000033c4      0x880 /Users/solderneer/Documents/Projects/EE2028-labs/Lib_CMSISv1p30_LPC17xx/Debug/libCMSISv1p30_LPC17xx.a(system_LPC17xx.o)
 .debug_macro   0x0000000000003c44       0x10 /Users/solderneer/Documents/Projects/EE2028-labs/Lib_CMSISv1p30_LPC17xx/Debug/libCMSISv1p30_LPC17xx.a(system_LPC17xx.o)
 .debug_macro   0x0000000000003c54      0x12d /Users/solderneer/Documents/Projects/EE2028-labs/Lib_CMSISv1p30_LPC17xx/Debug/libCMSISv1p30_LPC17xx.a(system_LPC17xx.o)
 .debug_macro   0x0000000000003d81      0x5b2 /Users/solderneer/Documents/Projects/EE2028-labs/Lib_CMSISv1p30_LPC17xx/Debug/libCMSISv1p30_LPC17xx.a(system_LPC17xx.o)
 .debug_macro   0x0000000000004333      0x162 /Users/solderneer/Documents/Projects/EE2028-labs/Lib_EaBaseBoard/Debug/libLib_EaBaseBoard.a(acc.o)
 .debug_macro   0x0000000000004495      0x18c /Users/solderneer/Documents/Projects/EE2028-labs/Lib_EaBaseBoard/Debug/libLib_EaBaseBoard.a(acc.o)
 .debug_macro   0x0000000000004621       0x99 /Users/solderneer/Documents/Projects/EE2028-labs/Lib_EaBaseBoard/Debug/libLib_EaBaseBoard.a(led7seg.o)
 .debug_macro   0x00000000000046ba       0x40 /Users/solderneer/Documents/Projects/EE2028-labs/Lib_EaBaseBoard/Debug/libLib_EaBaseBoard.a(led7seg.o)
 .debug_macro   0x00000000000046fa      0x126 /Users/solderneer/Documents/Projects/EE2028-labs/Lib_EaBaseBoard/Debug/libLib_EaBaseBoard.a(light.o)
 .debug_macro   0x0000000000004820       0xdd /Users/solderneer/Documents/Projects/EE2028-labs/Lib_EaBaseBoard/Debug/libLib_EaBaseBoard.a(oled.o)
 .debug_macro   0x00000000000048fd       0x5d /Users/solderneer/Documents/Projects/EE2028-labs/Lib_EaBaseBoard/Debug/libLib_EaBaseBoard.a(oled.o)
 .debug_macro   0x000000000000495a       0xa1 /Users/solderneer/Documents/Projects/EE2028-labs/Lib_EaBaseBoard/Debug/libLib_EaBaseBoard.a(pca9532.o)
 .debug_macro   0x00000000000049fb       0xb2 /Users/solderneer/Documents/Projects/EE2028-labs/Lib_EaBaseBoard/Debug/libLib_EaBaseBoard.a(pca9532.o)
 .debug_macro   0x0000000000004aad       0xae /Users/solderneer/Documents/Projects/EE2028-labs/Lib_EaBaseBoard/Debug/libLib_EaBaseBoard.a(temp.o)
 .debug_macro   0x0000000000004b5b       0x1a /Users/solderneer/Documents/Projects/EE2028-labs/Lib_EaBaseBoard/Debug/libLib_EaBaseBoard.a(font5x7.o)
 .debug_macro   0x0000000000004b75      0x696 /Users/solderneer/Documents/Projects/EE2028-labs/Lib_EaBaseBoard/Debug/libLib_EaBaseBoard.a(font5x7.o)
 .debug_macro   0x000000000000520b       0x83 /Users/solderneer/Documents/Projects/EE2028-labs/Lib_MCU/Debug/libLib_MCU.a(lpc17xx_gpio.o)
 .debug_macro   0x000000000000528e       0x95 /Users/solderneer/Documents/Projects/EE2028-labs/Lib_MCU/Debug/libLib_MCU.a(lpc17xx_i2c.o)
 .debug_macro   0x0000000000005323      0x2fe /Users/solderneer/Documents/Projects/EE2028-labs/Lib_MCU/Debug/libLib_MCU.a(lpc17xx_i2c.o)
 .debug_macro   0x0000000000005621       0x7a /Users/solderneer/Documents/Projects/EE2028-labs/Lib_MCU/Debug/libLib_MCU.a(lpc17xx_pinsel.o)
 .debug_macro   0x000000000000569b       0x8c /Users/solderneer/Documents/Projects/EE2028-labs/Lib_MCU/Debug/libLib_MCU.a(lpc17xx_ssp.o)
 .debug_macro   0x0000000000005727      0x2a9 /Users/solderneer/Documents/Projects/EE2028-labs/Lib_MCU/Debug/libLib_MCU.a(lpc17xx_ssp.o)
 .debug_macro   0x00000000000059d0       0x95 /Users/solderneer/Documents/Projects/EE2028-labs/Lib_MCU/Debug/libLib_MCU.a(lpc17xx_timer.o)
 .debug_macro   0x0000000000005a65       0xe3 /Users/solderneer/Documents/Projects/EE2028-labs/Lib_MCU/Debug/libLib_MCU.a(lpc17xx_timer.o)
 .debug_macro   0x0000000000005b48       0x8c /Users/solderneer/Documents/Projects/EE2028-labs/Lib_MCU/Debug/libLib_MCU.a(lpc17xx_uart.o)
 .debug_macro   0x0000000000005bd4       0x7a /Users/solderneer/Documents/Projects/EE2028-labs/Lib_MCU/Debug/libLib_MCU.a(lpc17xx_clkpwr.o)
 .debug_macro   0x0000000000005c4e      0x2f8 /Users/solderneer/Documents/Projects/EE2028-labs/Lib_MCU/Debug/libLib_MCU.a(lpc17xx_clkpwr.o)

.debug_line     0x0000000000000000     0x4b4b
 .debug_line    0x0000000000000000      0x33d ./src/cr_startup_lpc17.o
 .debug_line    0x000000000000033d      0x68a ./src/main.o
 .debug_line    0x00000000000009c7      0x3ac ./src/uart.o
 .debug_line    0x0000000000000d73      0x20a /Users/solderneer/Documents/Projects/EE2028-labs/Lib_CMSISv1p30_LPC17xx/Debug/libCMSISv1p30_LPC17xx.a(system_LPC17xx.o)
 .debug_line    0x0000000000000f7d      0x2fc /Users/solderneer/Documents/Projects/EE2028-labs/Lib_EaBaseBoard/Debug/libLib_EaBaseBoard.a(acc.o)
 .debug_line    0x0000000000001279      0x26f /Users/solderneer/Documents/Projects/EE2028-labs/Lib_EaBaseBoard/Debug/libLib_EaBaseBoard.a(led7seg.o)
 .debug_line    0x00000000000014e8      0x3a8 /Users/solderneer/Documents/Projects/EE2028-labs/Lib_EaBaseBoard/Debug/libLib_EaBaseBoard.a(light.o)
 .debug_line    0x0000000000001890      0x57a /Users/solderneer/Documents/Projects/EE2028-labs/Lib_EaBaseBoard/Debug/libLib_EaBaseBoard.a(oled.o)
 .debug_line    0x0000000000001e0a      0x38f /Users/solderneer/Documents/Projects/EE2028-labs/Lib_EaBaseBoard/Debug/libLib_EaBaseBoard.a(pca9532.o)
 .debug_line    0x0000000000002199      0x274 /Users/solderneer/Documents/Projects/EE2028-labs/Lib_EaBaseBoard/Debug/libLib_EaBaseBoard.a(temp.o)
 .debug_line    0x000000000000240d       0x86 /Users/solderneer/Documents/Projects/EE2028-labs/Lib_EaBaseBoard/Debug/libLib_EaBaseBoard.a(font5x7.o)
 .debug_line    0x0000000000002493      0x40f /Users/solderneer/Documents/Projects/EE2028-labs/Lib_MCU/Debug/libLib_MCU.a(lpc17xx_gpio.o)
 .debug_line    0x00000000000028a2      0x6e4 /Users/solderneer/Documents/Projects/EE2028-labs/Lib_MCU/Debug/libLib_MCU.a(lpc17xx_i2c.o)
 .debug_line    0x0000000000002f86      0x269 /Users/solderneer/Documents/Projects/EE2028-labs/Lib_MCU/Debug/libLib_MCU.a(lpc17xx_pinsel.o)
 .debug_line    0x00000000000031ef      0x615 /Users/solderneer/Documents/Projects/EE2028-labs/Lib_MCU/Debug/libLib_MCU.a(lpc17xx_ssp.o)
 .debug_line    0x0000000000003804      0x59c /Users/solderneer/Documents/Projects/EE2028-labs/Lib_MCU/Debug/libLib_MCU.a(lpc17xx_timer.o)
 .debug_line    0x0000000000003da0      0x993 /Users/solderneer/Documents/Projects/EE2028-labs/Lib_MCU/Debug/libLib_MCU.a(lpc17xx_uart.o)
 .debug_line    0x0000000000004733      0x2ca /Users/solderneer/Documents/Projects/EE2028-labs/Lib_MCU/Debug/libLib_MCU.a(lpc17xx_clkpwr.o)
 .debug_line    0x00000000000049fd      0x101 /Applications/lpcxpresso_8.2.2_650/lpcxpresso/tools/bin/../lib/gcc/arm-none-eabi/5.4.1/../../../../arm-none-eabi/lib/armv7-m/libcr_newlib_semihost.a(_cr_sbrk.o)
 .debug_line    0x0000000000004afe       0x4d /Applications/lpcxpresso_8.2.2_650/lpcxpresso/tools/bin/../lib/gcc/arm-none-eabi/5.4.1/../../../../arm-none-eabi/lib/armv7-m/libcr_newlib_semihost.a(_cr_check_heap.o)

.debug_str      0x0000000000000000    0x1277d
 .debug_str     0x0000000000000000     0x335d ./src/cr_startup_lpc17.o
                                       0x34be (size before relaxing)
 .debug_str     0x000000000000335d     0x8b60 ./src/main.o
                                       0xbf10 (size before relaxing)
 .debug_str     0x000000000000bebd      0x45f ./src/uart.o
                                       0x99fd (size before relaxing)
 .debug_str     0x000000000000c31c     0x1b09 /Users/solderneer/Documents/Projects/EE2028-labs/Lib_CMSISv1p30_LPC17xx/Debug/libCMSISv1p30_LPC17xx.a(system_LPC17xx.o)
                                       0x7fee (size before relaxing)
 .debug_str     0x000000000000de25      0x506 /Users/solderneer/Documents/Projects/EE2028-labs/Lib_EaBaseBoard/Debug/libLib_EaBaseBoard.a(acc.o)
                                       0x8b46 (size before relaxing)
 .debug_str     0x000000000000e32b       0xd8 /Users/solderneer/Documents/Projects/EE2028-labs/Lib_EaBaseBoard/Debug/libLib_EaBaseBoard.a(led7seg.o)
                                       0x90e9 (size before relaxing)
 .debug_str     0x000000000000e403      0x454 /Users/solderneer/Documents/Projects/EE2028-labs/Lib_EaBaseBoard/Debug/libLib_EaBaseBoard.a(light.o)
                                       0x8bde (size before relaxing)
 .debug_str     0x000000000000e857      0x334 /Users/solderneer/Documents/Projects/EE2028-labs/Lib_EaBaseBoard/Debug/libLib_EaBaseBoard.a(oled.o)
                                       0x9c6a (size before relaxing)
 .debug_str     0x000000000000eb8b      0x341 /Users/solderneer/Documents/Projects/EE2028-labs/Lib_EaBaseBoard/Debug/libLib_EaBaseBoard.a(pca9532.o)
                                       0x8ae3 (size before relaxing)
 .debug_str     0x000000000000eecc       0xf7 /Users/solderneer/Documents/Projects/EE2028-labs/Lib_EaBaseBoard/Debug/libLib_EaBaseBoard.a(temp.o)
                                       0x80a5 (size before relaxing)
 .debug_str     0x000000000000efc3      0xe21 /Users/solderneer/Documents/Projects/EE2028-labs/Lib_EaBaseBoard/Debug/libLib_EaBaseBoard.a(font5x7.o)
                                       0x32cb (size before relaxing)
 .debug_str     0x000000000000fde4      0x37d /Users/solderneer/Documents/Projects/EE2028-labs/Lib_MCU/Debug/libLib_MCU.a(lpc17xx_gpio.o)
                                       0x8441 (size before relaxing)
 .debug_str     0x0000000000010161     0x14f7 /Users/solderneer/Documents/Projects/EE2028-labs/Lib_MCU/Debug/libLib_MCU.a(lpc17xx_i2c.o)
                                       0xa4c4 (size before relaxing)
 .debug_str     0x0000000000011658      0x214 /Users/solderneer/Documents/Projects/EE2028-labs/Lib_MCU/Debug/libLib_MCU.a(lpc17xx_pinsel.o)
                                       0x8485 (size before relaxing)
 .debug_str     0x000000000001186c      0x1f8 /Users/solderneer/Documents/Projects/EE2028-labs/Lib_MCU/Debug/libLib_MCU.a(lpc17xx_ssp.o)
                                       0xa431 (size before relaxing)
 .debug_str     0x0000000000011a64      0x295 /Users/solderneer/Documents/Projects/EE2028-labs/Lib_MCU/Debug/libLib_MCU.a(lpc17xx_timer.o)
                                       0xa1b5 (size before relaxing)
 .debug_str     0x0000000000011cf9      0x7fb /Users/solderneer/Documents/Projects/EE2028-labs/Lib_MCU/Debug/libLib_MCU.a(lpc17xx_uart.o)
                                       0xb353 (size before relaxing)
 .debug_str     0x00000000000124f4       0xcb /Users/solderneer/Documents/Projects/EE2028-labs/Lib_MCU/Debug/libLib_MCU.a(lpc17xx_clkpwr.o)
                                       0x91e2 (size before relaxing)
 .debug_str     0x00000000000125bf      0x199 /Applications/lpcxpresso_8.2.2_650/lpcxpresso/tools/bin/../lib/gcc/arm-none-eabi/5.4.1/../../../../arm-none-eabi/lib/armv7-m/libcr_newlib_semihost.a(_cr_sbrk.o)
                                        0x22b (size before relaxing)
 .debug_str     0x0000000000012758       0x25 /Applications/lpcxpresso_8.2.2_650/lpcxpresso/tools/bin/../lib/gcc/arm-none-eabi/5.4.1/../../../../arm-none-eabi/lib/armv7-m/libcr_newlib_semihost.a(_cr_check_heap.o)
                                        0x16d (size before relaxing)

.comment        0x0000000000000000       0xdc
 .comment       0x0000000000000000       0x6e ./src/cr_startup_lpc17.o
                                         0x6f (size before relaxing)
 .comment       0x000000000000006e       0x6f ./src/main.o
 .comment       0x000000000000006e       0x6f ./src/uart.o
 .comment       0x000000000000006e       0x6f /Users/solderneer/Documents/Projects/EE2028-labs/Lib_CMSISv1p30_LPC17xx/Debug/libCMSISv1p30_LPC17xx.a(system_LPC17xx.o)
 .comment       0x000000000000006e       0x6f /Users/solderneer/Documents/Projects/EE2028-labs/Lib_EaBaseBoard/Debug/libLib_EaBaseBoard.a(acc.o)
 .comment       0x000000000000006e       0x6f /Users/solderneer/Documents/Projects/EE2028-labs/Lib_EaBaseBoard/Debug/libLib_EaBaseBoard.a(led7seg.o)
 .comment       0x000000000000006e       0x6f /Users/solderneer/Documents/Projects/EE2028-labs/Lib_EaBaseBoard/Debug/libLib_EaBaseBoard.a(light.o)
 .comment       0x000000000000006e       0x6f /Users/solderneer/Documents/Projects/EE2028-labs/Lib_EaBaseBoard/Debug/libLib_EaBaseBoard.a(oled.o)
 .comment       0x000000000000006e       0x6f /Users/solderneer/Documents/Projects/EE2028-labs/Lib_EaBaseBoard/Debug/libLib_EaBaseBoard.a(pca9532.o)
 .comment       0x000000000000006e       0x6f /Users/solderneer/Documents/Projects/EE2028-labs/Lib_EaBaseBoard/Debug/libLib_EaBaseBoard.a(temp.o)
 .comment       0x000000000000006e       0x6f /Users/solderneer/Documents/Projects/EE2028-labs/Lib_EaBaseBoard/Debug/libLib_EaBaseBoard.a(font5x7.o)
 .comment       0x000000000000006e       0x6f /Users/solderneer/Documents/Projects/EE2028-labs/Lib_MCU/Debug/libLib_MCU.a(lpc17xx_gpio.o)
 .comment       0x000000000000006e       0x6f /Users/solderneer/Documents/Projects/EE2028-labs/Lib_MCU/Debug/libLib_MCU.a(lpc17xx_i2c.o)
 .comment       0x000000000000006e       0x6f /Users/solderneer/Documents/Projects/EE2028-labs/Lib_MCU/Debug/libLib_MCU.a(lpc17xx_pinsel.o)
 .comment       0x000000000000006e       0x6f /Users/solderneer/Documents/Projects/EE2028-labs/Lib_MCU/Debug/libLib_MCU.a(lpc17xx_ssp.o)
 .comment       0x000000000000006e       0x6f /Users/solderneer/Documents/Projects/EE2028-labs/Lib_MCU/Debug/libLib_MCU.a(lpc17xx_timer.o)
 .comment       0x000000000000006e       0x6f /Users/solderneer/Documents/Projects/EE2028-labs/Lib_MCU/Debug/libLib_MCU.a(lpc17xx_uart.o)
 .comment       0x000000000000006e       0x6f /Users/solderneer/Documents/Projects/EE2028-labs/Lib_MCU/Debug/libLib_MCU.a(lpc17xx_clkpwr.o)
 .comment       0x000000000000006e       0x6e /Applications/lpcxpresso_8.2.2_650/lpcxpresso/tools/bin/../lib/gcc/arm-none-eabi/5.4.1/../../../../arm-none-eabi/lib/armv7-m/libcr_newlib_semihost.a(_cr_sbrk.o)
                                         0x6f (size before relaxing)
 .comment       0x00000000000000dc       0x6f /Applications/lpcxpresso_8.2.2_650/lpcxpresso/tools/bin/../lib/gcc/arm-none-eabi/5.4.1/../../../../arm-none-eabi/lib/armv7-m/libcr_newlib_semihost.a(_cr_check_heap.o)

.ARM.attributes
                0x0000000000000000       0x31
 .ARM.attributes
                0x0000000000000000       0x33 ./src/cr_startup_lpc17.o
 .ARM.attributes
                0x0000000000000033       0x33 ./src/main.o
 .ARM.attributes
                0x0000000000000066       0x33 ./src/uart.o
 .ARM.attributes
                0x0000000000000099       0x33 /Users/solderneer/Documents/Projects/EE2028-labs/Lib_CMSISv1p30_LPC17xx/Debug/libCMSISv1p30_LPC17xx.a(system_LPC17xx.o)
 .ARM.attributes
                0x00000000000000cc       0x33 /Users/solderneer/Documents/Projects/EE2028-labs/Lib_EaBaseBoard/Debug/libLib_EaBaseBoard.a(acc.o)
 .ARM.attributes
                0x00000000000000ff       0x33 /Users/solderneer/Documents/Projects/EE2028-labs/Lib_EaBaseBoard/Debug/libLib_EaBaseBoard.a(led7seg.o)
 .ARM.attributes
                0x0000000000000132       0x33 /Users/solderneer/Documents/Projects/EE2028-labs/Lib_EaBaseBoard/Debug/libLib_EaBaseBoard.a(light.o)
 .ARM.attributes
                0x0000000000000165       0x33 /Users/solderneer/Documents/Projects/EE2028-labs/Lib_EaBaseBoard/Debug/libLib_EaBaseBoard.a(oled.o)
 .ARM.attributes
                0x0000000000000198       0x33 /Users/solderneer/Documents/Projects/EE2028-labs/Lib_EaBaseBoard/Debug/libLib_EaBaseBoard.a(pca9532.o)
 .ARM.attributes
                0x00000000000001cb       0x33 /Users/solderneer/Documents/Projects/EE2028-labs/Lib_EaBaseBoard/Debug/libLib_EaBaseBoard.a(temp.o)
 .ARM.attributes
                0x00000000000001fe       0x33 /Users/solderneer/Documents/Projects/EE2028-labs/Lib_EaBaseBoard/Debug/libLib_EaBaseBoard.a(font5x7.o)
 .ARM.attributes
                0x0000000000000231       0x33 /Users/solderneer/Documents/Projects/EE2028-labs/Lib_MCU/Debug/libLib_MCU.a(lpc17xx_gpio.o)
 .ARM.attributes
                0x0000000000000264       0x33 /Users/solderneer/Documents/Projects/EE2028-labs/Lib_MCU/Debug/libLib_MCU.a(lpc17xx_i2c.o)
 .ARM.attributes
                0x0000000000000297       0x33 /Users/solderneer/Documents/Projects/EE2028-labs/Lib_MCU/Debug/libLib_MCU.a(lpc17xx_pinsel.o)
 .ARM.attributes
                0x00000000000002ca       0x33 /Users/solderneer/Documents/Projects/EE2028-labs/Lib_MCU/Debug/libLib_MCU.a(lpc17xx_ssp.o)
 .ARM.attributes
                0x00000000000002fd       0x33 /Users/solderneer/Documents/Projects/EE2028-labs/Lib_MCU/Debug/libLib_MCU.a(lpc17xx_timer.o)
 .ARM.attributes
                0x0000000000000330       0x33 /Users/solderneer/Documents/Projects/EE2028-labs/Lib_MCU/Debug/libLib_MCU.a(lpc17xx_uart.o)
 .ARM.attributes
                0x0000000000000363       0x33 /Users/solderneer/Documents/Projects/EE2028-labs/Lib_MCU/Debug/libLib_MCU.a(lpc17xx_clkpwr.o)
 .ARM.attributes
                0x0000000000000396       0x1d /Applications/lpcxpresso_8.2.2_650/lpcxpresso/tools/bin/../lib/gcc/arm-none-eabi/5.4.1/armv7-m/libgcc.a(_aeabi_uldivmod.o)
 .ARM.attributes
                0x00000000000003b3       0x2d /Applications/lpcxpresso_8.2.2_650/lpcxpresso/tools/bin/../lib/gcc/arm-none-eabi/5.4.1/armv7-m/libgcc.a(_udivmoddi4.o)
 .ARM.attributes
                0x00000000000003e0       0x1d /Applications/lpcxpresso_8.2.2_650/lpcxpresso/tools/bin/../lib/gcc/arm-none-eabi/5.4.1/armv7-m/libgcc.a(_dvmd_tls.o)
 .ARM.attributes
                0x00000000000003fd       0x2d /Applications/lpcxpresso_8.2.2_650/lpcxpresso/tools/bin/../lib/gcc/arm-none-eabi/5.4.1/../../../../arm-none-eabi/lib/armv7-m/libc.a(lib_a-memset.o)
 .ARM.attributes
                0x000000000000042a       0x2d /Applications/lpcxpresso_8.2.2_650/lpcxpresso/tools/bin/../lib/gcc/arm-none-eabi/5.4.1/../../../../arm-none-eabi/lib/armv7-m/libc.a(lib_a-sprintf.o)
 .ARM.attributes
                0x0000000000000457       0x2d /Applications/lpcxpresso_8.2.2_650/lpcxpresso/tools/bin/../lib/gcc/arm-none-eabi/5.4.1/../../../../arm-none-eabi/lib/armv7-m/libc.a(lib_a-strlen-stub.o)
 .ARM.attributes
                0x0000000000000484       0x2d /Applications/lpcxpresso_8.2.2_650/lpcxpresso/tools/bin/../lib/gcc/arm-none-eabi/5.4.1/../../../../arm-none-eabi/lib/armv7-m/libc.a(lib_a-svfprintf.o)
 .ARM.attributes
                0x00000000000004b1       0x2d /Applications/lpcxpresso_8.2.2_650/lpcxpresso/tools/bin/../lib/gcc/arm-none-eabi/5.4.1/../../../../arm-none-eabi/lib/armv7-m/libc.a(lib_a-dtoa.o)
 .ARM.attributes
                0x00000000000004de       0x2d /Applications/lpcxpresso_8.2.2_650/lpcxpresso/tools/bin/../lib/gcc/arm-none-eabi/5.4.1/../../../../arm-none-eabi/lib/armv7-m/libc.a(lib_a-impure.o)
 .ARM.attributes
                0x000000000000050b       0x2d /Applications/lpcxpresso_8.2.2_650/lpcxpresso/tools/bin/../lib/gcc/arm-none-eabi/5.4.1/../../../../arm-none-eabi/lib/armv7-m/libc.a(lib_a-locale.o)
 .ARM.attributes
                0x0000000000000538       0x2d /Applications/lpcxpresso_8.2.2_650/lpcxpresso/tools/bin/../lib/gcc/arm-none-eabi/5.4.1/../../../../arm-none-eabi/lib/armv7-m/libc.a(lib_a-mallocr.o)
 .ARM.attributes
                0x0000000000000565       0x2d /Applications/lpcxpresso_8.2.2_650/lpcxpresso/tools/bin/../lib/gcc/arm-none-eabi/5.4.1/../../../../arm-none-eabi/lib/armv7-m/libc.a(lib_a-memchr-stub.o)
 .ARM.attributes
                0x0000000000000592       0x1b /Applications/lpcxpresso_8.2.2_650/lpcxpresso/tools/bin/../lib/gcc/arm-none-eabi/5.4.1/../../../../arm-none-eabi/lib/armv7-m/libc.a(lib_a-memcpy.o)
 .ARM.attributes
                0x00000000000005ad       0x2d /Applications/lpcxpresso_8.2.2_650/lpcxpresso/tools/bin/../lib/gcc/arm-none-eabi/5.4.1/../../../../arm-none-eabi/lib/armv7-m/libc.a(lib_a-mlock.o)
 .ARM.attributes
                0x00000000000005da       0x2d /Applications/lpcxpresso_8.2.2_650/lpcxpresso/tools/bin/../lib/gcc/arm-none-eabi/5.4.1/../../../../arm-none-eabi/lib/armv7-m/libc.a(lib_a-mprec.o)
 .ARM.attributes
                0x0000000000000607       0x2d /Applications/lpcxpresso_8.2.2_650/lpcxpresso/tools/bin/../lib/gcc/arm-none-eabi/5.4.1/../../../../arm-none-eabi/lib/armv7-m/libc.a(lib_a-sbrkr.o)
 .ARM.attributes
                0x0000000000000634       0x2d /Applications/lpcxpresso_8.2.2_650/lpcxpresso/tools/bin/../lib/gcc/arm-none-eabi/5.4.1/../../../../arm-none-eabi/lib/armv7-m/libc.a(lib_a-svfiprintf.o)
 .ARM.attributes
                0x0000000000000661       0x2d /Applications/lpcxpresso_8.2.2_650/lpcxpresso/tools/bin/../lib/gcc/arm-none-eabi/5.4.1/../../../../arm-none-eabi/lib/armv7-m/libc.a(lib_a-callocr.o)
 .ARM.attributes
                0x000000000000068e       0x2d /Applications/lpcxpresso_8.2.2_650/lpcxpresso/tools/bin/../lib/gcc/arm-none-eabi/5.4.1/../../../../arm-none-eabi/lib/armv7-m/libc.a(lib_a-freer.o)
 .ARM.attributes
                0x00000000000006bb       0x2d /Applications/lpcxpresso_8.2.2_650/lpcxpresso/tools/bin/../lib/gcc/arm-none-eabi/5.4.1/../../../../arm-none-eabi/lib/armv7-m/libc.a(lib_a-memmove.o)
 .ARM.attributes
                0x00000000000006e8       0x2d /Applications/lpcxpresso_8.2.2_650/lpcxpresso/tools/bin/../lib/gcc/arm-none-eabi/5.4.1/../../../../arm-none-eabi/lib/armv7-m/libc.a(lib_a-reallocr.o)
 .ARM.attributes
                0x0000000000000715       0x2d /Applications/lpcxpresso_8.2.2_650/lpcxpresso/tools/bin/../lib/gcc/arm-none-eabi/5.4.1/../../../../arm-none-eabi/lib/armv7-m/libc.a(lib_a-reent.o)
 .ARM.attributes
                0x0000000000000742       0x33 /Applications/lpcxpresso_8.2.2_650/lpcxpresso/tools/bin/../lib/gcc/arm-none-eabi/5.4.1/../../../../arm-none-eabi/lib/armv7-m/libcr_newlib_semihost.a(_cr_sbrk.o)
 .ARM.attributes
                0x0000000000000775       0x33 /Applications/lpcxpresso_8.2.2_650/lpcxpresso/tools/bin/../lib/gcc/arm-none-eabi/5.4.1/../../../../arm-none-eabi/lib/armv7-m/libcr_newlib_semihost.a(_cr_check_heap.o)
 .ARM.attributes
                0x00000000000007a8       0x1d /Applications/lpcxpresso_8.2.2_650/lpcxpresso/tools/bin/../lib/gcc/arm-none-eabi/5.4.1/armv7-m/libgcc.a(_arm_addsubdf3.o)
 .ARM.attributes
                0x00000000000007c5       0x1d /Applications/lpcxpresso_8.2.2_650/lpcxpresso/tools/bin/../lib/gcc/arm-none-eabi/5.4.1/armv7-m/libgcc.a(_arm_muldivdf3.o)
 .ARM.attributes
                0x00000000000007e2       0x1d /Applications/lpcxpresso_8.2.2_650/lpcxpresso/tools/bin/../lib/gcc/arm-none-eabi/5.4.1/armv7-m/libgcc.a(_arm_cmpdf2.o)
 .ARM.attributes
                0x00000000000007ff       0x1d /Applications/lpcxpresso_8.2.2_650/lpcxpresso/tools/bin/../lib/gcc/arm-none-eabi/5.4.1/armv7-m/libgcc.a(_arm_unorddf2.o)
 .ARM.attributes
                0x000000000000081c       0x1d /Applications/lpcxpresso_8.2.2_650/lpcxpresso/tools/bin/../lib/gcc/arm-none-eabi/5.4.1/armv7-m/libgcc.a(_arm_fixdfsi.o)
 .ARM.attributes
                0x0000000000000839       0x2d /Applications/lpcxpresso_8.2.2_650/lpcxpresso/tools/bin/../lib/gcc/arm-none-eabi/5.4.1/../../../../arm-none-eabi/lib/armv7-m/libc.a(lib_a-errno.o)

.debug_frame    0x0000000000000000     0x28fc
 .debug_frame   0x0000000000000000      0x120 ./src/cr_startup_lpc17.o
 .debug_frame   0x0000000000000120      0x290 ./src/main.o
 .debug_frame   0x00000000000003b0      0x104 ./src/uart.o
 .debug_frame   0x00000000000004b4       0x64 /Users/solderneer/Documents/Projects/EE2028-labs/Lib_CMSISv1p30_LPC17xx/Debug/libCMSISv1p30_LPC17xx.a(system_LPC17xx.o)
 .debug_frame   0x0000000000000518      0x14c /Users/solderneer/Documents/Projects/EE2028-labs/Lib_EaBaseBoard/Debug/libLib_EaBaseBoard.a(acc.o)
 .debug_frame   0x0000000000000664       0x50 /Users/solderneer/Documents/Projects/EE2028-labs/Lib_EaBaseBoard/Debug/libLib_EaBaseBoard.a(led7seg.o)
 .debug_frame   0x00000000000006b4      0x24c /Users/solderneer/Documents/Projects/EE2028-labs/Lib_EaBaseBoard/Debug/libLib_EaBaseBoard.a(light.o)
 .debug_frame   0x0000000000000900      0x244 /Users/solderneer/Documents/Projects/EE2028-labs/Lib_EaBaseBoard/Debug/libLib_EaBaseBoard.a(oled.o)
 .debug_frame   0x0000000000000b44      0x1e8 /Users/solderneer/Documents/Projects/EE2028-labs/Lib_EaBaseBoard/Debug/libLib_EaBaseBoard.a(pca9532.o)
 .debug_frame   0x0000000000000d2c       0x58 /Users/solderneer/Documents/Projects/EE2028-labs/Lib_EaBaseBoard/Debug/libLib_EaBaseBoard.a(temp.o)
 .debug_frame   0x0000000000000d84      0x344 /Users/solderneer/Documents/Projects/EE2028-labs/Lib_MCU/Debug/libLib_MCU.a(lpc17xx_gpio.o)
 .debug_frame   0x00000000000010c8      0x35c /Users/solderneer/Documents/Projects/EE2028-labs/Lib_MCU/Debug/libLib_MCU.a(lpc17xx_i2c.o)
 .debug_frame   0x0000000000001424       0xfc /Users/solderneer/Documents/Projects/EE2028-labs/Lib_MCU/Debug/libLib_MCU.a(lpc17xx_pinsel.o)
 .debug_frame   0x0000000000001520      0x2e0 /Users/solderneer/Documents/Projects/EE2028-labs/Lib_MCU/Debug/libLib_MCU.a(lpc17xx_ssp.o)
 .debug_frame   0x0000000000001800      0x280 /Users/solderneer/Documents/Projects/EE2028-labs/Lib_MCU/Debug/libLib_MCU.a(lpc17xx_timer.o)
 .debug_frame   0x0000000000001a80      0x4f8 /Users/solderneer/Documents/Projects/EE2028-labs/Lib_MCU/Debug/libLib_MCU.a(lpc17xx_uart.o)
 .debug_frame   0x0000000000001f78      0x13c /Users/solderneer/Documents/Projects/EE2028-labs/Lib_MCU/Debug/libLib_MCU.a(lpc17xx_clkpwr.o)
 .debug_frame   0x00000000000020b4       0x2c /Applications/lpcxpresso_8.2.2_650/lpcxpresso/tools/bin/../lib/gcc/arm-none-eabi/5.4.1/armv7-m/libgcc.a(_aeabi_uldivmod.o)
 .debug_frame   0x00000000000020e0       0x38 /Applications/lpcxpresso_8.2.2_650/lpcxpresso/tools/bin/../lib/gcc/arm-none-eabi/5.4.1/armv7-m/libgcc.a(_udivmoddi4.o)
 .debug_frame   0x0000000000002118       0x34 /Applications/lpcxpresso_8.2.2_650/lpcxpresso/tools/bin/../lib/gcc/arm-none-eabi/5.4.1/../../../../arm-none-eabi/lib/armv7-m/libc.a(lib_a-memset.o)
 .debug_frame   0x000000000000214c       0x84 /Applications/lpcxpresso_8.2.2_650/lpcxpresso/tools/bin/../lib/gcc/arm-none-eabi/5.4.1/../../../../arm-none-eabi/lib/armv7-m/libc.a(lib_a-sprintf.o)
 .debug_frame   0x00000000000021d0       0x20 /Applications/lpcxpresso_8.2.2_650/lpcxpresso/tools/bin/../lib/gcc/arm-none-eabi/5.4.1/../../../../arm-none-eabi/lib/armv7-m/libc.a(lib_a-strlen-stub.o)
 .debug_frame   0x00000000000021f0       0x44 /Applications/lpcxpresso_8.2.2_650/lpcxpresso/tools/bin/../lib/gcc/arm-none-eabi/5.4.1/../../../../arm-none-eabi/lib/armv7-m/libc.a(lib_a-svfprintf.o)
 .debug_frame   0x0000000000002234       0x84 /Applications/lpcxpresso_8.2.2_650/lpcxpresso/tools/bin/../lib/gcc/arm-none-eabi/5.4.1/../../../../arm-none-eabi/lib/armv7-m/libc.a(lib_a-dtoa.o)
 .debug_frame   0x00000000000022b8       0x9c /Applications/lpcxpresso_8.2.2_650/lpcxpresso/tools/bin/../lib/gcc/arm-none-eabi/5.4.1/../../../../arm-none-eabi/lib/armv7-m/libc.a(lib_a-locale.o)
 .debug_frame   0x0000000000002354       0x54 /Applications/lpcxpresso_8.2.2_650/lpcxpresso/tools/bin/../lib/gcc/arm-none-eabi/5.4.1/../../../../arm-none-eabi/lib/armv7-m/libc.a(lib_a-mallocr.o)
 .debug_frame   0x00000000000023a8       0x34 /Applications/lpcxpresso_8.2.2_650/lpcxpresso/tools/bin/../lib/gcc/arm-none-eabi/5.4.1/../../../../arm-none-eabi/lib/armv7-m/libc.a(lib_a-memchr-stub.o)