Archive member included to satisfy reference by file (symbol)

/Users/solderneer/Documents/Projects/EE2028-labs/Lib_CMSISv1p30_LPC17xx/Debug/libCMSISv1p30_LPC17xx.a(system_LPC17xx.o)
                              ./src/main.o (SystemCoreClock)
/Users/solderneer/Documents/Projects/EE2028-labs/Lib_EaBaseBoard/Debug/libLib_EaBaseBoard.a(acc.o)
                              ./src/main.o (acc_init)
/Users/solderneer/Documents/Projects/EE2028-labs/Lib_EaBaseBoard/Debug/libLib_EaBaseBoard.a(led7seg.o)
                              ./src/main.o (led7seg_init)
/Users/solderneer/Documents/Projects/EE2028-labs/Lib_EaBaseBoard/Debug/libLib_EaBaseBoard.a(oled.o)
                              ./src/main.o (oled_init)
/Users/solderneer/Documents/Projects/EE2028-labs/Lib_EaBaseBoard/Debug/libLib_EaBaseBoard.a(pca9532.o)
                              ./src/main.o (pca9532_init)
/Users/solderneer/Documents/Projects/EE2028-labs/Lib_EaBaseBoard/Debug/libLib_EaBaseBoard.a(temp.o)
                              ./src/main.o (temp_init)
/Users/solderneer/Documents/Projects/EE2028-labs/Lib_EaBaseBoard/Debug/libLib_EaBaseBoard.a(font5x7.o)
                              /Users/solderneer/Documents/Projects/EE2028-labs/Lib_EaBaseBoard/Debug/libLib_EaBaseBoard.a(oled.o) (font5x7)
/Users/solderneer/Documents/Projects/EE2028-labs/Lib_MCU/Debug/libLib_MCU.a(lpc17xx_gpio.o)
                              /Users/solderneer/Documents/Projects/EE2028-labs/Lib_EaBaseBoard/Debug/libLib_EaBaseBoard.a(led7seg.o) (GPIO_SetDir)
/Users/solderneer/Documents/Projects/EE2028-labs/Lib_MCU/Debug/libLib_MCU.a(lpc17xx_i2c.o)
                              ./src/main.o (I2C_Init)
/Users/solderneer/Documents/Projects/EE2028-labs/Lib_MCU/Debug/libLib_MCU.a(lpc17xx_pinsel.o)
                              ./src/main.o (PINSEL_ConfigPin)
/Users/solderneer/Documents/Projects/EE2028-labs/Lib_MCU/Debug/libLib_MCU.a(lpc17xx_ssp.o)
                              ./src/main.o (SSP_Init)
/Users/solderneer/Documents/Projects/EE2028-labs/Lib_MCU/Debug/libLib_MCU.a(lpc17xx_clkpwr.o)
                              /Users/solderneer/Documents/Projects/EE2028-labs/Lib_MCU/Debug/libLib_MCU.a(lpc17xx_i2c.o) (CLKPWR_SetPCLKDiv)
/Applications/lpcxpresso_8.2.2_650/lpcxpresso/tools/bin/../lib/gcc/arm-none-eabi/5.4.1/armv7-m/libgcc.a(_aeabi_uldivmod.o)
                              /Users/solderneer/Documents/Projects/EE2028-labs/Lib_CMSISv1p30_LPC17xx/Debug/libCMSISv1p30_LPC17xx.a(system_LPC17xx.o) (__aeabi_uldivmod)
/Applications/lpcxpresso_8.2.2_650/lpcxpresso/tools/bin/../lib/gcc/arm-none-eabi/5.4.1/armv7-m/libgcc.a(_udivmoddi4.o)
                              /Applications/lpcxpresso_8.2.2_650/lpcxpresso/tools/bin/../lib/gcc/arm-none-eabi/5.4.1/armv7-m/libgcc.a(_aeabi_uldivmod.o) (__udivmoddi4)
/Applications/lpcxpresso_8.2.2_650/lpcxpresso/tools/bin/../lib/gcc/arm-none-eabi/5.4.1/armv7-m/libgcc.a(_dvmd_tls.o)
                              /Applications/lpcxpresso_8.2.2_650/lpcxpresso/tools/bin/../lib/gcc/arm-none-eabi/5.4.1/armv7-m/libgcc.a(_aeabi_uldivmod.o) (__aeabi_ldiv0)
/Applications/lpcxpresso_8.2.2_650/lpcxpresso/tools/bin/../lib/gcc/arm-none-eabi/5.4.1/../../../../arm-none-eabi/lib/armv7-m/libc.a(lib_a-memset.o)
                              /Users/solderneer/Documents/Projects/EE2028-labs/Lib_EaBaseBoard/Debug/libLib_EaBaseBoard.a(oled.o) (memset)
/Applications/lpcxpresso_8.2.2_650/lpcxpresso/tools/bin/../lib/gcc/arm-none-eabi/5.4.1/../../../../arm-none-eabi/lib/armv7-m/libc.a(lib_a-sprintf.o)
                              ./src/main.o (sprintf)
/Applications/lpcxpresso_8.2.2_650/lpcxpresso/tools/bin/../lib/gcc/arm-none-eabi/5.4.1/../../../../arm-none-eabi/lib/armv7-m/libc.a(lib_a-svfprintf.o)
                              /Applications/lpcxpresso_8.2.2_650/lpcxpresso/tools/bin/../lib/gcc/arm-none-eabi/5.4.1/../../../../arm-none-eabi/lib/armv7-m/libc.a(lib_a-sprintf.o) (_svfprintf_r)
/Applications/lpcxpresso_8.2.2_650/lpcxpresso/tools/bin/../lib/gcc/arm-none-eabi/5.4.1/../../../../arm-none-eabi/lib/armv7-m/libc.a(lib_a-dtoa.o)
                              /Applications/lpcxpresso_8.2.2_650/lpcxpresso/tools/bin/../lib/gcc/arm-none-eabi/5.4.1/../../../../arm-none-eabi/lib/armv7-m/libc.a(lib_a-svfprintf.o) (_dtoa_r)
/Applications/lpcxpresso_8.2.2_650/lpcxpresso/tools/bin/../lib/gcc/arm-none-eabi/5.4.1/../../../../arm-none-eabi/lib/armv7-m/libc.a(lib_a-impure.o)
                              /Applications/lpcxpresso_8.2.2_650/lpcxpresso/tools/bin/../lib/gcc/arm-none-eabi/5.4.1/../../../../arm-none-eabi/lib/armv7-m/libc.a(lib_a-sprintf.o) (_impure_ptr)
/Applications/lpcxpresso_8.2.2_650/lpcxpresso/tools/bin/../lib/gcc/arm-none-eabi/5.4.1/../../../../arm-none-eabi/lib/armv7-m/libc.a(lib_a-locale.o)
                              /Applications/lpcxpresso_8.2.2_650/lpcxpresso/tools/bin/../lib/gcc/arm-none-eabi/5.4.1/../../../../arm-none-eabi/lib/armv7-m/libc.a(lib_a-svfprintf.o) (_localeconv_r)
[...]
Memory Configuration

Name             Origin             Length             Attributes
MFlash512        0x0000000000000000 0x0000000000080000 xr
RamLoc32         0x0000000010000000 0x0000000000008000 xrw
RamAHB32         0x000000002007c000 0x0000000000008000 xrw
*default*        0x0000000000000000 0xffffffffffffffff

Linker script and memory map

LOAD ./src/cr_startup_lpc17.o
LOAD ./src/main.o
LOAD /Users/solderneer/Documents/Projects/EE2028-labs/Lib_CMSISv1p30_LPC17xx/Debug/libCMSISv1p30_LPC17xx.a
LOAD /Users/solderneer/Documents/Projects/EE2028-labs/Lib_EaBaseBoard/Debug/libLib_EaBaseBoard.a
LOAD /Users/solderneer/Documents/Projects/EE2028-labs/Lib_MCU/Debug/libLib_MCU.a
START GROUP
LOAD /Applications/lpcxpresso_8.2.2_650/lpcxpresso/tools/bin/../lib/gcc/arm-none-eabi/5.4.1/armv7-m/libgcc.a
LOAD /Applications/lpcxpresso_8.2.2_650/lpcxpresso/tools/bin/../lib/gcc/arm-none-eabi/5.4.1/../../../../arm-none-eabi/lib/armv7-m/libc.a
LOAD /Applications/lpcxpresso_8.2.2_650/lpcxpresso/tools/bin/../lib/gcc/arm-none-eabi/5.4.1/../../../../arm-none-eabi/lib/armv7-m/libm.a
LOAD /Applications/lpcxpresso_8.2.2_650/lpcxpresso/tools/bin/../lib/gcc/arm-none-eabi/5.4.1/../../../../arm-none-eabi/lib/armv7-m/libcr_newlib_semihost.a
END GROUP
                0x0000000000000000                __base_MFlash512 = 0x0
                0x0000000000000000                __base_Flash = 0x0
                0x0000000000080000                __top_MFlash512 = 0x80000
                0x0000000000080000                __top_Flash = 0x80000
                0x0000000010000000                __base_RamLoc32 = 0x10000000
                0x0000000010000000                __base_RAM = 0x10000000
                0x0000000010008000                __top_RamLoc32 = 0x10008000
                0x0000000010008000                __top_RAM = 0x10008000
                0x000000002007c000                __base_RamAHB32 = 0x2007c000
                0x000000002007c000                __base_RAM2 = 0x2007c000
                0x0000000020084000                __top_RamAHB32 = 0x20084000
                0x0000000020084000                __top_RAM2 = 0x20084000

.text           0x0000000000000000     0x78b4
 FILL mask 0xff
                0x0000000000000000                __vectors_start__ = ABSOLUTE (.)
 *(.isr_vector)
 .isr_vector    0x0000000000000000       0xcc ./src/cr_startup_lpc17.o
                0x0000000000000000                g_pfnVectors
                0x00000000000000cc                . = ALIGN (0x4)
                0x00000000000000cc                __section_table_start = .
                0x00000000000000cc                __data_section_table = .
                0x00000000000000cc        0x4 LONG 0x78bc LOADADDR (.data)
                0x00000000000000d0        0x4 LONG 0x10000000 ADDR (.data)
                0x00000000000000d4        0x4 LONG 0x8cc SIZEOF (.data)
                0x00000000000000d8        0x4 LONG 0x78bc LOADADDR (.data_RAM2)
                0x00000000000000dc        0x4 LONG 0x2007c000 ADDR (.data_RAM2)
                0x00000000000000e0        0x4 LONG 0x0 SIZEOF (.data_RAM2)
                0x00000000000000e4                __data_section_table_end = .
                0x00000000000000e4                __bss_section_table = .
                0x00000000000000e4        0x4 LONG 0x100008cc ADDR (.bss)
                0x00000000000000e8        0x4 LONG 0x388 SIZEOF (.bss)
                0x00000000000000ec        0x4 LONG 0x2007c000 ADDR (.bss_RAM2)
                0x00000000000000f0        0x4 LONG 0x0 SIZEOF (.bss_RAM2)
                0x00000000000000f4                __bss_section_table_end = .
                0x00000000000000f4                __section_table_end = .
 *(.after_vectors*)
 *(.text*)
 .text.ResetISR
                0x00000000000000f4       0x58 ./src/cr_startup_lpc17.o
                0x00000000000000f4                ResetISR
 .text.NMI_Handler
                0x000000000000014c        0x8 ./src/cr_startup_lpc17.o
                0x000000000000014c                NMI_Handler
 .text.HardFault_Handler
                0x0000000000000154        0x8 ./src/cr_startup_lpc17.o
                0x0000000000000154                HardFault_Handler
 .text.MemManage_Handler
                0x000000000000015c        0x8 ./src/cr_startup_lpc17.o
                0x000000000000015c                MemManage_Handler
 .text.BusFault_Handler
                0x0000000000000164        0x8 ./src/cr_startup_lpc17.o
                0x0000000000000164                BusFault_Handler
 .text.UsageFault_Handler
                0x000000000000016c        0x8 ./src/cr_startup_lpc17.o
                0x000000000000016c                UsageFault_Handler
 .text.SVCall_Handler
                0x0000000000000174        0x8 ./src/cr_startup_lpc17.o
                0x0000000000000174                SVCall_Handler
 .text.DebugMon_Handler
                0x000000000000017c        0x8 ./src/cr_startup_lpc17.o
                0x000000000000017c                DebugMon_Handler
 .text.PendSV_Handler
                0x0000000000000184        0x8 ./src/cr_startup_lpc17.o
                0x0000000000000184                PendSV_Handler
 .text.IntDefaultHandler
                0x000000000000018c        0x8 ./src/cr_startup_lpc17.o
                0x000000000000018c                ENET_IRQHandler
                0x000000000000018c                RIT_IRQHandler
                0x000000000000018c                I2C0_IRQHandler
                0x000000000000018c                USBActivity_IRQHandler
                0x000000000000018c                PWM1_IRQHandler
                0x000000000000018c                I2C1_IRQHandler
                0x000000000000018c                EINT2_IRQHandler
                0x000000000000018c                UART1_IRQHandler
                0x000000000000018c                EINT3_IRQHandler
                0x000000000000018c                CANActivity_IRQHandler
                0x000000000000018c                TIMER3_IRQHandler
                0x000000000000018c                UART0_IRQHandler
                0x000000000000018c                IntDefaultHandler
                0x000000000000018c                PLL0_IRQHandler
                0x000000000000018c                CAN_IRQHandler
                0x000000000000018c                PLL1_IRQHandler
                0x000000000000018c                SSP0_IRQHandler
                0x000000000000018c                I2S_IRQHandler
                0x000000000000018c                I2C2_IRQHandler
                0x000000000000018c                RTC_IRQHandler
                0x000000000000018c                TIMER0_IRQHandler
                0x000000000000018c                SPI_IRQHandler
                0x000000000000018c                EINT1_IRQHandler
                0x000000000000018c                TIMER1_IRQHandler
                0x000000000000018c                UART2_IRQHandler
                0x000000000000018c                ADC_IRQHandler
                0x000000000000018c                SSP1_IRQHandler
                0x000000000000018c                USB_IRQHandler
                0x000000000000018c                BOD_IRQHandler
                0x000000000000018c                WDT_IRQHandler
                0x000000000000018c                QEI_IRQHandler
                0x000000000000018c                EINT0_IRQHandler
                0x000000000000018c                DMA_IRQHandler
                0x000000000000018c                UART3_IRQHandler
                0x000000000000018c                MCPWM_IRQHandler
                0x000000000000018c                TIMER2_IRQHandler
 .text.NVIC_SetPriority
                0x0000000000000194       0x54 ./src/main.o
 .text.SysTick_Config
                0x00000000000001e8       0x44 ./src/main.o
 .text.SysTick_Handler
                0x000000000000022c       0x1c ./src/main.o
                0x000000000000022c                SysTick_Handler
 .text.get_ticks
                0x0000000000000248       0x14 ./src/main.o
                0x0000000000000248                get_ticks
 .text.systick_delay
                0x000000000000025c       0x2c ./src/main.o
 .text.init_i2c
                0x0000000000000288       0x48 ./src/main.o
 .text.init_ssp
                0x00000000000002d0       0x78 ./src/main.o
 .text.bar_light
                0x0000000000000348       0x68 ./src/main.o
 .text.init_gpio
                0x00000000000003b0       0x2c ./src/main.o
 .text.main     0x00000000000003dc      0x144 ./src/main.o
                0x00000000000003dc                main
 .text.check_failed
                0x0000000000000520        0xc ./src/main.o
                0x0000000000000520                check_failed
 .text.SystemInit
                0x000000000000052c      0x140 /Users/solderneer/Documents/Projects/EE2028-labs/Lib_CMSISv1p30_LPC17xx/Debug/libCMSISv1p30_LPC17xx.a(system_LPC17xx.o)
                0x000000000000052c                SystemInit
 .text.I2CRead  0x000000000000066c       0x50 /Users/solderneer/Documents/Projects/EE2028-labs/Lib_EaBaseBoard/Debug/libLib_EaBaseBoard.a(acc.o)
 .text.I2CWrite
                0x00000000000006bc       0x50 /Users/solderneer/Documents/Projects/EE2028-labs/Lib_EaBaseBoard/Debug/libLib_EaBaseBoard.a(acc.o)
 .text.getStatus
                0x000000000000070c       0x2c /Users/solderneer/Documents/Projects/EE2028-labs/Lib_EaBaseBoard/Debug/libLib_EaBaseBoard.a(acc.o)
 .text.setModeControl
                0x0000000000000738       0x28 /Users/solderneer/Documents/Projects/EE2028-labs/Lib_EaBaseBoard/Debug/libLib_EaBaseBoard.a(acc.o)
 .text.acc_init
                0x0000000000000760       0x10 /Users/solderneer/Documents/Projects/EE2028-labs/Lib_EaBaseBoard/Debug/libLib_EaBaseBoard.a(acc.o)
                0x0000000000000760                acc_init
 .text.acc_read
                0x0000000000000770       0x9c /Users/solderneer/Documents/Projects/EE2028-labs/Lib_EaBaseBoard/Debug/libLib_EaBaseBoard.a(acc.o)
                0x0000000000000770                acc_read
 .text.led7seg_init
                0x000000000000080c       0x1c /Users/solderneer/Documents/Projects/EE2028-labs/Lib_EaBaseBoard/Debug/libLib_EaBaseBoard.a(led7seg.o)
                0x000000000000080c                led7seg_init
 .text.led7seg_setChar
                0x0000000000000828       0x74 /Users/solderneer/Documents/Projects/EE2028-labs/Lib_EaBaseBoard/Debug/libLib_EaBaseBoard.a(led7seg.o)
                0x0000000000000828                led7seg_setChar
 .text.writeCommand
                0x000000000000089c       0x48 /Users/solderneer/Documents/Projects/EE2028-labs/Lib_EaBaseBoard/Debug/libLib_EaBaseBoard.a(oled.o)
 .text.writeData
                0x00000000000008e4       0x48 /Users/solderneer/Documents/Projects/EE2028-labs/Lib_EaBaseBoard/Debug/libLib_EaBaseBoard.a(oled.o)
 .text.writeDataLen
                0x000000000000092c       0x78 /Users/solderneer/Documents/Projects/EE2028-labs/Lib_EaBaseBoard/Debug/libLib_EaBaseBoard.a(oled.o)
 .text.runInitSequence
                0x00000000000009a4       0xd4 /Users/solderneer/Documents/Projects/EE2028-labs/Lib_EaBaseBoard/Debug/libLib_EaBaseBoard.a(oled.o)
 .text.oled_init
                0x0000000000000a78       0x74 /Users/solderneer/Documents/Projects/EE2028-labs/Lib_EaBaseBoard/Debug/libLib_EaBaseBoard.a(oled.o)
                0x0000000000000a78                oled_init
 .text.oled_putPixel
                0x0000000000000aec      0x150 /Users/solderneer/Documents/Projects/EE2028-labs/Lib_EaBaseBoard/Debug/libLib_EaBaseBoard.a(oled.o)
                0x0000000000000aec                oled_putPixel
 .text.oled_clearScreen
                0x0000000000000c3c       0x64 /Users/solderneer/Documents/Projects/EE2028-labs/Lib_EaBaseBoard/Debug/libLib_EaBaseBoard.a(oled.o)
                0x0000000000000c3c                oled_clearScreen
 .text.oled_putChar
                0x0000000000000ca0       0xd8 /Users/solderneer/Documents/Projects/EE2028-labs/Lib_EaBaseBoard/Debug/libLib_EaBaseBoard.a(oled.o)
                0x0000000000000ca0                oled_putChar
 .text.oled_putString
                0x0000000000000d78       0x54 /Users/solderneer/Documents/Projects/EE2028-labs/Lib_EaBaseBoard/Debug/libLib_EaBaseBoard.a(oled.o)
                0x0000000000000d78                oled_putString
 .text.I2CWrite
                0x0000000000000dcc       0x50 /Users/solderneer/Documents/Projects/EE2028-labs/Lib_EaBaseBoard/Debug/libLib_EaBaseBoard.a(pca9532.o)
 .text.setLsStates
                0x0000000000000e1c       0xcc /Users/solderneer/Documents/Projects/EE2028-labs/Lib_EaBaseBoard/Debug/libLib_EaBaseBoard.a(pca9532.o)
 .text.setLeds  0x0000000000000ee8       0x70 /Users/solderneer/Documents/Projects/EE2028-labs/Lib_EaBaseBoard/Debug/libLib_EaBaseBoard.a(pca9532.o)
 .text.pca9532_init
                0x0000000000000f58        0xc /Users/solderneer/Documents/Projects/EE2028-labs/Lib_EaBaseBoard/Debug/libLib_EaBaseBoard.a(pca9532.o)
                0x0000000000000f58                pca9532_init
 .text.pca9532_setLeds
                0x0000000000000f64       0x80 /Users/solderneer/Documents/Projects/EE2028-labs/Lib_EaBaseBoard/Debug/libLib_EaBaseBoard.a(pca9532.o)
                0x0000000000000f64                pca9532_setLeds
 .text.temp_init
                0x0000000000000fe4       0x24 /Users/solderneer/Documents/Projects/EE2028-labs/Lib_EaBaseBoard/Debug/libLib_EaBaseBoard.a(temp.o)
                0x0000000000000fe4                temp_init
 .text.temp_read
                0x0000000000001008       0xf0 /Users/solderneer/Documents/Projects/EE2028-labs/Lib_EaBaseBoard/Debug/libLib_EaBaseBoard.a(temp.o)
                0x0000000000001008                temp_read
 .text.GPIO_GetPointer
                0x00000000000010f8       0x70 /Users/solderneer/Documents/Projects/EE2028-labs/Lib_MCU/Debug/libLib_MCU.a(lpc17xx_gpio.o)
 .text.GPIO_SetDir
                0x0000000000001168       0x4c /Users/solderneer/Documents/Projects/EE2028-labs/Lib_MCU/Debug/libLib_MCU.a(lpc17xx_gpio.o)
                0x0000000000001168                GPIO_SetDir
 .text.GPIO_SetValue
                0x00000000000011b4       0x2c /Users/solderneer/Documents/Projects/EE2028-labs/Lib_MCU/Debug/libLib_MCU.a(lpc17xx_gpio.o)
                0x00000000000011b4                GPIO_SetValue
 .text.GPIO_ClearValue
                0x00000000000011e0       0x2c /Users/solderneer/Documents/Projects/EE2028-labs/Lib_MCU/Debug/libLib_MCU.a(lpc17xx_gpio.o)
                0x00000000000011e0                GPIO_ClearValue
 .text.GPIO_ReadValue
                0x000000000000120c       0x2c /Users/solderneer/Documents/Projects/EE2028-labs/Lib_MCU/Debug/libLib_MCU.a(lpc17xx_gpio.o)
                0x000000000000120c                GPIO_ReadValue
 .text.NVIC_EnableIRQ
                0x0000000000001238       0x30 /Users/solderneer/Documents/Projects/EE2028-labs/Lib_MCU/Debug/libLib_MCU.a(lpc17xx_i2c.o)
 .text.NVIC_DisableIRQ
                0x0000000000001268       0x34 /Users/solderneer/Documents/Projects/EE2028-labs/Lib_MCU/Debug/libLib_MCU.a(lpc17xx_i2c.o)
 .text.I2C_getNum
                0x000000000000129c       0x48 /Users/solderneer/Documents/Projects/EE2028-labs/Lib_MCU/Debug/libLib_MCU.a(lpc17xx_i2c.o)
 .text.I2C_Start
                0x00000000000012e4       0x3c /Users/solderneer/Documents/Projects/EE2028-labs/Lib_MCU/Debug/libLib_MCU.a(lpc17xx_i2c.o)
 .text.I2C_Stop
                0x0000000000001320       0x30 /Users/solderneer/Documents/Projects/EE2028-labs/Lib_MCU/Debug/libLib_MCU.a(lpc17xx_i2c.o)
 .text.I2C_SendByte
                0x0000000000001350       0x4c /Users/solderneer/Documents/Projects/EE2028-labs/Lib_MCU/Debug/libLib_MCU.a(lpc17xx_i2c.o)
 .text.I2C_GetByte
                0x000000000000139c       0x54 /Users/solderneer/Documents/Projects/EE2028-labs/Lib_MCU/Debug/libLib_MCU.a(lpc17xx_i2c.o)
 .text.I2C_IntCmd
                0x00000000000013f0       0x88 /Users/solderneer/Documents/Projects/EE2028-labs/Lib_MCU/Debug/libLib_MCU.a(lpc17xx_i2c.o)
                0x00000000000013f0                I2C_IntCmd
 .text.I2C_MasterHandler
                0x0000000000001478      0x3a0 /Users/solderneer/Documents/Projects/EE2028-labs/Lib_MCU/Debug/libLib_MCU.a(lpc17xx_i2c.o)
                0x0000000000001478                I2C_MasterHandler
 .text.I2C_SetClock
                0x0000000000001818       0xa4 /Users/solderneer/Documents/Projects/EE2028-labs/Lib_MCU/Debug/libLib_MCU.a(lpc17xx_i2c.o)
                0x0000000000001818                I2C_SetClock
 .text.I2C_Init
                0x00000000000018bc       0xa4 /Users/solderneer/Documents/Projects/EE2028-labs/Lib_MCU/Debug/libLib_MCU.a(lpc17xx_i2c.o)
                0x00000000000018bc                I2C_Init
 .text.I2C_Cmd  0x0000000000001960       0x70 /Users/solderneer/Documents/Projects/EE2028-labs/Lib_MCU/Debug/libLib_MCU.a(lpc17xx_i2c.o)
                0x0000000000001960                I2C_Cmd
 .text.I2C_MasterTransferData
                0x00000000000019d0      0x2f8 /Users/solderneer/Documents/Projects/EE2028-labs/Lib_MCU/Debug/libLib_MCU.a(lpc17xx_i2c.o)
                0x00000000000019d0                I2C_MasterTransferData
 .text.PINSEL_SetPinFunc
                0x0000000000001cc8       0x84 /Users/solderneer/Documents/Projects/EE2028-labs/Lib_MCU/Debug/libLib_MCU.a(lpc17xx_pinsel.o)
                0x0000000000001cc8                PINSEL_SetPinFunc
 .text.PINSEL_SetResistorMode
                0x0000000000001d4c       0x84 /Users/solderneer/Documents/Projects/EE2028-labs/Lib_MCU/Debug/libLib_MCU.a(lpc17xx_pinsel.o)
                0x0000000000001d4c                PINSEL_SetResistorMode
 .text.PINSEL_SetOpenDrainMode
                0x0000000000001dd0       0x6c /Users/solderneer/Documents/Projects/EE2028-labs/Lib_MCU/Debug/libLib_MCU.a(lpc17xx_pinsel.o)
                0x0000000000001dd0                PINSEL_SetOpenDrainMode
 .text.PINSEL_ConfigPin
                0x0000000000001e3c       0x48 /Users/solderneer/Documents/Projects/EE2028-labs/Lib_MCU/Debug/libLib_MCU.a(lpc17xx_pinsel.o)
                0x0000000000001e3c                PINSEL_ConfigPin
 .text.SSP_getNum
                0x0000000000001e84       0x38 /Users/solderneer/Documents/Projects/EE2028-labs/Lib_MCU/Debug/libLib_MCU.a(lpc17xx_ssp.o)
 .text.SSP_IntHandler
                0x0000000000001ebc      0x2cc /Users/solderneer/Documents/Projects/EE2028-labs/Lib_MCU/Debug/libLib_MCU.a(lpc17xx_ssp.o)
                0x0000000000001ebc                SSP_IntHandler
 .text.SSP_SetClock
                0x0000000000002188       0xc4 /Users/solderneer/Documents/Projects/EE2028-labs/Lib_MCU/Debug/libLib_MCU.a(lpc17xx_ssp.o)
                0x0000000000002188                SSP_SetClock
 .text.SSP_Init
                0x000000000000224c       0xd8 /Users/solderneer/Documents/Projects/EE2028-labs/Lib_MCU/Debug/libLib_MCU.a(lpc17xx_ssp.o)
                0x000000000000224c                SSP_Init
 .text.SSP_ConfigStructInit
                0x0000000000002324       0x3c /Users/solderneer/Documents/Projects/EE2028-labs/Lib_MCU/Debug/libLib_MCU.a(lpc17xx_ssp.o)
                0x0000000000002324                SSP_ConfigStructInit
 .text.SSP_Cmd  0x0000000000002360       0x70 /Users/solderneer/Documents/Projects/EE2028-labs/Lib_MCU/Debug/libLib_MCU.a(lpc17xx_ssp.o)
                0x0000000000002360                SSP_Cmd
 .text.SSP_SendData
                0x00000000000023d0       0x40 /Users/solderneer/Documents/Projects/EE2028-labs/Lib_MCU/Debug/libLib_MCU.a(lpc17xx_ssp.o)
                0x00000000000023d0                SSP_SendData
 .text.SSP_ReceiveData
                0x0000000000002410       0x3c /Users/solderneer/Documents/Projects/EE2028-labs/Lib_MCU/Debug/libLib_MCU.a(lpc17xx_ssp.o)
                0x0000000000002410                SSP_ReceiveData
 .text.SSP_ReadWrite
                0x000000000000244c      0x3c0 /Users/solderneer/Documents/Projects/EE2028-labs/Lib_MCU/Debug/libLib_MCU.a(lpc17xx_ssp.o)
                0x000000000000244c                SSP_ReadWrite
 .text.CLKPWR_SetPCLKDiv
                0x000000000000280c       0x8c /Users/solderneer/Documents/Projects/EE2028-labs/Lib_MCU/Debug/libLib_MCU.a(lpc17xx_clkpwr.o)
                0x000000000000280c                CLKPWR_SetPCLKDiv
 .text.CLKPWR_GetPCLKSEL
                0x0000000000002898       0x48 /Users/solderneer/Documents/Projects/EE2028-labs/Lib_MCU/Debug/libLib_MCU.a(lpc17xx_clkpwr.o)
                0x0000000000002898                CLKPWR_GetPCLKSEL
 .text.CLKPWR_GetPCLK
                0x00000000000028e0       0x64 /Users/solderneer/Documents/Projects/EE2028-labs/Lib_MCU/Debug/libLib_MCU.a(lpc17xx_clkpwr.o)
                0x00000000000028e0                CLKPWR_GetPCLK
 .text.CLKPWR_ConfigPPWR
                0x0000000000002944       0x58 /Users/solderneer/Documents/Projects/EE2028-labs/Lib_MCU/Debug/libLib_MCU.a(lpc17xx_clkpwr.o)
                0x0000000000002944                CLKPWR_ConfigPPWR
 .text          0x000000000000299c       0x30 /Applications/lpcxpresso_8.2.2_650/lpcxpresso/tools/bin/../lib/gcc/arm-none-eabi/5.4.1/armv7-m/libgcc.a(_aeabi_uldivmod.o)
                0x000000000000299c                __aeabi_uldivmod
 .text          0x00000000000029cc      0x2ec /Applications/lpcxpresso_8.2.2_650/lpcxpresso/tools/bin/../lib/gcc/arm-none-eabi/5.4.1/armv7-m/libgcc.a(_udivmoddi4.o)
                0x00000000000029cc                __udivmoddi4
 .text          0x0000000000002cb8        0x4 /Applications/lpcxpresso_8.2.2_650/lpcxpresso/tools/bin/../lib/gcc/arm-none-eabi/5.4.1/armv7-m/libgcc.a(_dvmd_tls.o)
                0x0000000000002cb8                __aeabi_ldiv0
                0x0000000000002cb8                __aeabi_idiv0
 .text.memset   0x0000000000002cbc       0x9c /Applications/lpcxpresso_8.2.2_650/lpcxpresso/tools/bin/../lib/gcc/arm-none-eabi/5.4.1/../../../../arm-none-eabi/lib/armv7-m/libc.a(lib_a-memset.o)
                0x0000000000002cbc                memset
 .text.sprintf  0x0000000000002d58       0x4c /Applications/lpcxpresso_8.2.2_650/lpcxpresso/tools/bin/../lib/gcc/arm-none-eabi/5.4.1/../../../../arm-none-eabi/lib/armv7-m/libc.a(lib_a-sprintf.o)
                0x0000000000002d58                sprintf
 .text._svfprintf_r
                0x0000000000002da4     0x175c /Applications/lpcxpresso_8.2.2_650/lpcxpresso/tools/bin/../lib/gcc/arm-none-eabi/5.4.1/../../../../arm-none-eabi/lib/armv7-m/libc.a(lib_a-svfprintf.o)
                0x0000000000002da4                _svfprintf_r
 .text.quorem   0x0000000000004500      0x12c /Applications/lpcxpresso_8.2.2_650/lpcxpresso/tools/bin/../lib/gcc/arm-none-eabi/5.4.1/../../../../arm-none-eabi/lib/armv7-m/libc.a(lib_a-dtoa.o)
 *fill*         0x000000000000462c        0x4 ff
 .text._dtoa_r  0x0000000000004630      0xe4c /Applications/lpcxpresso_8.2.2_650/lpcxpresso/tools/bin/../lib/gcc/arm-none-eabi/5.4.1/../../../../arm-none-eabi/lib/armv7-m/libc.a(lib_a-dtoa.o)
                0x0000000000004630                _dtoa_r
 .text._localeconv_r
                0x000000000000547c        0x8 /Applications/lpcxpresso_8.2.2_650/lpcxpresso/tools/bin/../lib/gcc/arm-none-eabi/5.4.1/../../../../arm-none-eabi/lib/armv7-m/libc.a(lib_a-locale.o)
                0x000000000000547c                _localeconv_r
 .text._malloc_r
                0x0000000000005484      0x558 /Applications/lpcxpresso_8.2.2_650/lpcxpresso/tools/bin/../lib/gcc/arm-none-eabi/5.4.1/../../../../arm-none-eabi/lib/armv7-m/libc.a(lib_a-mallocr.o)
                0x0000000000005484                _malloc_r
 .text.memchr   0x00000000000059dc       0x8c /Applications/lpcxpresso_8.2.2_650/lpcxpresso/tools/bin/../lib/gcc/arm-none-eabi/5.4.1/../../../../arm-none-eabi/lib/armv7-m/libc.a(lib_a-memchr-stub.o)
                0x00000000000059dc                memchr
 .text          0x0000000000005a68       0xec /Applications/lpcxpresso_8.2.2_650/lpcxpresso/tools/bin/../lib/gcc/arm-none-eabi/5.4.1/../../../../arm-none-eabi/lib/armv7-m/libc.a(lib_a-memcpy.o)
                0x0000000000005a68                memcpy
 .text.__malloc_lock
                0x0000000000005b54        0x4 /Applications/lpcxpresso_8.2.2_650/lpcxpresso/tools/bin/../lib/gcc/arm-none-eabi/5.4.1/../../../../arm-none-eabi/lib/armv7-m/libc.a(lib_a-mlock.o)
                0x0000000000005b54                __malloc_lock
 .text.__malloc_unlock
                0x0000000000005b58        0x4 /Applications/lpcxpresso_8.2.2_650/lpcxpresso/tools/bin/../lib/gcc/arm-none-eabi/5.4.1/../../../../arm-none-eabi/lib/armv7-m/libc.a(lib_a-mlock.o)
                0x0000000000005b58                __malloc_unlock
 .text._Balloc  0x0000000000005b5c       0x50 /Applications/lpcxpresso_8.2.2_650/lpcxpresso/tools/bin/../lib/gcc/arm-none-eabi/5.4.1/../../../../arm-none-eabi/lib/armv7-m/libc.a(lib_a-mprec.o)
                0x0000000000005b5c                _Balloc
 .text._Bfree   0x0000000000005bac       0x14 /Applications/lpcxpresso_8.2.2_650/lpcxpresso/tools/bin/../lib/gcc/arm-none-eabi/5.4.1/../../../../arm-none-eabi/lib/armv7-m/libc.a(lib_a-mprec.o)
                0x0000000000005bac                _Bfree
 .text.__multadd
                0x0000000000005bc0       0x80 /Applications/lpcxpresso_8.2.2_650/lpcxpresso/tools/bin/../lib/gcc/arm-none-eabi/5.4.1/../../../../arm-none-eabi/lib/armv7-m/libc.a(lib_a-mprec.o)
                0x0000000000005bc0                __multadd
 .text.__hi0bits
                0x0000000000005c40       0x40 /Applications/lpcxpresso_8.2.2_650/lpcxpresso/tools/bin/../lib/gcc/arm-none-eabi/5.4.1/../../../../arm-none-eabi/lib/armv7-m/libc.a(lib_a-mprec.o)
                0x0000000000005c40                __hi0bits
 .text.__lo0bits
                0x0000000000005c80       0x5c /Applications/lpcxpresso_8.2.2_650/lpcxpresso/tools/bin/../lib/gcc/arm-none-eabi/5.4.1/../../../../arm-none-eabi/lib/armv7-m/libc.a(lib_a-mprec.o)
                0x0000000000005c80                __lo0bits
 .text.__i2b    0x0000000000005cdc       0x14 /Applications/lpcxpresso_8.2.2_650/lpcxpresso/tools/bin/../lib/gcc/arm-none-eabi/5.4.1/../../../../arm-none-eabi/lib/armv7-m/libc.a(lib_a-mprec.o)
                0x0000000000005cdc                __i2b
 .text.__multiply
                0x0000000000005cf0      0x13c /Applications/lpcxpresso_8.2.2_650/lpcxpresso/tools/bin/../lib/gcc/arm-none-eabi/5.4.1/../../../../arm-none-eabi/lib/armv7-m/libc.a(lib_a-mprec.o)
                0x0000000000005cf0                __multiply
 .text.__pow5mult
                0x0000000000005e2c       0xa0 /Applications/lpcxpresso_8.2.2_650/lpcxpresso/tools/bin/../lib/gcc/arm-none-eabi/5.4.1/../../../../arm-none-eabi/lib/armv7-m/libc.a(lib_a-mprec.o)
                0x0000000000005e2c                __pow5mult
 .text.__lshift
                0x0000000000005ecc       0xac /Applications/lpcxpresso_8.2.2_650/lpcxpresso/tools/bin/../lib/gcc/arm-none-eabi/5.4.1/../../../../arm-none-eabi/lib/armv7-m/libc.a(lib_a-mprec.o)
                0x0000000000005ecc                __lshift
 .text.__mcmp   0x0000000000005f78       0x40 /Applications/lpcxpresso_8.2.2_650/lpcxpresso/tools/bin/../lib/gcc/arm-none-eabi/5.4.1/../../../../arm-none-eabi/lib/armv7-m/libc.a(lib_a-mprec.o)
                0x0000000000005f78                __mcmp
 .text.__mdiff  0x0000000000005fb8      0x128 /Applications/lpcxpresso_8.2.2_650/lpcxpresso/tools/bin/../lib/gcc/arm-none-eabi/5.4.1/../../../../arm-none-eabi/lib/armv7-m/libc.a(lib_a-mprec.o)
                0x0000000000005fb8                __mdiff
 .text.__d2b    0x00000000000060e0       0xa8 /Applications/lpcxpresso_8.2.2_650/lpcxpresso/tools/bin/../lib/gcc/arm-none-eabi/5.4.1/../../../../arm-none-eabi/lib/armv7-m/libc.a(lib_a-mprec.o)
                0x00000000000060e0                __d2b
 .text._sbrk_r  0x0000000000006188       0x24 /Applications/lpcxpresso_8.2.2_650/lpcxpresso/tools/bin/../lib/gcc/arm-none-eabi/5.4.1/../../../../arm-none-eabi/lib/armv7-m/libc.a(lib_a-sbrkr.o)
                0x0000000000006188                _sbrk_r
 .text.strlen   0x00000000000061ac       0x5c /Applications/lpcxpresso_8.2.2_650/lpcxpresso/tools/bin/../lib/gcc/arm-none-eabi/5.4.1/../../../../arm-none-eabi/lib/armv7-m/libc.a(lib_a-strlen-stub.o)
                0x00000000000061ac                strlen
 .text.__ssprint_r
                0x0000000000006208      0x100 /Applications/lpcxpresso_8.2.2_650/lpcxpresso/tools/bin/../lib/gcc/arm-none-eabi/5.4.1/../../../../arm-none-eabi/lib/armv7-m/libc.a(lib_a-svfiprintf.o)
                0x0000000000006208                __ssprint_r
 .text._calloc_r
                0x0000000000006308       0x60 /Applications/lpcxpresso_8.2.2_650/lpcxpresso/tools/bin/../lib/gcc/arm-none-eabi/5.4.1/../../../../arm-none-eabi/lib/armv7-m/libc.a(lib_a-callocr.o)
                0x0000000000006308                _calloc_r
 .text._malloc_trim_r
                0x0000000000006368       0x9c /Applications/lpcxpresso_8.2.2_650/lpcxpresso/tools/bin/../lib/gcc/arm-none-eabi/5.4.1/../../../../arm-none-eabi/lib/armv7-m/libc.a(lib_a-freer.o)
                0x0000000000006368                _malloc_trim_r
 .text._free_r  0x0000000000006404      0x1d0 /Applications/lpcxpresso_8.2.2_650/lpcxpresso/tools/bin/../lib/gcc/arm-none-eabi/5.4.1/../../../../arm-none-eabi/lib/armv7-m/libc.a(lib_a-freer.o)
                0x0000000000006404                _free_r
 .text.memmove  0x00000000000065d4       0xc8 /Applications/lpcxpresso_8.2.2_650/lpcxpresso/tools/bin/../lib/gcc/arm-none-eabi/5.4.1/../../../../arm-none-eabi/lib/armv7-m/libc.a(lib_a-memmove.o)
                0x00000000000065d4                memmove
 .text._realloc_r
                0x000000000000669c      0x3d4 /Applications/lpcxpresso_8.2.2_650/lpcxpresso/tools/bin/../lib/gcc/arm-none-eabi/5.4.1/../../../../arm-none-eabi/lib/armv7-m/libc.a(lib_a-reallocr.o)
                0x000000000000669c                _realloc_r
 .text._sbrk    0x0000000000006a70       0x3c /Applications/lpcxpresso_8.2.2_650/lpcxpresso/tools/bin/../lib/gcc/arm-none-eabi/5.4.1/../../../../arm-none-eabi/lib/armv7-m/libcr_newlib_semihost.a(_cr_sbrk.o)
                0x0000000000006a70                _sbrk
 .text.__check_heap_overflow
                0x0000000000006aac       0x18 /Applications/lpcxpresso_8.2.2_650/lpcxpresso/tools/bin/../lib/gcc/arm-none-eabi/5.4.1/../../../../arm-none-eabi/lib/armv7-m/libcr_newlib_semihost.a(_cr_check_heap.o)
                0x0000000000006aac                __check_heap_overflow
 .text          0x0000000000006ac4      0x370 /Applications/lpcxpresso_8.2.2_650/lpcxpresso/tools/bin/../lib/gcc/arm-none-eabi/5.4.1/armv7-m/libgcc.a(_arm_addsubdf3.o)
                0x0000000000006ac4                __aeabi_drsub
                0x0000000000006acc                __subdf3
                0x0000000000006acc                __aeabi_dsub
                0x0000000000006ad0                __aeabi_dadd
                0x0000000000006ad0                __adddf3
                0x0000000000006d48                __aeabi_ui2d
                0x0000000000006d48                __floatunsidf
                0x0000000000006d68                __floatsidf
                0x0000000000006d68                __aeabi_i2d
                0x0000000000006d8c                __extendsfdf2
                0x0000000000006d8c                __aeabi_f2d
                0x0000000000006dc8                __aeabi_ul2d
                0x0000000000006dc8                __floatundidf
                0x0000000000006dd8                __aeabi_l2d
                0x0000000000006dd8                __floatdidf
 .text          0x0000000000006e34      0x424 /Applications/lpcxpresso_8.2.2_650/lpcxpresso/tools/bin/../lib/gcc/arm-none-eabi/5.4.1/armv7-m/libgcc.a(_arm_muldivdf3.o)
                0x0000000000006e34                __aeabi_dmul
                0x0000000000006e34                __muldf3
                0x0000000000007088                __aeabi_ddiv
                0x0000000000007088                __divdf3
 .text          0x0000000000007258      0x110 /Applications/lpcxpresso_8.2.2_650/lpcxpresso/tools/bin/../lib/gcc/arm-none-eabi/5.4.1/armv7-m/libgcc.a(_arm_cmpdf2.o)
                0x0000000000007258                __gedf2
                0x0000000000007258                __gtdf2
                0x0000000000007260                __ledf2
                0x0000000000007260                __ltdf2
                0x0000000000007268                __cmpdf2
                0x0000000000007268                __eqdf2
                0x0000000000007268                __nedf2
                0x00000000000072e4                __aeabi_cdrcmple
                0x00000000000072f4                __aeabi_cdcmple
                0x00000000000072f4                __aeabi_cdcmpeq
                0x0000000000007304                __aeabi_dcmpeq
                0x0000000000007318                __aeabi_dcmplt
                0x000000000000732c                __aeabi_dcmple
                0x0000000000007340                __aeabi_dcmpge
                0x0000000000007354                __aeabi_dcmpgt
 .text          0x0000000000007368       0x2c /Applications/lpcxpresso_8.2.2_650/lpcxpresso/tools/bin/../lib/gcc/arm-none-eabi/5.4.1/armv7-m/libgcc.a(_arm_unorddf2.o)
                0x0000000000007368                __aeabi_dcmpun
                0x0000000000007368                __unorddf2
 .text          0x0000000000007394       0x50 /Applications/lpcxpresso_8.2.2_650/lpcxpresso/tools/bin/../lib/gcc/arm-none-eabi/5.4.1/armv7-m/libgcc.a(_arm_fixdfsi.o)
                0x0000000000007394                __fixdfsi
                0x0000000000007394                __aeabi_d2iz
 .text.__errno  0x00000000000073e4        0xc /Applications/lpcxpresso_8.2.2_650/lpcxpresso/tools/bin/../lib/gcc/arm-none-eabi/5.4.1/../../../../arm-none-eabi/lib/armv7-m/libc.a(lib_a-errno.o)
                0x00000000000073e4                __errno
 *(.rodata .rodata.* .constdata .constdata.*)
 .rodata        0x00000000000073f0        0xc ./src/main.o
 .rodata        0x00000000000073fc        0x8 /Users/solderneer/Documents/Projects/EE2028-labs/Lib_EaBaseBoard/Debug/libLib_EaBaseBoard.a(oled.o)
 .rodata        0x0000000000007404      0x300 /Users/solderneer/Documents/Projects/EE2028-labs/Lib_EaBaseBoard/Debug/libLib_EaBaseBoard.a(font5x7.o)
                0x0000000000007404                font5x7
 .rodata        0x0000000000007704       0x15 /Users/solderneer/Documents/Projects/EE2028-labs/Lib_MCU/Debug/libLib_MCU.a(lpc17xx_i2c.o)
 *fill*         0x0000000000007719        0x3 ff
 .rodata        0x000000000000771c       0x15 /Users/solderneer/Documents/Projects/EE2028-labs/Lib_MCU/Debug/libLib_MCU.a(lpc17xx_ssp.o)
 *fill*         0x0000000000007731        0x3 ff
 .rodata.blanks.7055
                0x0000000000007734       0x10 /Applications/lpcxpresso_8.2.2_650/lpcxpresso/tools/bin/../lib/gcc/arm-none-eabi/5.4.1/../../../../arm-none-eabi/lib/armv7-m/libc.a(lib_a-svfprintf.o)
 .rodata.str1.4
                0x0000000000007744       0x42 /Applications/lpcxpresso_8.2.2_650/lpcxpresso/tools/bin/../lib/gcc/arm-none-eabi/5.4.1/../../../../arm-none-eabi/lib/armv7-m/libc.a(lib_a-svfprintf.o)
 *fill*         0x0000000000007786        0x2 ff
 .rodata.zeroes.7056
                0x0000000000007788       0x10 /Applications/lpcxpresso_8.2.2_650/lpcxpresso/tools/bin/../lib/gcc/arm-none-eabi/5.4.1/../../../../arm-none-eabi/lib/armv7-m/libc.a(lib_a-svfprintf.o)
 .rodata.str1.4
                0x0000000000007798       0x10 /Applications/lpcxpresso_8.2.2_650/lpcxpresso/tools/bin/../lib/gcc/arm-none-eabi/5.4.1/../../../../arm-none-eabi/lib/armv7-m/libc.a(lib_a-dtoa.o)
                                         0x12 (size before relaxing)
 .rodata.str1.4
                0x00000000000077a8        0x2 /Applications/lpcxpresso_8.2.2_650/lpcxpresso/tools/bin/../lib/gcc/arm-none-eabi/5.4.1/../../../../arm-none-eabi/lib/armv7-m/libc.a(lib_a-impure.o)
 *fill*         0x00000000000077aa        0x2 ff
 .rodata.str1.4
                0x00000000000077ac        0xc /Applications/lpcxpresso_8.2.2_650/lpcxpresso/tools/bin/../lib/gcc/arm-none-eabi/5.4.1/../../../../arm-none-eabi/lib/armv7-m/libc.a(lib_a-locale.o)
                                         0x12 (size before relaxing)
 .rodata.__mprec_tens
                0x00000000000077b8       0xc8 /Applications/lpcxpresso_8.2.2_650/lpcxpresso/tools/bin/../lib/gcc/arm-none-eabi/5.4.1/../../../../arm-none-eabi/lib/armv7-m/libc.a(lib_a-mprec.o)
                0x00000000000077b8                __mprec_tens
 .rodata.__mprec_bigtens
                0x0000000000007880       0x28 /Applications/lpcxpresso_8.2.2_650/lpcxpresso/tools/bin/../lib/gcc/arm-none-eabi/5.4.1/../../../../arm-none-eabi/lib/armv7-m/libc.a(lib_a-mprec.o)
                0x0000000000007880                __mprec_bigtens
 .rodata.p05.5396
                0x00000000000078a8        0xc /Applications/lpcxpresso_8.2.2_650/lpcxpresso/tools/bin/../lib/gcc/arm-none-eabi/5.4.1/../../../../arm-none-eabi/lib/armv7-m/libc.a(lib_a-mprec.o)
                0x00000000000078b4                . = ALIGN (0x4)

.glue_7         0x00000000000078b4        0x0
 .glue_7        0x00000000000078b4        0x0 linker stubs

.glue_7t        0x00000000000078b4        0x0
 .glue_7t       0x00000000000078b4        0x0 linker stubs

.vfp11_veneer   0x00000000000078b4        0x0
 .vfp11_veneer  0x00000000000078b4        0x0 linker stubs

.v4_bx          0x00000000000078b4        0x0
 .v4_bx         0x00000000000078b4        0x0 linker stubs

.iplt           0x00000000000078b4        0x0
 .iplt          0x00000000000078b4        0x0 ./src/cr_startup_lpc17.o

.ARM.extab
 *(.ARM.extab* .gnu.linkonce.armextab.*)
                0x00000000000078b4                __exidx_start = .

.ARM.exidx      0x00000000000078b4        0x8
 *(.ARM.exidx* .gnu.linkonce.armexidx.*)
 .ARM.exidx     0x00000000000078b4        0x8 /Applications/lpcxpresso_8.2.2_650/lpcxpresso/tools/bin/../lib/gcc/arm-none-eabi/5.4.1/armv7-m/libgcc.a(_udivmoddi4.o)
                0x00000000000078bc                __exidx_end = .
                0x00000000000078bc                _etext = .

.rel.dyn        0x00000000000078bc        0x0
 .rel.iplt      0x00000000000078bc        0x0 ./src/cr_startup_lpc17.o

.data_RAM2      0x000000002007c000        0x0 load address 0x00000000000078bc
 FILL mask 0xff
                [!provide]                        PROVIDE (__start_data_RAM2, .)
 *(.ramfunc.$RAM2)
 *(.ramfunc.$RamAHB32)
 *(.data.$RAM2*)
 *(.data.$RamAHB32*)
                0x000000002007c000                . = ALIGN (0x4)
                [!provide]                        PROVIDE (__end_data_RAM2, .)

.uninit_RESERVED
                0x0000000010000000        0x0
 *(.bss.$RESERVED*)
                0x0000000010000000                . = ALIGN (0x4)
                0x0000000010000000                _end_uninit_RESERVED = .

.data           0x0000000010000000      0x8cc load address 0x00000000000078bc
 FILL mask 0xff
                0x0000000010000000                _data = .
 *(vtable)
 *(.ramfunc*)
 *(.data*)
 .data          0x0000000010000000        0x4 /Users/solderneer/Documents/Projects/EE2028-labs/Lib_CMSISv1p30_LPC17xx/Debug/libCMSISv1p30_LPC17xx.a(system_LPC17xx.o)
                0x0000000010000000                SystemCoreClock
 .data          0x0000000010000004       0x50 /Users/solderneer/Documents/Projects/EE2028-labs/Lib_EaBaseBoard/Debug/libLib_EaBaseBoard.a(led7seg.o)
 *fill*         0x0000000010000054        0x4 ff
 .data.impure_data
                0x0000000010000058      0x428 /Applications/lpcxpresso_8.2.2_650/lpcxpresso/tools/bin/../lib/gcc/arm-none-eabi/5.4.1/../../../../arm-none-eabi/lib/armv7-m/libc.a(lib_a-impure.o)
 .data._impure_ptr
                0x0000000010000480        0x4 /Applications/lpcxpresso_8.2.2_650/lpcxpresso/tools/bin/../lib/gcc/arm-none-eabi/5.4.1/../../../../arm-none-eabi/lib/armv7-m/libc.a(lib_a-impure.o)
                0x0000000010000480                _impure_ptr
 .data.lconv    0x0000000010000484       0x38 /Applications/lpcxpresso_8.2.2_650/lpcxpresso/tools/bin/../lib/gcc/arm-none-eabi/5.4.1/../../../../arm-none-eabi/lib/armv7-m/libc.a(lib_a-locale.o)
 .data.__malloc_av_
                0x00000000100004bc      0x408 /Applications/lpcxpresso_8.2.2_650/lpcxpresso/tools/bin/../lib/gcc/arm-none-eabi/5.4.1/../../../../arm-none-eabi/lib/armv7-m/libc.a(lib_a-mallocr.o)
                0x00000000100004bc                __malloc_av_
 .data.__malloc_trim_threshold
                0x00000000100008c4        0x4 /Applications/lpcxpresso_8.2.2_650/lpcxpresso/tools/bin/../lib/gcc/arm-none-eabi/5.4.1/../../../../arm-none-eabi/lib/armv7-m/libc.a(lib_a-mallocr.o)
                0x00000000100008c4                __malloc_trim_threshold
 .data.__malloc_sbrk_base
                0x00000000100008c8        0x4 /Applications/lpcxpresso_8.2.2_650/lpcxpresso/tools/bin/../lib/gcc/arm-none-eabi/5.4.1/../../../../arm-none-eabi/lib/armv7-m/libc.a(lib_a-mallocr.o)
                0x00000000100008c8                __malloc_sbrk_base
                0x00000000100008cc                . = ALIGN (0x4)
                0x00000000100008cc                _edata = .

.igot.plt       0x00000000100008cc        0x0 load address 0x0000000000008188
 .igot.plt      0x00000000100008cc        0x0 ./src/cr_startup_lpc17.o

.bss_RAM2       0x000000002007c000        0x0
                [!provide]                        PROVIDE (__start_bss_RAM2, .)
 *(.bss.$RAM2*)
 *(.bss.$RamAHB32*)
                0x000000002007c000                . = ALIGN ((. != 0x0)?0x4:0x1)
                [!provide]                        PROVIDE (__end_bss_RAM2, .)

.bss            0x00000000100008cc      0x388
                0x00000000100008cc                _bss = .
 *(.bss*)
 .bss           0x00000000100008cc      0x300 /Users/solderneer/Documents/Projects/EE2028-labs/Lib_EaBaseBoard/Debug/libLib_EaBaseBoard.a(oled.o)
 .bss           0x0000000010000bcc        0x6 /Users/solderneer/Documents/Projects/EE2028-labs/Lib_EaBaseBoard/Debug/libLib_EaBaseBoard.a(pca9532.o)
 *fill*         0x0000000010000bd2        0x2 
 .bss           0x0000000010000bd4        0x4 /Users/solderneer/Documents/Projects/EE2028-labs/Lib_EaBaseBoard/Debug/libLib_EaBaseBoard.a(temp.o)
 .bss           0x0000000010000bd8       0x24 /Users/solderneer/Documents/Projects/EE2028-labs/Lib_MCU/Debug/libLib_MCU.a(lpc17xx_i2c.o)
 .bss           0x0000000010000bfc       0x18 /Users/solderneer/Documents/Projects/EE2028-labs/Lib_MCU/Debug/libLib_MCU.a(lpc17xx_ssp.o)
 .bss.__malloc_max_total_mem
                0x0000000010000c14        0x4 /Applications/lpcxpresso_8.2.2_650/lpcxpresso/tools/bin/../lib/gcc/arm-none-eabi/5.4.1/../../../../arm-none-eabi/lib/armv7-m/libc.a(lib_a-mallocr.o)
                0x0000000010000c14                __malloc_max_total_mem
 .bss.__malloc_max_sbrked_mem
                0x0000000010000c18        0x4 /Applications/lpcxpresso_8.2.2_650/lpcxpresso/tools/bin/../lib/gcc/arm-none-eabi/5.4.1/../../../../arm-none-eabi/lib/armv7-m/libc.a(lib_a-mallocr.o)
                0x0000000010000c18                __malloc_max_sbrked_mem
 .bss.__malloc_top_pad
                0x0000000010000c1c        0x4 /Applications/lpcxpresso_8.2.2_650/lpcxpresso/tools/bin/../lib/gcc/arm-none-eabi/5.4.1/../../../../arm-none-eabi/lib/armv7-m/libc.a(lib_a-mallocr.o)
                0x0000000010000c1c                __malloc_top_pad
 .bss.__malloc_current_mallinfo
                0x0000000010000c20       0x28 /Applications/lpcxpresso_8.2.2_650/lpcxpresso/tools/bin/../lib/gcc/arm-none-eabi/5.4.1/../../../../arm-none-eabi/lib/armv7-m/libc.a(lib_a-mallocr.o)
                0x0000000010000c20                __malloc_current_mallinfo
 .bss.__end_of_heap
                0x0000000010000c48        0x4 /Applications/lpcxpresso_8.2.2_650/lpcxpresso/tools/bin/../lib/gcc/arm-none-eabi/5.4.1/../../../../arm-none-eabi/lib/armv7-m/libcr_newlib_semihost.a(_cr_sbrk.o)
                0x0000000010000c48                __end_of_heap
 *(COMMON)
 COMMON         0x0000000010000c4c        0x4 ./src/main.o
                0x0000000010000c4c                msTicks
 COMMON         0x0000000010000c50        0x4 /Applications/lpcxpresso_8.2.2_650/lpcxpresso/tools/bin/../lib/gcc/arm-none-eabi/5.4.1/../../../../arm-none-eabi/lib/armv7-m/libc.a(lib_a-reent.o)
                0x0000000010000c50                errno
                0x0000000010000c54                . = ALIGN (0x4)
                0x0000000010000c54                _ebss = .
                [!provide]                        PROVIDE (end, .)

.noinit_RAM2    0x000000002007c000        0x0
 *(.noinit.$RAM2*)
 *(.noinit.$RamAHB32*)
                0x000000002007c000                . = ALIGN (0x4)

.noinit         0x0000000010000c54        0x0
                0x0000000010000c54                _noinit = .
 *(.noinit*)
                0x0000000010000c54                . = ALIGN (0x4)
                0x0000000010000c54                _end_noinit = .
                0x0000000010000c54                PROVIDE (_pvHeapStart, DEFINED (__user_heap_base)?__user_heap_base:.)
                0x0000000010008000                PROVIDE (_vStackTop, DEFINED (__user_stack_top)?__user_stack_top:(__top_RamLoc32 - 0x0))
                [!provide]                        PROVIDE (__valid_user_code_checksum, (0x0 - ((((((_vStackTop + (ResetISR + 0x1)) + (NMI_Handler + 0x1)) + (HardFault_Handler + 0x1)) + (DEFINED (MemManage_Handler)?MemManage_Handler:0x0 + 0x1)) + (DEFINED (BusFault_Handler)?BusFault_Handler:0x0 + 0x1)) + (DEFINED (UsageFault_Handler)?UsageFault_Handler:0x0 + 0x1))))
OUTPUT(demo.axf elf32-littlearm)

.debug_info     0x0000000000000000     0x5099
 .debug_info    0x0000000000000000      0x1b6 ./src/cr_startup_lpc17.o
 .debug_info    0x00000000000001b6      0xa0b ./src/main.o
 .debug_info    0x0000000000000bc1      0x2e3 /Users/solderneer/Documents/Projects/EE2028-labs/Lib_CMSISv1p30_LPC17xx/Debug/libCMSISv1p30_LPC17xx.a(system_LPC17xx.o)
 .debug_info    0x0000000000000ea4      0x4ea /Users/solderneer/Documents/Projects/EE2028-labs/Lib_EaBaseBoard/Debug/libLib_EaBaseBoard.a(acc.o)
 .debug_info    0x000000000000138e      0x24e /Users/solderneer/Documents/Projects/EE2028-labs/Lib_EaBaseBoard/Debug/libLib_EaBaseBoard.a(led7seg.o)
 .debug_info    0x00000000000015dc      0x915 /Users/solderneer/Documents/Projects/EE2028-labs/Lib_EaBaseBoard/Debug/libLib_EaBaseBoard.a(oled.o)
 .debug_info    0x0000000000001ef1      0x5d6 /Users/solderneer/Documents/Projects/EE2028-labs/Lib_EaBaseBoard/Debug/libLib_EaBaseBoard.a(pca9532.o)
 .debug_info    0x00000000000024c7      0x13e /Users/solderneer/Documents/Projects/EE2028-labs/Lib_EaBaseBoard/Debug/libLib_EaBaseBoard.a(temp.o)
 .debug_info    0x0000000000002605       0x61 /Users/solderneer/Documents/Projects/EE2028-labs/Lib_EaBaseBoard/Debug/libLib_EaBaseBoard.a(font5x7.o)
 .debug_info    0x0000000000002666      0xac9 /Users/solderneer/Documents/Projects/EE2028-labs/Lib_MCU/Debug/libLib_MCU.a(lpc17xx_gpio.o)
 .debug_info    0x000000000000312f      0xc08 /Users/solderneer/Documents/Projects/EE2028-labs/Lib_MCU/Debug/libLib_MCU.a(lpc17xx_i2c.o)
 .debug_info    0x0000000000003d37      0x44e /Users/solderneer/Documents/Projects/EE2028-labs/Lib_MCU/Debug/libLib_MCU.a(lpc17xx_pinsel.o)
 .debug_info    0x0000000000004185      0x7e1 /Users/solderneer/Documents/Projects/EE2028-labs/Lib_MCU/Debug/libLib_MCU.a(lpc17xx_ssp.o)
 .debug_info    0x0000000000004966      0x5a5 /Users/solderneer/Documents/Projects/EE2028-labs/Lib_MCU/Debug/libLib_MCU.a(lpc17xx_clkpwr.o)
 .debug_info    0x0000000000004f0b      0x124 /Applications/lpcxpresso_8.2.2_650/lpcxpresso/tools/bin/../lib/gcc/arm-none-eabi/5.4.1/../../../../arm-none-eabi/lib/armv7-m/libcr_newlib_semihost.a(_cr_sbrk.o)
 .debug_info    0x000000000000502f       0x6a /Applications/lpcxpresso_8.2.2_650/lpcxpresso/tools/bin/../lib/gcc/arm-none-eabi/5.4.1/../../../../arm-none-eabi/lib/armv7-m/libcr_newlib_semihost.a(_cr_check_heap.o)

.debug_abbrev   0x0000000000000000     0x1628
 .debug_abbrev  0x0000000000000000       0xb9 ./src/cr_startup_lpc17.o
 .debug_abbrev  0x00000000000000b9      0x2a6 ./src/main.o
 .debug_abbrev  0x000000000000035f       0xe6 /Users/solderneer/Documents/Projects/EE2028-labs/Lib_CMSISv1p30_LPC17xx/Debug/libCMSISv1p30_LPC17xx.a(system_LPC17xx.o)
 .debug_abbrev  0x0000000000000445      0x16b /Users/solderneer/Documents/Projects/EE2028-labs/Lib_EaBaseBoard/Debug/libLib_EaBaseBoard.a(acc.o)
 .debug_abbrev  0x00000000000005b0      0x15c /Users/solderneer/Documents/Projects/EE2028-labs/Lib_EaBaseBoard/Debug/libLib_EaBaseBoard.a(led7seg.o)
 .debug_abbrev  0x000000000000070c      0x201 /Users/solderneer/Documents/Projects/EE2028-labs/Lib_EaBaseBoard/Debug/libLib_EaBaseBoard.a(oled.o)
 .debug_abbrev  0x000000000000090d      0x1d7 /Users/solderneer/Documents/Projects/EE2028-labs/Lib_EaBaseBoard/Debug/libLib_EaBaseBoard.a(pca9532.o)
 .debug_abbrev  0x0000000000000ae4       0xc7 /Users/solderneer/Documents/Projects/EE2028-labs/Lib_EaBaseBoard/Debug/libLib_EaBaseBoard.a(temp.o)
 .debug_abbrev  0x0000000000000bab       0x48 /Users/solderneer/Documents/Projects/EE2028-labs/Lib_EaBaseBoard/Debug/libLib_EaBaseBoard.a(font5x7.o)
 .debug_abbrev  0x0000000000000bf3      0x193 /Users/solderneer/Documents/Projects/EE2028-labs/Lib_MCU/Debug/libLib_MCU.a(lpc17xx_gpio.o)
 .debug_abbrev  0x0000000000000d86      0x28b /Users/solderneer/Documents/Projects/EE2028-labs/Lib_MCU/Debug/libLib_MCU.a(lpc17xx_i2c.o)
 .debug_abbrev  0x0000000000001011      0x12b /Users/solderneer/Documents/Projects/EE2028-labs/Lib_MCU/Debug/libLib_MCU.a(lpc17xx_pinsel.o)
 .debug_abbrev  0x000000000000113c      0x1fd /Users/solderneer/Documents/Projects/EE2028-labs/Lib_MCU/Debug/libLib_MCU.a(lpc17xx_ssp.o)
 .debug_abbrev  0x0000000000001339      0x1be /Users/solderneer/Documents/Projects/EE2028-labs/Lib_MCU/Debug/libLib_MCU.a(lpc17xx_clkpwr.o)
 .debug_abbrev  0x00000000000014f7       0xcf /Applications/lpcxpresso_8.2.2_650/lpcxpresso/tools/bin/../lib/gcc/arm-none-eabi/5.4.1/../../../../arm-none-eabi/lib/armv7-m/libcr_newlib_semihost.a(_cr_sbrk.o)
 .debug_abbrev  0x00000000000015c6       0x62 /Applications/lpcxpresso_8.2.2_650/lpcxpresso/tools/bin/../lib/gcc/arm-none-eabi/5.4.1/../../../../arm-none-eabi/lib/armv7-m/libcr_newlib_semihost.a(_cr_check_heap.o)

.debug_aranges  0x0000000000000000      0x618
 .debug_aranges
                0x0000000000000000       0x70 ./src/cr_startup_lpc17.o
 .debug_aranges
                0x0000000000000070       0x70 ./src/main.o
 .debug_aranges
                0x00000000000000e0       0x28 /Users/solderneer/Documents/Projects/EE2028-labs/Lib_CMSISv1p30_LPC17xx/Debug/libCMSISv1p30_LPC17xx.a(system_LPC17xx.o)
 .debug_aranges
                0x0000000000000108       0x60 /Users/solderneer/Documents/Projects/EE2028-labs/Lib_EaBaseBoard/Debug/libLib_EaBaseBoard.a(acc.o)
 .debug_aranges
                0x0000000000000168       0x28 /Users/solderneer/Documents/Projects/EE2028-labs/Lib_EaBaseBoard/Debug/libLib_EaBaseBoard.a(led7seg.o)
 .debug_aranges
                0x0000000000000190       0x90 /Users/solderneer/Documents/Projects/EE2028-labs/Lib_EaBaseBoard/Debug/libLib_EaBaseBoard.a(oled.o)
 .debug_aranges
                0x0000000000000220       0x80 /Users/solderneer/Documents/Projects/EE2028-labs/Lib_EaBaseBoard/Debug/libLib_EaBaseBoard.a(pca9532.o)
 .debug_aranges
                0x00000000000002a0       0x28 /Users/solderneer/Documents/Projects/EE2028-labs/Lib_EaBaseBoard/Debug/libLib_EaBaseBoard.a(temp.o)
 .debug_aranges
                0x00000000000002c8       0x18 /Users/solderneer/Documents/Projects/EE2028-labs/Lib_EaBaseBoard/Debug/libLib_EaBaseBoard.a(font5x7.o)
 .debug_aranges
                0x00000000000002e0       0xc8 /Users/solderneer/Documents/Projects/EE2028-labs/Lib_MCU/Debug/libLib_MCU.a(lpc17xx_gpio.o)
 .debug_aranges
                0x00000000000003a8       0xd0 /Users/solderneer/Documents/Projects/EE2028-labs/Lib_MCU/Debug/libLib_MCU.a(lpc17xx_i2c.o)
 .debug_aranges
                0x0000000000000478       0x48 /Users/solderneer/Documents/Projects/EE2028-labs/Lib_MCU/Debug/libLib_MCU.a(lpc17xx_pinsel.o)
 .debug_aranges
                0x00000000000004c0       0xb8 /Users/solderneer/Documents/Projects/EE2028-labs/Lib_MCU/Debug/libLib_MCU.a(lpc17xx_ssp.o)
 .debug_aranges
                0x0000000000000578       0x60 /Users/solderneer/Documents/Projects/EE2028-labs/Lib_MCU/Debug/libLib_MCU.a(lpc17xx_clkpwr.o)
 .debug_aranges
                0x00000000000005d8       0x20 /Applications/lpcxpresso_8.2.2_650/lpcxpresso/tools/bin/../lib/gcc/arm-none-eabi/5.4.1/../../../../arm-none-eabi/lib/armv7-m/libcr_newlib_semihost.a(_cr_sbrk.o)
 .debug_aranges
                0x00000000000005f8       0x20 /Applications/lpcxpresso_8.2.2_650/lpcxpresso/tools/bin/../lib/gcc/arm-none-eabi/5.4.1/../../../../arm-none-eabi/lib/armv7-m/libcr_newlib_semihost.a(_cr_check_heap.o)

.debug_ranges   0x0000000000000000      0x510
 .debug_ranges  0x0000000000000000       0x60 ./src/cr_startup_lpc17.o
 .debug_ranges  0x0000000000000060       0x60 ./src/main.o
 .debug_ranges  0x00000000000000c0       0x18 /Users/solderneer/Documents/Projects/EE2028-labs/Lib_CMSISv1p30_LPC17xx/Debug/libCMSISv1p30_LPC17xx.a(system_LPC17xx.o)
 .debug_ranges  0x00000000000000d8       0x50 /Users/solderneer/Documents/Projects/EE2028-labs/Lib_EaBaseBoard/Debug/libLib_EaBaseBoard.a(acc.o)
 .debug_ranges  0x0000000000000128       0x18 /Users/solderneer/Documents/Projects/EE2028-labs/Lib_EaBaseBoard/Debug/libLib_EaBaseBoard.a(led7seg.o)
 .debug_ranges  0x0000000000000140       0x80 /Users/solderneer/Documents/Projects/EE2028-labs/Lib_EaBaseBoard/Debug/libLib_EaBaseBoard.a(oled.o)
 .debug_ranges  0x00000000000001c0       0x70 /Users/solderneer/Documents/Projects/EE2028-labs/Lib_EaBaseBoard/Debug/libLib_EaBaseBoard.a(pca9532.o)
 .debug_ranges  0x0000000000000230       0x18 /Users/solderneer/Documents/Projects/EE2028-labs/Lib_EaBaseBoard/Debug/libLib_EaBaseBoard.a(temp.o)
 .debug_ranges  0x0000000000000248       0xb8 /Users/solderneer/Documents/Projects/EE2028-labs/Lib_MCU/Debug/libLib_MCU.a(lpc17xx_gpio.o)
 .debug_ranges  0x0000000000000300       0xc0 /Users/solderneer/Documents/Projects/EE2028-labs/Lib_MCU/Debug/libLib_MCU.a(lpc17xx_i2c.o)
 .debug_ranges  0x00000000000003c0       0x38 /Users/solderneer/Documents/Projects/EE2028-labs/Lib_MCU/Debug/libLib_MCU.a(lpc17xx_pinsel.o)
 .debug_ranges  0x00000000000003f8       0xa8 /Users/solderneer/Documents/Projects/EE2028-labs/Lib_MCU/Debug/libLib_MCU.a(lpc17xx_ssp.o)
 .debug_ranges  0x00000000000004a0       0x50 /Users/solderneer/Documents/Projects/EE2028-labs/Lib_MCU/Debug/libLib_MCU.a(lpc17xx_clkpwr.o)
 .debug_ranges  0x00000000000004f0       0x10 /Applications/lpcxpresso_8.2.2_650/lpcxpresso/tools/bin/../lib/gcc/arm-none-eabi/5.4.1/../../../../arm-none-eabi/lib/armv7-m/libcr_newlib_semihost.a(_cr_sbrk.o)
 .debug_ranges  0x0000000000000500       0x10 /Applications/lpcxpresso_8.2.2_650/lpcxpresso/tools/bin/../lib/gcc/arm-none-eabi/5.4.1/../../../../arm-none-eabi/lib/armv7-m/libcr_newlib_semihost.a(_cr_check_heap.o)

.debug_macro    0x0000000000000000     0x5356
 .debug_macro   0x0000000000000000       0x79 ./src/cr_startup_lpc17.o
 .debug_macro   0x0000000000000079      0x886 ./src/cr_startup_lpc17.o
 .debug_macro   0x00000000000008ff       0x22 ./src/cr_startup_lpc17.o
 .debug_macro   0x0000000000000921       0x87 ./src/cr_startup_lpc17.o
 .debug_macro   0x00000000000009a8       0x44 ./src/cr_startup_lpc17.o
 .debug_macro   0x00000000000009ec       0xfd ./src/cr_startup_lpc17.o
 .debug_macro   0x0000000000000ae9       0x5e ./src/cr_startup_lpc17.o
 .debug_macro   0x0000000000000b47      0x1df ./src/cr_startup_lpc17.o
 .debug_macro   0x0000000000000d26       0xf4 ./src/main.o
 .debug_macro   0x0000000000000e1a       0x1c ./src/main.o
 .debug_macro   0x0000000000000e36       0x22 ./src/main.o
 .debug_macro   0x0000000000000e58      0x7b7 ./src/main.o
 .debug_macro   0x000000000000160f      0x2c7 ./src/main.o
 .debug_macro   0x00000000000018d6       0x63 ./src/main.o
 .debug_macro   0x0000000000001939      0x143 ./src/main.o
 .debug_macro   0x0000000000001a7c       0x46 ./src/main.o
 .debug_macro   0x0000000000001ac2      0x192 ./src/main.o
 .debug_macro   0x0000000000001c54      0x2af ./src/main.o
 .debug_macro   0x0000000000001f03       0xe9 ./src/main.o
 .debug_macro   0x0000000000001fec       0x16 ./src/main.o
 .debug_macro   0x0000000000002002      0x113 /Users/solderneer/Documents/Projects/EE2028-labs/Lib_CMSISv1p30_LPC17xx/Debug/libCMSISv1p30_LPC17xx.a(system_LPC17xx.o)
 .debug_macro   0x0000000000002115      0x880 /Users/solderneer/Documents/Projects/EE2028-labs/Lib_CMSISv1p30_LPC17xx/Debug/libCMSISv1p30_LPC17xx.a(system_LPC17xx.o)
 .debug_macro   0x0000000000002995       0x10 /Users/solderneer/Documents/Projects/EE2028-labs/Lib_CMSISv1p30_LPC17xx/Debug/libCMSISv1p30_LPC17xx.a(system_LPC17xx.o)
 .debug_macro   0x00000000000029a5      0x12d /Users/solderneer/Documents/Projects/EE2028-labs/Lib_CMSISv1p30_LPC17xx/Debug/libCMSISv1p30_LPC17xx.a(system_LPC17xx.o)
 .debug_macro   0x0000000000002ad2      0x5b2 /Users/solderneer/Documents/Projects/EE2028-labs/Lib_CMSISv1p30_LPC17xx/Debug/libCMSISv1p30_LPC17xx.a(system_LPC17xx.o)
 .debug_macro   0x0000000000003084      0x7d5 /Users/solderneer/Documents/Projects/EE2028-labs/Lib_CMSISv1p30_LPC17xx/Debug/libCMSISv1p30_LPC17xx.a(system_LPC17xx.o)
 .debug_macro   0x0000000000003859      0x162 /Users/solderneer/Documents/Projects/EE2028-labs/Lib_EaBaseBoard/Debug/libLib_EaBaseBoard.a(acc.o)
 .debug_macro   0x00000000000039bb      0x18c /Users/solderneer/Documents/Projects/EE2028-labs/Lib_EaBaseBoard/Debug/libLib_EaBaseBoard.a(acc.o)
 .debug_macro   0x0000000000003b47       0x99 /Users/solderneer/Documents/Projects/EE2028-labs/Lib_EaBaseBoard/Debug/libLib_EaBaseBoard.a(led7seg.o)
 .debug_macro   0x0000000000003be0       0x40 /Users/solderneer/Documents/Projects/EE2028-labs/Lib_EaBaseBoard/Debug/libLib_EaBaseBoard.a(led7seg.o)
 .debug_macro   0x0000000000003c20       0xdd /Users/solderneer/Documents/Projects/EE2028-labs/Lib_EaBaseBoard/Debug/libLib_EaBaseBoard.a(oled.o)
 .debug_macro   0x0000000000003cfd       0x5d /Users/solderneer/Documents/Projects/EE2028-labs/Lib_EaBaseBoard/Debug/libLib_EaBaseBoard.a(oled.o)
 .debug_macro   0x0000000000003d5a       0xa1 /Users/solderneer/Documents/Projects/EE2028-labs/Lib_EaBaseBoard/Debug/libLib_EaBaseBoard.a(pca9532.o)
 .debug_macro   0x0000000000003dfb       0xb2 /Users/solderneer/Documents/Projects/EE2028-labs/Lib_EaBaseBoard/Debug/libLib_EaBaseBoard.a(pca9532.o)
 .debug_macro   0x0000000000003ead       0xae /Users/solderneer/Documents/Projects/EE2028-labs/Lib_EaBaseBoard/Debug/libLib_EaBaseBoard.a(temp.o)
 .debug_macro   0x0000000000003f5b       0x1a /Users/solderneer/Documents/Projects/EE2028-labs/Lib_EaBaseBoard/Debug/libLib_EaBaseBoard.a(font5x7.o)
 .debug_macro   0x0000000000003f75      0x696 /Users/solderneer/Documents/Projects/EE2028-labs/Lib_EaBaseBoard/Debug/libLib_EaBaseBoard.a(font5x7.o)
 .debug_macro   0x000000000000460b       0x83 /Users/solderneer/Documents/Projects/EE2028-labs/Lib_MCU/Debug/libLib_MCU.a(lpc17xx_gpio.o)
 .debug_macro   0x000000000000468e       0xcb /Users/solderneer/Documents/Projects/EE2028-labs/Lib_MCU/Debug/libLib_MCU.a(lpc17xx_gpio.o)
 .debug_macro   0x0000000000004759       0x95 /Users/solderneer/Documents/Projects/EE2028-labs/Lib_MCU/Debug/libLib_MCU.a(lpc17xx_i2c.o)
 .debug_macro   0x00000000000047ee      0x2fe /Users/solderneer/Documents/Projects/EE2028-labs/Lib_MCU/Debug/libLib_MCU.a(lpc17xx_i2c.o)
 .debug_macro   0x0000000000004aec      0x149 /Users/solderneer/Documents/Projects/EE2028-labs/Lib_MCU/Debug/libLib_MCU.a(lpc17xx_i2c.o)
 .debug_macro   0x0000000000004c35       0x7a /Users/solderneer/Documents/Projects/EE2028-labs/Lib_MCU/Debug/libLib_MCU.a(lpc17xx_pinsel.o)
 .debug_macro   0x0000000000004caf       0x8c /Users/solderneer/Documents/Projects/EE2028-labs/Lib_MCU/Debug/libLib_MCU.a(lpc17xx_ssp.o)
 .debug_macro   0x0000000000004d3b      0x2a9 /Users/solderneer/Documents/Projects/EE2028-labs/Lib_MCU/Debug/libLib_MCU.a(lpc17xx_ssp.o)
 .debug_macro   0x0000000000004fe4       0x7a /Users/solderneer/Documents/Projects/EE2028-labs/Lib_MCU/Debug/libLib_MCU.a(lpc17xx_clkpwr.o)
 .debug_macro   0x000000000000505e      0x2f8 /Users/solderneer/Documents/Projects/EE2028-labs/Lib_MCU/Debug/libLib_MCU.a(lpc17xx_clkpwr.o)

.debug_line     0x0000000000000000     0x32fc
 .debug_line    0x0000000000000000      0x33d ./src/cr_startup_lpc17.o
 .debug_line    0x000000000000033d      0x4be ./src/main.o
 .debug_line    0x00000000000007fb      0x20a /Users/solderneer/Documents/Projects/EE2028-labs/Lib_CMSISv1p30_LPC17xx/Debug/libCMSISv1p30_LPC17xx.a(system_LPC17xx.o)
 .debug_line    0x0000000000000a05      0x2fc /Users/solderneer/Documents/Projects/EE2028-labs/Lib_EaBaseBoard/Debug/libLib_EaBaseBoard.a(acc.o)
 .debug_line    0x0000000000000d01      0x26f /Users/solderneer/Documents/Projects/EE2028-labs/Lib_EaBaseBoard/Debug/libLib_EaBaseBoard.a(led7seg.o)
 .debug_line    0x0000000000000f70      0x57a /Users/solderneer/Documents/Projects/EE2028-labs/Lib_EaBaseBoard/Debug/libLib_EaBaseBoard.a(oled.o)
 .debug_line    0x00000000000014ea      0x38f /Users/solderneer/Documents/Projects/EE2028-labs/Lib_EaBaseBoard/Debug/libLib_EaBaseBoard.a(pca9532.o)
 .debug_line    0x0000000000001879      0x274 /Users/solderneer/Documents/Projects/EE2028-labs/Lib_EaBaseBoard/Debug/libLib_EaBaseBoard.a(temp.o)
 .debug_line    0x0000000000001aed       0x86 /Users/solderneer/Documents/Projects/EE2028-labs/Lib_EaBaseBoard/Debug/libLib_EaBaseBoard.a(font5x7.o)
 .debug_line    0x0000000000001b73      0x40f /Users/solderneer/Documents/Projects/EE2028-labs/Lib_MCU/Debug/libLib_MCU.a(lpc17xx_gpio.o)
 .debug_line    0x0000000000001f82      0x6e4 /Users/solderneer/Documents/Projects/EE2028-labs/Lib_MCU/Debug/libLib_MCU.a(lpc17xx_i2c.o)
 .debug_line    0x0000000000002666      0x269 /Users/solderneer/Documents/Projects/EE2028-labs/Lib_MCU/Debug/libLib_MCU.a(lpc17xx_pinsel.o)
 .debug_line    0x00000000000028cf      0x615 /Users/solderneer/Documents/Projects/EE2028-labs/Lib_MCU/Debug/libLib_MCU.a(lpc17xx_ssp.o)
 .debug_line    0x0000000000002ee4      0x2ca /Users/solderneer/Documents/Projects/EE2028-labs/Lib_MCU/Debug/libLib_MCU.a(lpc17xx_clkpwr.o)
 .debug_line    0x00000000000031ae      0x101 /Applications/lpcxpresso_8.2.2_650/lpcxpresso/tools/bin/../lib/gcc/arm-none-eabi/5.4.1/../../../../arm-none-eabi/lib/armv7-m/libcr_newlib_semihost.a(_cr_sbrk.o)
 .debug_line    0x00000000000032af       0x4d /Applications/lpcxpresso_8.2.2_650/lpcxpresso/tools/bin/../lib/gcc/arm-none-eabi/5.4.1/../../../../arm-none-eabi/lib/armv7-m/libcr_newlib_semihost.a(_cr_check_heap.o)

.debug_str      0x0000000000000000     0xf91d
 .debug_str     0x0000000000000000     0x335d ./src/cr_startup_lpc17.o
                                       0x34be (size before relaxing)
 .debug_str     0x000000000000335d     0x6e90 ./src/main.o
                                       0xa22b (size before relaxing)
 .debug_str     0x000000000000a1ed     0x1b1d /Users/solderneer/Documents/Projects/EE2028-labs/Lib_CMSISv1p30_LPC17xx/Debug/libCMSISv1p30_LPC17xx.a(system_LPC17xx.o)
                                       0x7fee (size before relaxing)
 .debug_str     0x000000000000bd0a      0x506 /Users/solderneer/Documents/Projects/EE2028-labs/Lib_EaBaseBoard/Debug/libLib_EaBaseBoard.a(acc.o)
                                       0x8b46 (size before relaxing)
 .debug_str     0x000000000000c210       0xd8 /Users/solderneer/Documents/Projects/EE2028-labs/Lib_EaBaseBoard/Debug/libLib_EaBaseBoard.a(led7seg.o)
                                       0x90e9 (size before relaxing)
 .debug_str     0x000000000000c2e8      0x334 /Users/solderneer/Documents/Projects/EE2028-labs/Lib_EaBaseBoard/Debug/libLib_EaBaseBoard.a(oled.o)
                                       0x9c6a (size before relaxing)
 .debug_str     0x000000000000c61c      0x341 /Users/solderneer/Documents/Projects/EE2028-labs/Lib_EaBaseBoard/Debug/libLib_EaBaseBoard.a(pca9532.o)
                                       0x8ae3 (size before relaxing)
 .debug_str     0x000000000000c95d       0xf7 /Users/solderneer/Documents/Projects/EE2028-labs/Lib_EaBaseBoard/Debug/libLib_EaBaseBoard.a(temp.o)
                                       0x80a5 (size before relaxing)
 .debug_str     0x000000000000ca54      0xe21 /Users/solderneer/Documents/Projects/EE2028-labs/Lib_EaBaseBoard/Debug/libLib_EaBaseBoard.a(font5x7.o)
                                       0x32cb (size before relaxing)
 .debug_str     0x000000000000d875      0x4d9 /Users/solderneer/Documents/Projects/EE2028-labs/Lib_MCU/Debug/libLib_MCU.a(lpc17xx_gpio.o)
                                       0x8441 (size before relaxing)
 .debug_str     0x000000000000dd4e     0x1521 /Users/solderneer/Documents/Projects/EE2028-labs/Lib_MCU/Debug/libLib_MCU.a(lpc17xx_i2c.o)
                                       0xa4c4 (size before relaxing)
 .debug_str     0x000000000000f26f      0x214 /Users/solderneer/Documents/Projects/EE2028-labs/Lib_MCU/Debug/libLib_MCU.a(lpc17xx_pinsel.o)
                                       0x8485 (size before relaxing)
 .debug_str     0x000000000000f483      0x211 /Users/solderneer/Documents/Projects/EE2028-labs/Lib_MCU/Debug/libLib_MCU.a(lpc17xx_ssp.o)
                                       0xa431 (size before relaxing)
 .debug_str     0x000000000000f694       0xcb /Users/solderneer/Documents/Projects/EE2028-labs/Lib_MCU/Debug/libLib_MCU.a(lpc17xx_clkpwr.o)
                                       0x91e2 (size before relaxing)
 .debug_str     0x000000000000f75f      0x199 /Applications/lpcxpresso_8.2.2_650/lpcxpresso/tools/bin/../lib/gcc/arm-none-eabi/5.4.1/../../../../arm-none-eabi/lib/armv7-m/libcr_newlib_semihost.a(_cr_sbrk.o)
                                        0x22b (size before relaxing)
 .debug_str     0x000000000000f8f8       0x25 /Applications/lpcxpresso_8.2.2_650/lpcxpresso/tools/bin/../lib/gcc/arm-none-eabi/5.4.1/../../../../arm-none-eabi/lib/armv7-m/libcr_newlib_semihost.a(_cr_check_heap.o)
                                        0x16d (size before relaxing)

.comment        0x0000000000000000       0xdc
 .comment       0x0000000000000000       0x6e ./src/cr_startup_lpc17.o
                                         0x6f (size before relaxing)
 .comment       0x000000000000006e       0x6f ./src/main.o
 .comment       0x000000000000006e       0x6f /Users/solderneer/Documents/Projects/EE2028-labs/Lib_CMSISv1p30_LPC17xx/Debug/libCMSISv1p30_LPC17xx.a(system_LPC17xx.o)
 .comment       0x000000000000006e       0x6f /Users/solderneer/Documents/Projects/EE2028-labs/Lib_EaBaseBoard/Debug/libLib_EaBaseBoard.a(acc.o)
 .comment       0x000000000000006e       0x6f /Users/solderneer/Documents/Projects/EE2028-labs/Lib_EaBaseBoard/Debug/libLib_EaBaseBoard.a(led7seg.o)
 .comment       0x000000000000006e       0x6f /Users/solderneer/Documents/Projects/EE2028-labs/Lib_EaBaseBoard/Debug/libLib_EaBaseBoard.a(oled.o)
 .comment       0x000000000000006e       0x6f /Users/solderneer/Documents/Projects/EE2028-labs/Lib_EaBaseBoard/Debug/libLib_EaBaseBoard.a(pca9532.o)
 .comment       0x000000000000006e       0x6f /Users/solderneer/Documents/Projects/EE2028-labs/Lib_EaBaseBoard/Debug/libLib_EaBaseBoard.a(temp.o)
 .comment       0x000000000000006e       0x6f /Users/solderneer/Documents/Projects/EE2028-labs/Lib_EaBaseBoard/Debug/libLib_EaBaseBoard.a(font5x7.o)
 .comment       0x000000000000006e       0x6f /Users/solderneer/Documents/Projects/EE2028-labs/Lib_MCU/Debug/libLib_MCU.a(lpc17xx_gpio.o)
 .comment       0x000000000000006e       0x6f /Users/solderneer/Documents/Projects/EE2028-labs/Lib_MCU/Debug/libLib_MCU.a(lpc17xx_i2c.o)
 .comment       0x000000000000006e       0x6f /Users/solderneer/Documents/Projects/EE2028-labs/Lib_MCU/Debug/libLib_MCU.a(lpc17xx_pinsel.o)
 .comment       0x000000000000006e       0x6f /Users/solderneer/Documents/Projects/EE2028-labs/Lib_MCU/Debug/libLib_MCU.a(lpc17xx_ssp.o)
 .comment       0x000000000000006e       0x6f /Users/solderneer/Documents/Projects/EE2028-labs/Lib_MCU/Debug/libLib_MCU.a(lpc17xx_clkpwr.o)
 .comment       0x000000000000006e       0x6e /Applications/lpcxpresso_8.2.2_650/lpcxpresso/tools/bin/../lib/gcc/arm-none-eabi/5.4.1/../../../../arm-none-eabi/lib/armv7-m/libcr_newlib_semihost.a(_cr_sbrk.o)
                                         0x6f (size before relaxing)
 .comment       0x00000000000000dc       0x6f /Applications/lpcxpresso_8.2.2_650/lpcxpresso/tools/bin/../lib/gcc/arm-none-eabi/5.4.1/../../../../arm-none-eabi/lib/armv7-m/libcr_newlib_semihost.a(_cr_check_heap.o)

.ARM.attributes
                0x0000000000000000       0x31
 .ARM.attributes
                0x0000000000000000       0x33 ./src/cr_startup_lpc17.o
 .ARM.attributes
                0x0000000000000033       0x33 ./src/main.o
 .ARM.attributes
                0x0000000000000066       0x33 /Users/solderneer/Documents/Projects/EE2028-labs/Lib_CMSISv1p30_LPC17xx/Debug/libCMSISv1p30_LPC17xx.a(system_LPC17xx.o)
 .ARM.attributes
                0x0000000000000099       0x33 /Users/solderneer/Documents/Projects/EE2028-labs/Lib_EaBaseBoard/Debug/libLib_EaBaseBoard.a(acc.o)
 .ARM.attributes
                0x00000000000000cc       0x33 /Users/solderneer/Documents/Projects/EE2028-labs/Lib_EaBaseBoard/Debug/libLib_EaBaseBoard.a(led7seg.o)
 .ARM.attributes
                0x00000000000000ff       0x33 /Users/solderneer/Documents/Projects/EE2028-labs/Lib_EaBaseBoard/Debug/libLib_EaBaseBoard.a(oled.o)
 .ARM.attributes
                0x0000000000000132       0x33 /Users/solderneer/Documents/Projects/EE2028-labs/Lib_EaBaseBoard/Debug/libLib_EaBaseBoard.a(pca9532.o)
 .ARM.attributes
                0x0000000000000165       0x33 /Users/solderneer/Documents/Projects/EE2028-labs/Lib_EaBaseBoard/Debug/libLib_EaBaseBoard.a(temp.o)
 .ARM.attributes
                0x0000000000000198       0x33 /Users/solderneer/Documents/Projects/EE2028-labs/Lib_EaBaseBoard/Debug/libLib_EaBaseBoard.a(font5x7.o)
 .ARM.attributes
                0x00000000000001cb       0x33 /Users/solderneer/Documents/Projects/EE2028-labs/Lib_MCU/Debug/libLib_MCU.a(lpc17xx_gpio.o)
 .ARM.attributes
                0x00000000000001fe       0x33 /Users/solderneer/Documents/Projects/EE2028-labs/Lib_MCU/Debug/libLib_MCU.a(lpc17xx_i2c.o)
 .ARM.attributes
                0x0000000000000231       0x33 /Users/solderneer/Documents/Projects/EE2028-labs/Lib_MCU/Debug/libLib_MCU.a(lpc17xx_pinsel.o)
 .ARM.attributes
                0x0000000000000264       0x33 /Users/solderneer/Documents/Projects/EE2028-labs/Lib_MCU/Debug/libLib_MCU.a(lpc17xx_ssp.o)
 .ARM.attributes
                0x0000000000000297       0x33 /Users/solderneer/Documents/Projects/EE2028-labs/Lib_MCU/Debug/libLib_MCU.a(lpc17xx_clkpwr.o)
 .ARM.attributes
                0x00000000000002ca       0x1d /Applications/lpcxpresso_8.2.2_650/lpcxpresso/tools/bin/../lib/gcc/arm-none-eabi/5.4.1/armv7-m/libgcc.a(_aeabi_uldivmod.o)
 .ARM.attributes
                0x00000000000002e7       0x2d /Applications/lpcxpresso_8.2.2_650/lpcxpresso/tools/bin/../lib/gcc/arm-none-eabi/5.4.1/armv7-m/libgcc.a(_udivmoddi4.o)
 .ARM.attributes
                0x0000000000000314       0x1d /Applications/lpcxpresso_8.2.2_650/lpcxpresso/tools/bin/../lib/gcc/arm-none-eabi/5.4.1/armv7-m/libgcc.a(_dvmd_tls.o)
 .ARM.attributes
                0x0000000000000331       0x2d /Applications/lpcxpresso_8.2.2_650/lpcxpresso/tools/bin/../lib/gcc/arm-none-eabi/5.4.1/../../../../arm-none-eabi/lib/armv7-m/libc.a(lib_a-memset.o)
 .ARM.attributes
                0x000000000000035e       0x2d /Applications/lpcxpresso_8.2.2_650/lpcxpresso/tools/bin/../lib/gcc/arm-none-eabi/5.4.1/../../../../arm-none-eabi/lib/armv7-m/libc.a(lib_a-sprintf.o)
 .ARM.attributes
                0x000000000000038b       0x2d /Applications/lpcxpresso_8.2.2_650/lpcxpresso/tools/bin/../lib/gcc/arm-none-eabi/5.4.1/../../../../arm-none-eabi/lib/armv7-m/libc.a(lib_a-svfprintf.o)
 .ARM.attributes
                0x00000000000003b8       0x2d /Applications/lpcxpresso_8.2.2_650/lpcxpresso/tools/bin/../lib/gcc/arm-none-eabi/5.4.1/../../../../arm-none-eabi/lib/armv7-m/libc.a(lib_a-dtoa.o)
 .ARM.attributes
                0x00000000000003e5       0x2d /Applications/lpcxpresso_8.2.2_650/lpcxpresso/tools/bin/../lib/gcc/arm-none-eabi/5.4.1/../../../../arm-none-eabi/lib/armv7-m/libc.a(lib_a-impure.o)
 .ARM.attributes
                0x0000000000000412       0x2d /Applications/lpcxpresso_8.2.2_650/lpcxpresso/tools/bin/../lib/gcc/arm-none-eabi/5.4.1/../../../../arm-none-eabi/lib/armv7-m/libc.a(lib_a-locale.o)
 .ARM.attributes
                0x000000000000043f       0x2d /Applications/lpcxpresso_8.2.2_650/lpcxpresso/tools/bin/../lib/gcc/arm-none-eabi/5.4.1/../../../../arm-none-eabi/lib/armv7-m/libc.a(lib_a-mallocr.o)
 .ARM.attributes
                0x000000000000046c       0x2d /Applications/lpcxpresso_8.2.2_650/lpcxpresso/tools/bin/../lib/gcc/arm-none-eabi/5.4.1/../../../../arm-none-eabi/lib/armv7-m/libc.a(lib_a-memchr-stub.o)
 .ARM.attributes
                0x0000000000000499       0x1b /Applications/lpcxpresso_8.2.2_650/lpcxpresso/tools/bin/../lib/gcc/arm-none-eabi/5.4.1/../../../../arm-none-eabi/lib/armv7-m/libc.a(lib_a-memcpy.o)
 .ARM.attributes
                0x00000000000004b4       0x2d /Applications/lpcxpresso_8.2.2_650/lpcxpresso/tools/bin/../lib/gcc/arm-none-eabi/5.4.1/../../../../arm-none-eabi/lib/armv7-m/libc.a(lib_a-mlock.o)
 .ARM.attributes
                0x00000000000004e1       0x2d /Applications/lpcxpresso_8.2.2_650/lpcxpresso/tools/bin/../lib/gcc/arm-none-eabi/5.4.1/../../../../arm-none-eabi/lib/armv7-m/libc.a(lib_a-mprec.o)
 .ARM.attributes
                0x000000000000050e       0x2d /Applications/lpcxpresso_8.2.2_650/lpcxpresso/tools/bin/../lib/gcc/arm-none-eabi/5.4.1/../../../../arm-none-eabi/lib/armv7-m/libc.a(lib_a-sbrkr.o)
 .ARM.attributes
                0x000000000000053b       0x2d /Applications/lpcxpresso_8.2.2_650/lpcxpresso/tools/bin/../lib/gcc/arm-none-eabi/5.4.1/../../../../arm-none-eabi/lib/armv7-m/libc.a(lib_a-strlen-stub.o)
 .ARM.attributes
                0x0000000000000568       0x2d /Applications/lpcxpresso_8.2.2_650/lpcxpresso/tools/bin/../lib/gcc/arm-none-eabi/5.4.1/../../../../arm-none-eabi/lib/armv7-m/libc.a(lib_a-svfiprintf.o)
 .ARM.attributes
                0x0000000000000595       0x2d /Applications/lpcxpresso_8.2.2_650/lpcxpresso/tools/bin/../lib/gcc/arm-none-eabi/5.4.1/../../../../arm-none-eabi/lib/armv7-m/libc.a(lib_a-callocr.o)
 .ARM.attributes
                0x00000000000005c2       0x2d /Applications/lpcxpresso_8.2.2_650/lpcxpresso/tools/bin/../lib/gcc/arm-none-eabi/5.4.1/../../../../arm-none-eabi/lib/armv7-m/libc.a(lib_a-freer.o)
 .ARM.attributes
                0x00000000000005ef       0x2d /Applications/lpcxpresso_8.2.2_650/lpcxpresso/tools/bin/../lib/gcc/arm-none-eabi/5.4.1/../../../../arm-none-eabi/lib/armv7-m/libc.a(lib_a-memmove.o)
 .ARM.attributes
                0x000000000000061c       0x2d /Applications/lpcxpresso_8.2.2_650/lpcxpresso/tools/bin/../lib/gcc/arm-none-eabi/5.4.1/../../../../arm-none-eabi/lib/armv7-m/libc.a(lib_a-reallocr.o)
 .ARM.attributes
                0x0000000000000649       0x2d /Applications/lpcxpresso_8.2.2_650/lpcxpresso/tools/bin/../lib/gcc/arm-none-eabi/5.4.1/../../../../arm-none-eabi/lib/armv7-m/libc.a(lib_a-reent.o)
 .ARM.attributes
                0x0000000000000676       0x33 /Applications/lpcxpresso_8.2.2_650/lpcxpresso/tools/bin/../lib/gcc/arm-none-eabi/5.4.1/../../../../arm-none-eabi/lib/armv7-m/libcr_newlib_semihost.a(_cr_sbrk.o)
 .ARM.attributes
                0x00000000000006a9       0x33 /Applications/lpcxpresso_8.2.2_650/lpcxpresso/tools/bin/../lib/gcc/arm-none-eabi/5.4.1/../../../../arm-none-eabi/lib/armv7-m/libcr_newlib_semihost.a(_cr_check_heap.o)
 .ARM.attributes
                0x00000000000006dc       0x1d /Applications/lpcxpresso_8.2.2_650/lpcxpresso/tools/bin/../lib/gcc/arm-none-eabi/5.4.1/armv7-m/libgcc.a(_arm_addsubdf3.o)
 .ARM.attributes
                0x00000000000006f9       0x1d /Applications/lpcxpresso_8.2.2_650/lpcxpresso/tools/bin/../lib/gcc/arm-none-eabi/5.4.1/armv7-m/libgcc.a(_arm_muldivdf3.o)
 .ARM.attributes
                0x0000000000000716       0x1d /Applications/lpcxpresso_8.2.2_650/lpcxpresso/tools/bin/../lib/gcc/arm-none-eabi/5.4.1/armv7-m/libgcc.a(_arm_cmpdf2.o)
 .ARM.attributes
                0x0000000000000733       0x1d /Applications/lpcxpresso_8.2.2_650/lpcxpresso/tools/bin/../lib/gcc/arm-none-eabi/5.4.1/armv7-m/libgcc.a(_arm_unorddf2.o)
 .ARM.attributes
                0x0000000000000750       0x1d /Applications/lpcxpresso_8.2.2_650/lpcxpresso/tools/bin/../lib/gcc/arm-none-eabi/5.4.1/armv7-m/libgcc.a(_arm_fixdfsi.o)
 .ARM.attributes
                0x000000000000076d       0x2d /Applications/lpcxpresso_8.2.2_650/lpcxpresso/tools/bin/../lib/gcc/arm-none-eabi/5.4.1/../../../../arm-none-eabi/lib/armv7-m/libc.a(lib_a-errno.o)

.debug_frame    0x0000000000000000     0x1d34
 .debug_frame   0x0000000000000000      0x120 ./src/cr_startup_lpc17.o
 .debug_frame   0x0000000000000120      0x190 ./src/main.o
 .debug_frame   0x00000000000002b0       0x64 /Users/solderneer/Documents/Projects/EE2028-labs/Lib_CMSISv1p30_LPC17xx/Debug/libCMSISv1p30_LPC17xx.a(system_LPC17xx.o)
 .debug_frame   0x0000000000000314      0x14c /Users/solderneer/Documents/Projects/EE2028-labs/Lib_EaBaseBoard/Debug/libLib_EaBaseBoard.a(acc.o)
 .debug_frame   0x0000000000000460       0x50 /Users/solderneer/Documents/Projects/EE2028-labs/Lib_EaBaseBoard/Debug/libLib_EaBaseBoard.a(led7seg.o)
 .debug_frame   0x00000000000004b0      0x244 /Users/solderneer/Documents/Projects/EE2028-labs/Lib_EaBaseBoard/Debug/libLib_EaBaseBoard.a(oled.o)
 .debug_frame   0x00000000000006f4      0x1e8 /Users/solderneer/Documents/Projects/EE2028-labs/Lib_EaBaseBoard/Debug/libLib_EaBaseBoard.a(pca9532.o)
 .debug_frame   0x00000000000008dc       0x58 /Users/solderneer/Documents/Projects/EE2028-labs/Lib_EaBaseBoard/Debug/libLib_EaBaseBoard.a(temp.o)
 .debug_frame   0x0000000000000934      0x344 /Users/solderneer/Documents/Projects/EE2028-labs/Lib_MCU/Debug/libLib_MCU.a(lpc17xx_gpio.o)
 .debug_frame   0x0000000000000c78      0x35c /Users/solderneer/Documents/Projects/EE2028-labs/Lib_MCU/Debug/libLib_MCU.a(lpc17xx_i2c.o)
 .debug_frame   0x0000000000000fd4       0xfc /Users/solderneer/Documents/Projects/EE2028-labs/Lib_MCU/Debug/libLib_MCU.a(lpc17xx_pinsel.o)
 .debug_frame   0x00000000000010d0      0x2e0 /Users/solderneer/Documents/Projects/EE2028-labs/Lib_MCU/Debug/libLib_MCU.a(lpc17xx_ssp.o)
 .debug_frame   0x00000000000013b0      0x13c /Users/solderneer/Documents/Projects/EE2028-labs/Lib_MCU/Debug/libLib_MCU.a(lpc17xx_clkpwr.o)
 .debug_frame   0x00000000000014ec       0x2c /Applications/lpcxpresso_8.2.2_650/lpcxpresso/tools/bin/../lib/gcc/arm-none-eabi/5.4.1/armv7-m/libgcc.a(_aeabi_uldivmod.o)
 .debug_frame   0x0000000000001518       0x38 /Applications/lpcxpresso_8.2.2_650/lpcxpresso/tools/bin/../lib/gcc/arm-none-eabi/5.4.1/armv7-m/libgcc.a(_udivmoddi4.o)
 .debug_frame   0x0000000000001550       0x34 /Applications/lpcxpresso_8.2.2_650/lpcxpresso/tools/bin/../lib/gcc/arm-none-eabi/5.4.1/../../../../arm-none-eabi/lib/armv7-m/libc.a(lib_a-memset.o)
 .debug_frame   0x0000000000001584       0x84 /Applications/lpcxpresso_8.2.2_650/lpcxpresso/tools/bin/../lib/gcc/arm-none-eabi/5.4.1/../../../../arm-none-eabi/lib/armv7-m/libc.a(lib_a-sprintf.o)
 .debug_frame   0x0000000000001608       0x44 /Applications/lpcxpresso_8.2.2_650/lpcxpresso/tools/bin/../lib/gcc/arm-none-eabi/5.4.1/../../../../arm-none-eabi/lib/armv7-m/libc.a(lib_a-svfprintf.o)
 .debug_frame   0x000000000000164c       0x84 /Applications/lpcxpresso_8.2.2_650/lpcxpresso/tools/bin/../lib/gcc/arm-none-eabi/5.4.1/../../../../arm-none-eabi/lib/armv7-m/libc.a(lib_a-dtoa.o)
 .debug_frame   0x00000000000016d0       0x9c /Applications/lpcxpresso_8.2.2_650/lpcxpresso/tools/bin/../lib/gcc/arm-none-eabi/5.4.1/../../../../arm-none-eabi/lib/armv7-m/libc.a(lib_a-locale.o)
 .debug_frame   0x000000000000176c       0x54 /Applications/lpcxpresso_8.2.2_650/lpcxpresso/tools/bin/../lib/gcc/arm-none-eabi/5.4.1/../../../../arm-none-eabi/lib/armv7-m/libc.a(lib_a-mallocr.o)
 .debug_frame   0x00000000000017c0       0x34 /Applications/lpcxpresso_8.2.2_650/lpcxpresso/tools/bin/../lib/gcc/arm-none-eabi/5.4.1/../../../../arm-none-eabi/lib/armv7-m/libc.a(lib_a-memchr-stub.o)
 .debug_frame   0x00000000000017f4       0x30 /Applications/lpcxpresso_8.2.2_650/lpcxpresso/tools/bin/../lib/gcc/arm-none-eabi/5.4.1/../../../../arm-none-eabi/lib/armv7-m/libc.a(lib_a-mlock.o)
 .debug_frame   0x0000000000001824      0x264 /Applications/lpcxpresso_8.2.2_650/lpcxpresso/tools/bin/../lib/gcc/arm-none-eabi/5.4.1/../../../../arm-none-eabi/lib/armv7-m/libc.a(lib_a-mprec.o)
 .debug_frame   0x0000000000001a88       0x2c /Applications/lpcxpresso_8.2.2_650/lpcxpresso/tools/bin/../lib/gcc/arm-none-eabi/5.4.1/../../../../arm-none-eabi/lib/armv7-m/libc.a(lib_a-sbrkr.o)
 .debug_frame   0x0000000000001ab4       0x20 /Applications/lpcxpresso_8.2.2_650/lpcxpresso/tools/bin/../lib/gcc/arm-none-eabi/5.4.1/../../../../arm-none-eabi/lib/armv7-m/libc.a(lib_a-strlen-stub.o)
 .debug_frame   0x0000000000001ad4       0x78 /Applications/lpcxpresso_8.2.2_650/lpcxpresso/tools/bin/../lib/gcc/arm-none-eabi/5.4.1/../../../../arm-none-eabi/lib/armv7-m/libc.a(lib_a-svfiprintf.o)
 .debug_frame   0x0000000000001b4c       0x28 /Applications/lpcxpresso_8.2.2_650/lpcxpresso/tools/bin/../lib/gcc/arm-none-eabi/5.4.1/../../../../arm-none-eabi/lib/armv7-m/libc.a(lib_a-callocr.o)
 .debug_frame   0x0000000000001b74       0x74 /Applications/lpcxpresso_8.2.2_650/lpcxpresso/tools/bin/../lib/gcc/arm-none-eabi/5.4.1/../../../../arm-none-eabi/lib/armv7-m/libc.a(lib_a-freer.o)
 .debug_frame   0x0000000000001be8       0x30 /Applications/lpcxpresso_8.2.2_650/lpcxpresso/tools/bin/../lib/gcc/arm-none-eabi/5.4.1/../../../../arm-none-eabi/lib/armv7-m/libc.a(lib_a-memmove.o)
 .debug_frame   0x0000000000001c18       0x58 /Applications/lpcxpresso_8.2.2_650/lpcxpresso/tools/bin/../lib/gcc/arm-none-eabi/5.4.1/../../../../arm-none-eabi/lib/armv7-m/libc.a(lib_a-reallocr.o)
 .debug_frame   0x0000000000001c70       0x58 /Applications/lpcxpresso_8.2.2_650/lpcxpresso/tools/bin/../lib/gcc/arm-none-eabi/5.4.1/../../../../arm-none-eabi/lib/armv7-m/libc.a(lib_a-reent.o)
 .debug_frame   0x0000000000001cc8       0x2c /Applications/lpcxpresso_8.2.2_650/lpcxpresso/tools/bin/../lib/gcc/arm-none-eabi/5.4.1/../../../../arm-none-eabi/lib/armv7-m/libcr_newlib_semihost.a(_cr_sbrk.o)
 .debug_frame   0x0000000000001cf4       0x20 /Applications/lpcxpresso_8.2.2_650/lpcxpresso/tools/bin/../lib/gcc/arm-none-eabi/5.4.1/../../../../arm-none-eabi/lib/armv7-m/libcr_newlib_semihost.a(_cr_check_heap.o)
 .debug_frame   0x0000000000001d14       0x20 /Applications/lpcxpresso_8.2.2_650/lpcxpresso/tools/bin/../lib/gcc/arm-none-eabi/5.4.1/../../../../arm-none-eabi/lib/armv7-m/libc.a(lib_a-errno.o)

.debug_loc      0x0000000000000000       0x81
 .debug_loc     0x0000000000000000       0x47 /Applications/lpcxpresso_8.2.2_650/lpcxpresso/tools/bin/../lib/gcc/arm-none-eabi/5.4.1/../../../../arm-none-eabi/lib/armv7-m/libcr_newlib_semihost.a(_cr_sbrk.o)
 .debug_loc     0x0000000000000047       0x3a /Applications/lpcxpresso_8.2.2_650/lpcxpresso/tools/bin/../lib/gcc/arm-none-eabi/5.4.1/../../../../arm-none-eabi/lib/armv7-m/libcr_newlib_semihost.a(_cr_check_heap.o)
